Archive member included to satisfy reference by file (symbol)

/usr/lib/gcc/arm-none-eabi/9.2.1/thumb/v6-m/nofp/libgcc.a(_dvmd_tls.o)
                              CMakeFiles/PicoWebServer.dir/home/varad/pico/pico-sdk/src/rp2_common/pico_divider/divider.S.obj (__aeabi_idiv0)
/usr/lib/gcc/arm-none-eabi/9.2.1/../../../arm-none-eabi/lib/thumb/v6-m/nofp/libc.a(lib_a-atexit.o)
                              /usr/lib/gcc/arm-none-eabi/9.2.1/../../../arm-none-eabi/lib/thumb/v6-m/nofp/crt0.o (atexit)
/usr/lib/gcc/arm-none-eabi/9.2.1/../../../arm-none-eabi/lib/thumb/v6-m/nofp/libc.a(lib_a-calloc.o)
                              CMakeFiles/PicoWebServer.dir/home/varad/pico/pico-sdk/src/rp2_common/pico_malloc/pico_malloc.c.obj (calloc)
/usr/lib/gcc/arm-none-eabi/9.2.1/../../../arm-none-eabi/lib/thumb/v6-m/nofp/libc.a(lib_a-callocr.o)
                              /usr/lib/gcc/arm-none-eabi/9.2.1/../../../arm-none-eabi/lib/thumb/v6-m/nofp/libc.a(lib_a-calloc.o) (_calloc_r)
/usr/lib/gcc/arm-none-eabi/9.2.1/../../../arm-none-eabi/lib/thumb/v6-m/nofp/libc.a(lib_a-fini.o)
                              /usr/lib/gcc/arm-none-eabi/9.2.1/../../../arm-none-eabi/lib/thumb/v6-m/nofp/crt0.o (__libc_fini_array)
/usr/lib/gcc/arm-none-eabi/9.2.1/../../../arm-none-eabi/lib/thumb/v6-m/nofp/libc.a(lib_a-impure.o)
                              /usr/lib/gcc/arm-none-eabi/9.2.1/../../../arm-none-eabi/lib/thumb/v6-m/nofp/libc.a(lib_a-calloc.o) (_impure_ptr)
/usr/lib/gcc/arm-none-eabi/9.2.1/../../../arm-none-eabi/lib/thumb/v6-m/nofp/libc.a(lib_a-init.o)
                              /usr/lib/gcc/arm-none-eabi/9.2.1/../../../arm-none-eabi/lib/thumb/v6-m/nofp/crt0.o (__libc_init_array)
/usr/lib/gcc/arm-none-eabi/9.2.1/../../../arm-none-eabi/lib/thumb/v6-m/nofp/libc.a(lib_a-malloc.o)
                              CMakeFiles/PicoWebServer.dir/home/varad/pico/pico-sdk/src/rp2_common/pico_malloc/pico_malloc.c.obj (malloc)
/usr/lib/gcc/arm-none-eabi/9.2.1/../../../arm-none-eabi/lib/thumb/v6-m/nofp/libc.a(lib_a-mallocr.o)
                              /usr/lib/gcc/arm-none-eabi/9.2.1/../../../arm-none-eabi/lib/thumb/v6-m/nofp/libc.a(lib_a-callocr.o) (_malloc_r)
/usr/lib/gcc/arm-none-eabi/9.2.1/../../../arm-none-eabi/lib/thumb/v6-m/nofp/libc.a(lib_a-mlock.o)
                              /usr/lib/gcc/arm-none-eabi/9.2.1/../../../arm-none-eabi/lib/thumb/v6-m/nofp/libc.a(lib_a-mallocr.o) (__malloc_lock)
/usr/lib/gcc/arm-none-eabi/9.2.1/../../../arm-none-eabi/lib/thumb/v6-m/nofp/libc.a(lib_a-sbrkr.o)
                              /usr/lib/gcc/arm-none-eabi/9.2.1/../../../arm-none-eabi/lib/thumb/v6-m/nofp/libc.a(lib_a-mallocr.o) (_sbrk_r)
/usr/lib/gcc/arm-none-eabi/9.2.1/../../../arm-none-eabi/lib/thumb/v6-m/nofp/libc.a(lib_a-strcat.o)
                              CMakeFiles/PicoWebServer.dir/PicoWebServer.cpp.obj (strcat)
/usr/lib/gcc/arm-none-eabi/9.2.1/../../../arm-none-eabi/lib/thumb/v6-m/nofp/libc.a(lib_a-strcpy.o)
                              CMakeFiles/PicoWebServer.dir/PicoWebServer.cpp.obj (strcpy)
/usr/lib/gcc/arm-none-eabi/9.2.1/../../../arm-none-eabi/lib/thumb/v6-m/nofp/libc.a(lib_a-strlen-stub.o)
                              CMakeFiles/PicoWebServer.dir/home/varad/pico/pico-sdk/src/rp2_common/pico_stdio/stdio.c.obj (strlen)
/usr/lib/gcc/arm-none-eabi/9.2.1/../../../arm-none-eabi/lib/thumb/v6-m/nofp/libc.a(lib_a-__atexit.o)
                              /usr/lib/gcc/arm-none-eabi/9.2.1/../../../arm-none-eabi/lib/thumb/v6-m/nofp/libc.a(lib_a-atexit.o) (__register_exitproc)
/usr/lib/gcc/arm-none-eabi/9.2.1/../../../arm-none-eabi/lib/thumb/v6-m/nofp/libc.a(lib_a-freer.o)
                              /usr/lib/gcc/arm-none-eabi/9.2.1/../../../arm-none-eabi/lib/thumb/v6-m/nofp/libc.a(lib_a-malloc.o) (_free_r)
/usr/lib/gcc/arm-none-eabi/9.2.1/../../../arm-none-eabi/lib/thumb/v6-m/nofp/libc.a(lib_a-reent.o)
                              /usr/lib/gcc/arm-none-eabi/9.2.1/../../../arm-none-eabi/lib/thumb/v6-m/nofp/libc.a(lib_a-sbrkr.o) (errno)

Allocating common symbols
Common symbol       size              file

sf_table            0x100             CMakeFiles/PicoWebServer.dir/home/varad/pico/pico-sdk/src/rp2_common/pico_float/float_init_rom.c.obj
errno               0x4               /usr/lib/gcc/arm-none-eabi/9.2.1/../../../arm-none-eabi/lib/thumb/v6-m/nofp/libc.a(lib_a-reent.o)
_usbd_qdef_buf      0xc0              CMakeFiles/PicoWebServer.dir/home/varad/pico/pico-sdk/lib/tinyusb/src/device/usbd.c.obj
sf_clz_func         0x4               CMakeFiles/PicoWebServer.dir/home/varad/pico/pico-sdk/src/rp2_common/pico_float/float_init_rom.c.obj
sd_table            0x100             CMakeFiles/PicoWebServer.dir/home/varad/pico/pico-sdk/src/rp2_common/pico_double/double_init_rom.c.obj
uart_char_to_line_feed
                    0x4               CMakeFiles/PicoWebServer.dir/home/varad/pico/pico-sdk/src/rp2_common/hardware_uart/uart.c.obj

Discarded input sections

[...]
Memory Configuration

Name             Origin             Length             Attributes
FLASH            0x0000000010000000 0x0000000000200000 xr
RAM              0x0000000020000000 0x0000000000040000 xrw
SCRATCH_X        0x0000000020040000 0x0000000000001000 xrw
SCRATCH_Y        0x0000000020041000 0x0000000000001000 xrw
*default*        0x0000000000000000 0xffffffffffffffff

Linker script and memory map

LOAD /usr/lib/gcc/arm-none-eabi/9.2.1/thumb/v6-m/nofp/crti.o
LOAD /usr/lib/gcc/arm-none-eabi/9.2.1/thumb/v6-m/nofp/crtbegin.o
LOAD /usr/lib/gcc/arm-none-eabi/9.2.1/../../../arm-none-eabi/lib/thumb/v6-m/nofp/crt0.o

.flash_begin    0x0000000010000000        0x0
                0x0000000010000000                __flash_binary_start = .

.boot2          0x0000000010000000      0x100
                0x0000000010000000                __boot2_start__ = .
 *(.boot2)
 .boot2         0x0000000010000000      0x100 /tmp/ccnB3IaR.o
                0x0000000010000100                __boot2_end__ = .
                0x0000000000000001                ASSERT (((__boot2_end__ - __boot2_start__) == 0x100), ERROR: Pico second stage bootloader must be 256 bytes in size)

.text           0x0000000010000100     0x6ee8
                0x0000000010000100                __logical_binary_start = .
 *(.vectors)
 .vectors       0x0000000010000100       0xd4 CMakeFiles/PicoWebServer.dir/home/varad/pico/pico-sdk/src/rp2_common/pico_standard_link/crt0.S.obj
                0x0000000010000100                __vectors
                0x0000000010000100                __VECTOR_TABLE
                0x00000000100001c0                isr_invalid
                0x00000000100001c0                __default_isrs_start
                0x00000000100001c2                isr_nmi
                0x00000000100001c4                isr_hardfault
                0x00000000100001c6                isr_svcall
                0x00000000100001c8                isr_pendsv
                0x00000000100001ca                isr_systick
                0x00000000100001cc                isr_irq30
                0x00000000100001cc                __unhandled_user_irq
                0x00000000100001cc                isr_irq13
                0x00000000100001cc                isr_irq27
                0x00000000100001cc                isr_irq31
                0x00000000100001cc                isr_irq5
                0x00000000100001cc                isr_irq11
                0x00000000100001cc                isr_irq23
                0x00000000100001cc                isr_irq18
                0x00000000100001cc                isr_irq28
                0x00000000100001cc                isr_irq19
                0x00000000100001cc                isr_irq0
                0x00000000100001cc                isr_irq6
                0x00000000100001cc                isr_irq22
                0x00000000100001cc                isr_irq17
                0x00000000100001cc                isr_irq14
                0x00000000100001cc                isr_irq2
                0x00000000100001cc                isr_irq10
                0x00000000100001cc                isr_irq8
                0x00000000100001cc                isr_irq24
                0x00000000100001cc                isr_irq1
                0x00000000100001cc                isr_irq7
                0x00000000100001cc                isr_irq21
                0x00000000100001cc                isr_irq20
                0x00000000100001cc                isr_irq15
                0x00000000100001cc                isr_irq25
                0x00000000100001cc                isr_irq4
                0x00000000100001cc                isr_irq16
                0x00000000100001cc                isr_irq29
                0x00000000100001cc                isr_irq26
                0x00000000100001cc                __default_isrs_end
                0x00000000100001cc                isr_irq3
                0x00000000100001cc                isr_irq12
                0x00000000100001cc                isr_irq9
                0x00000000100001d2                unhandled_user_irq_num_in_r0
 *(.binary_info_header)
 .binary_info_header
                0x00000000100001d4       0x14 CMakeFiles/PicoWebServer.dir/home/varad/pico/pico-sdk/src/rp2_common/pico_standard_link/crt0.S.obj
                0x00000000100001e8                __binary_info_header_end = .
 *(.reset)
 .reset         0x00000000100001e8       0xa8 CMakeFiles/PicoWebServer.dir/home/varad/pico/pico-sdk/src/rp2_common/pico_standard_link/crt0.S.obj
                0x00000000100001e8                _entry_point
                0x0000000010000266                __get_current_exception
 .reset         0x0000000010000290       0x30 CMakeFiles/PicoWebServer.dir/home/varad/pico/pico-sdk/src/rp2_common/pico_standard_link/binary_info.c.obj
 *(.init)
 .init          0x00000000100002c0        0x4 /usr/lib/gcc/arm-none-eabi/9.2.1/thumb/v6-m/nofp/crti.o
                0x00000000100002c0                _init
 *(EXCLUDE_FILE(*libm.a: *libc.a:*lib_a-mem*.o *libgcc.a:) .text*)
 .text          0x00000000100002c4       0x98 /usr/lib/gcc/arm-none-eabi/9.2.1/thumb/v6-m/nofp/crtbegin.o
 .text._Z16sendCMD_waitRespPKci
                0x000000001000035c      0x138 CMakeFiles/PicoWebServer.dir/PicoWebServer.cpp.obj
                0x000000001000035c                sendCMD_waitResp(char const*, int)
 .text.startup.main
                0x0000000010000494      0x178 CMakeFiles/PicoWebServer.dir/PicoWebServer.cpp.obj
                0x0000000010000494                main
 .text.gpio_set_function
                0x000000001000060c       0x30 CMakeFiles/PicoWebServer.dir/home/varad/pico/pico-sdk/src/rp2_common/hardware_gpio/gpio.c.obj
                0x000000001000060c                gpio_set_function
 .text.hw_claim_or_assert
                0x000000001000063c       0x48 CMakeFiles/PicoWebServer.dir/home/varad/pico/pico-sdk/src/rp2_common/hardware_claim/claim.c.obj
                0x000000001000063c                hw_claim_or_assert
 .text.hw_claim_unused_from_range
                0x0000000010000684       0x9c CMakeFiles/PicoWebServer.dir/home/varad/pico/pico-sdk/src/rp2_common/hardware_claim/claim.c.obj
                0x0000000010000684                hw_claim_unused_from_range
 .text.running_on_fpga
                0x0000000010000720       0x10 CMakeFiles/PicoWebServer.dir/home/varad/pico/pico-sdk/src/rp2_common/pico_platform/platform.c.obj
                0x0000000010000720                running_on_fpga
 .text.spin_locks_reset
                0x0000000010000730       0x1c CMakeFiles/PicoWebServer.dir/home/varad/pico/pico-sdk/src/rp2_common/hardware_sync/sync.c.obj
                0x0000000010000730                spin_locks_reset
 .text.next_striped_spin_lock_num
                0x000000001000074c       0x18 CMakeFiles/PicoWebServer.dir/home/varad/pico/pico-sdk/src/rp2_common/hardware_sync/sync.c.obj
                0x000000001000074c                next_striped_spin_lock_num
 .text.spin_lock_claim_unused
                0x0000000010000764       0x20 CMakeFiles/PicoWebServer.dir/home/varad/pico/pico-sdk/src/rp2_common/hardware_sync/sync.c.obj
                0x0000000010000764                spin_lock_claim_unused
 .text.uart_init
                0x0000000010000784       0xe4 CMakeFiles/PicoWebServer.dir/home/varad/pico/pico-sdk/src/rp2_common/hardware_uart/uart.c.obj
                0x0000000010000784                uart_init
 .text.timer_pool_entry_comparator
                0x0000000010000868       0x34 CMakeFiles/PicoWebServer.dir/home/varad/pico/pico-sdk/src/common/pico_time/time.c.obj
                0x0000000010000868                timer_pool_entry_comparator
 .text.sleep_until_callback
                0x000000001000089c       0x30 CMakeFiles/PicoWebServer.dir/home/varad/pico/pico-sdk/src/common/pico_time/time.c.obj
 .text.alarm_pool_add_alarm_at.constprop.0
                0x00000000100008cc      0x128 CMakeFiles/PicoWebServer.dir/home/varad/pico/pico-sdk/src/common/pico_time/time.c.obj
 .text.add_alarm_under_lock
                0x00000000100009f4      0x108 CMakeFiles/PicoWebServer.dir/home/varad/pico/pico-sdk/src/common/pico_time/time.c.obj
 .text.alarm_pool_alarm_callback
                0x0000000010000afc      0x1c8 CMakeFiles/PicoWebServer.dir/home/varad/pico/pico-sdk/src/common/pico_time/time.c.obj
 .text.alarm_pool_init_default
                0x0000000010000cc4       0x64 CMakeFiles/PicoWebServer.dir/home/varad/pico/pico-sdk/src/common/pico_time/time.c.obj
                0x0000000010000cc4                alarm_pool_init_default
 .text.alarm_pool_get_default
                0x0000000010000d28        0x8 CMakeFiles/PicoWebServer.dir/home/varad/pico/pico-sdk/src/common/pico_time/time.c.obj
                0x0000000010000d28                alarm_pool_get_default
 .text.alarm_pool_add_alarm_at
                0x0000000010000d30      0x1ac CMakeFiles/PicoWebServer.dir/home/varad/pico/pico-sdk/src/common/pico_time/time.c.obj
                0x0000000010000d30                alarm_pool_add_alarm_at
 .text.sleep_until
                0x0000000010000edc       0xac CMakeFiles/PicoWebServer.dir/home/varad/pico/pico-sdk/src/common/pico_time/time.c.obj
                0x0000000010000edc                sleep_until
 .text.sleep_ms
                0x0000000010000f88       0x38 CMakeFiles/PicoWebServer.dir/home/varad/pico/pico-sdk/src/common/pico_time/time.c.obj
                0x0000000010000f88                sleep_ms
 .text.best_effort_wfe_or_timeout
                0x0000000010000fc0       0xd4 CMakeFiles/PicoWebServer.dir/home/varad/pico/pico-sdk/src/common/pico_time/time.c.obj
                0x0000000010000fc0                best_effort_wfe_or_timeout
 .text.hardware_alarm_irq_handler
                0x0000000010001094       0xb8 CMakeFiles/PicoWebServer.dir/home/varad/pico/pico-sdk/src/rp2_common/hardware_timer/timer.c.obj
 .text.hardware_alarm_claim
                0x000000001000114c       0x18 CMakeFiles/PicoWebServer.dir/home/varad/pico/pico-sdk/src/rp2_common/hardware_timer/timer.c.obj
                0x000000001000114c                hardware_alarm_claim
 .text.time_us_64
                0x0000000010001164       0x14 CMakeFiles/PicoWebServer.dir/home/varad/pico/pico-sdk/src/rp2_common/hardware_timer/timer.c.obj
                0x0000000010001164                time_us_64
 .text.busy_wait_until
                0x0000000010001178       0x20 CMakeFiles/PicoWebServer.dir/home/varad/pico/pico-sdk/src/rp2_common/hardware_timer/timer.c.obj
                0x0000000010001178                busy_wait_until
 .text.hardware_alarm_set_callback
                0x0000000010001198       0x8c CMakeFiles/PicoWebServer.dir/home/varad/pico/pico-sdk/src/rp2_common/hardware_timer/timer.c.obj
                0x0000000010001198                hardware_alarm_set_callback
 .text.hardware_alarm_set_target
                0x0000000010001224       0xe4 CMakeFiles/PicoWebServer.dir/home/varad/pico/pico-sdk/src/rp2_common/hardware_timer/timer.c.obj
                0x0000000010001224                hardware_alarm_set_target
 .text.hardware_alarm_cancel
                0x0000000010001308       0x40 CMakeFiles/PicoWebServer.dir/home/varad/pico/pico-sdk/src/rp2_common/hardware_timer/timer.c.obj
                0x0000000010001308                hardware_alarm_cancel
 .text.lock_init
                0x0000000010001348       0x10 CMakeFiles/PicoWebServer.dir/home/varad/pico/pico-sdk/src/common/pico_sync/lock_core.c.obj
                0x0000000010001348                lock_init
 .text.mutex_init
                0x0000000010001358       0x1c CMakeFiles/PicoWebServer.dir/home/varad/pico/pico-sdk/src/common/pico_sync/mutex.c.obj
                0x0000000010001358                mutex_init
 .text.recursive_mutex_init
                0x0000000010001374       0x1c CMakeFiles/PicoWebServer.dir/home/varad/pico/pico-sdk/src/common/pico_sync/mutex.c.obj
                0x0000000010001374                recursive_mutex_init
 .text.critical_section_init
                0x0000000010001390       0x1c CMakeFiles/PicoWebServer.dir/home/varad/pico/pico-sdk/src/common/pico_sync/critical_section.c.obj
                0x0000000010001390                critical_section_init
 .text.ph_merge_nodes
                0x00000000100013ac       0x68 CMakeFiles/PicoWebServer.dir/home/varad/pico/pico-sdk/src/common/pico_util/pheap.c.obj
 .text.ph_post_alloc_init
                0x0000000010001414       0x3c CMakeFiles/PicoWebServer.dir/home/varad/pico/pico-sdk/src/common/pico_util/pheap.c.obj
                0x0000000010001414                ph_post_alloc_init
 .text.ph_merge_two_pass
                0x0000000010001450       0x90 CMakeFiles/PicoWebServer.dir/home/varad/pico/pico-sdk/src/common/pico_util/pheap.c.obj
                0x0000000010001450                ph_merge_two_pass
 .text.ph_remove_any_head
                0x00000000100014e0       0xf8 CMakeFiles/PicoWebServer.dir/home/varad/pico/pico-sdk/src/common/pico_util/pheap.c.obj
 .text.ph_remove_head
                0x00000000100015d8      0x13c CMakeFiles/PicoWebServer.dir/home/varad/pico/pico-sdk/src/common/pico_util/pheap.c.obj
                0x00000000100015d8                ph_remove_head
 .text.ph_remove_and_free_node
                0x0000000010001714       0x7c CMakeFiles/PicoWebServer.dir/home/varad/pico/pico-sdk/src/common/pico_util/pheap.c.obj
                0x0000000010001714                ph_remove_and_free_node
 .text.runtime_init
                0x0000000010001790       0xfc CMakeFiles/PicoWebServer.dir/home/varad/pico/pico-sdk/src/rp2_common/pico_runtime/runtime.c.obj
                0x0000000010001790                runtime_init
 .text.exit     0x000000001000188c        0x4 CMakeFiles/PicoWebServer.dir/home/varad/pico/pico-sdk/src/rp2_common/pico_runtime/runtime.c.obj
                0x000000001000188c                exit
 .text.panic    0x0000000010001890       0x30 CMakeFiles/PicoWebServer.dir/home/varad/pico/pico-sdk/src/rp2_common/pico_runtime/runtime.c.obj
                0x0000000010001890                panic
 .text.hard_assertion_failure
                0x00000000100018c0        0xc CMakeFiles/PicoWebServer.dir/home/varad/pico/pico-sdk/src/rp2_common/pico_runtime/runtime.c.obj
                0x00000000100018c0                hard_assertion_failure
 .text.clocks_init
                0x00000000100018cc      0x2bc CMakeFiles/PicoWebServer.dir/home/varad/pico/pico-sdk/src/rp2_common/hardware_clocks/clocks.c.obj
                0x00000000100018cc                clocks_init
 .text.clock_get_hz
                0x0000000010001b88        0xc CMakeFiles/PicoWebServer.dir/home/varad/pico/pico-sdk/src/rp2_common/hardware_clocks/clocks.c.obj
                0x0000000010001b88                clock_get_hz
 .text.irq_set_enabled
                0x0000000010001b94       0x24 CMakeFiles/PicoWebServer.dir/home/varad/pico/pico-sdk/src/rp2_common/hardware_irq/irq.c.obj
                0x0000000010001b94                irq_set_enabled
 .text.irq_set_pending
                0x0000000010001bb8       0x10 CMakeFiles/PicoWebServer.dir/home/varad/pico/pico-sdk/src/rp2_common/hardware_irq/irq.c.obj
                0x0000000010001bb8                irq_set_pending
 .text.irq_get_vtable_handler
                0x0000000010001bc8       0x10 CMakeFiles/PicoWebServer.dir/home/varad/pico/pico-sdk/src/rp2_common/hardware_irq/irq.c.obj
                0x0000000010001bc8                irq_get_vtable_handler
 .text.irq_set_exclusive_handler
                0x0000000010001bd8       0x54 CMakeFiles/PicoWebServer.dir/home/varad/pico/pico-sdk/src/rp2_common/hardware_irq/irq.c.obj
                0x0000000010001bd8                irq_set_exclusive_handler
 .text.irq_remove_handler
                0x0000000010001c2c      0x1b8 CMakeFiles/PicoWebServer.dir/home/varad/pico/pico-sdk/src/rp2_common/hardware_irq/irq.c.obj
                0x0000000010001c2c                irq_remove_handler
 .text.irq_add_tail_to_free_list
                0x0000000010001de4       0xb8 CMakeFiles/PicoWebServer.dir/home/varad/pico/pico-sdk/src/rp2_common/hardware_irq/irq.c.obj
                0x0000000010001de4                irq_add_tail_to_free_list
 .text.irq_init_priorities
                0x0000000010001e9c       0x38 CMakeFiles/PicoWebServer.dir/home/varad/pico/pico-sdk/src/rp2_common/hardware_irq/irq.c.obj
                0x0000000010001e9c                irq_init_priorities
 .text.pll_init
                0x0000000010001ed4       0xa4 CMakeFiles/PicoWebServer.dir/home/varad/pico/pico-sdk/src/rp2_common/hardware_pll/pll.c.obj
                0x0000000010001ed4                pll_init
 .text.watchdog_start_tick
                0x0000000010001f78       0x10 CMakeFiles/PicoWebServer.dir/home/varad/pico/pico-sdk/src/rp2_common/hardware_watchdog/watchdog.c.obj
                0x0000000010001f78                watchdog_start_tick
 .text.watchdog_reboot
                0x0000000010001f88       0x98 CMakeFiles/PicoWebServer.dir/home/varad/pico/pico-sdk/src/rp2_common/hardware_watchdog/watchdog.c.obj
                0x0000000010001f88                watchdog_reboot
 .text.xosc_init
                0x0000000010002020       0x28 CMakeFiles/PicoWebServer.dir/home/varad/pico/pico-sdk/src/rp2_common/hardware_xosc/xosc.c.obj
                0x0000000010002020                xosc_init
 .text._out_null
                0x0000000010002048        0x4 CMakeFiles/PicoWebServer.dir/home/varad/pico/pico-sdk/src/rp2_common/pico_printf/printf.c.obj
 .text._out_rev
                0x000000001000204c       0xd0 CMakeFiles/PicoWebServer.dir/home/varad/pico/pico-sdk/src/rp2_common/pico_printf/printf.c.obj
 .text._ntoa_format
                0x000000001000211c      0x1d0 CMakeFiles/PicoWebServer.dir/home/varad/pico/pico-sdk/src/rp2_common/pico_printf/printf.c.obj
 .text._out_char
                0x00000000100022ec       0x10 CMakeFiles/PicoWebServer.dir/home/varad/pico/pico-sdk/src/rp2_common/pico_printf/printf.c.obj
 .text._out_fct
                0x00000000100022fc       0x10 CMakeFiles/PicoWebServer.dir/home/varad/pico/pico-sdk/src/rp2_common/pico_printf/printf.c.obj
 .text._etoa    0x000000001000230c      0x478 CMakeFiles/PicoWebServer.dir/home/varad/pico/pico-sdk/src/rp2_common/pico_printf/printf.c.obj
 .text._ftoa    0x0000000010002784      0x3e0 CMakeFiles/PicoWebServer.dir/home/varad/pico/pico-sdk/src/rp2_common/pico_printf/printf.c.obj
 .text._vsnprintf
                0x0000000010002b64      0xb08 CMakeFiles/PicoWebServer.dir/home/varad/pico/pico-sdk/src/rp2_common/pico_printf/printf.c.obj
 .text.vfctprintf
                0x000000001000366c       0x20 CMakeFiles/PicoWebServer.dir/home/varad/pico/pico-sdk/src/rp2_common/pico_printf/printf.c.obj
                0x000000001000366c                vfctprintf
 .text.weak_raw_vprintf
                0x000000001000368c       0x30 CMakeFiles/PicoWebServer.dir/home/varad/pico/pico-sdk/src/rp2_common/pico_printf/printf.c.obj
                0x000000001000368c                weak_raw_vprintf
 .text          0x00000000100036bc       0x10 CMakeFiles/PicoWebServer.dir/home/varad/pico/pico-sdk/src/rp2_common/pico_bit_ops/bit_ops_aeabi.S.obj
 .text.rom_func_lookup
                0x00000000100036cc       0x10 CMakeFiles/PicoWebServer.dir/home/varad/pico/pico-sdk/src/rp2_common/pico_bootrom/bootrom.c.obj
                0x00000000100036cc                rom_func_lookup
 .text.rom_data_lookup
                0x00000000100036dc       0x10 CMakeFiles/PicoWebServer.dir/home/varad/pico/pico-sdk/src/rp2_common/pico_bootrom/bootrom.c.obj
                0x00000000100036dc                rom_data_lookup
 .text.rom_funcs_lookup
                0x00000000100036ec       0x3c CMakeFiles/PicoWebServer.dir/home/varad/pico/pico-sdk/src/rp2_common/pico_bootrom/bootrom.c.obj
                0x00000000100036ec                rom_funcs_lookup
 .text.__wrap___aeabi_idiv
                0x0000000010003728       0x50 CMakeFiles/PicoWebServer.dir/home/varad/pico/pico-sdk/src/rp2_common/pico_divider/divider.S.obj
                0x0000000010003728                __wrap___aeabi_idivmod
                0x0000000010003728                divmod_s32s32
                0x0000000010003728                div_s32s32
                0x0000000010003728                __wrap___aeabi_idiv
                0x0000000010003730                divmod_s32s32_unsafe
                0x000000001000375c                divmod_s32s32_savestate
 .text.__wrap___aeabi_uidiv
                0x0000000010003778       0x4c CMakeFiles/PicoWebServer.dir/home/varad/pico/pico-sdk/src/rp2_common/pico_divider/divider.S.obj
                0x0000000010003778                __wrap___aeabi_uidiv
                0x0000000010003778                __wrap___aeabi_uidivmod
                0x0000000010003778                div_u32u32
                0x0000000010003778                divmod_u32u32
                0x0000000010003780                divmod_u32u32_unsafe
                0x00000000100037a8                divmod_u32u32_savestate
 .text.__wrap___aeabi_ldiv
                0x00000000100037c4      0x430 CMakeFiles/PicoWebServer.dir/home/varad/pico/pico-sdk/src/rp2_common/pico_divider/divider.S.obj
                0x00000000100037c4                div_s64s64
                0x00000000100037c4                divmod_s64s64
                0x00000000100037c4                __wrap___aeabi_ldivmod
                0x00000000100037fc                div_u64u64
                0x00000000100037fc                divmod_u64u64
                0x00000000100037fc                __wrap___aeabi_uldivmod
                0x000000001000380c                divmod_u64u64_savestate
                0x0000000010003834                divmod_s64s64_unsafe
                0x00000000100038bc                divmod_u64u64_unsafe
 .text.__wrap___aeabi_darithmetic
                0x0000000010003bf4       0x80 CMakeFiles/PicoWebServer.dir/home/varad/pico/pico-sdk/src/rp2_common/pico_double/double_aeabi.S.obj
                0x0000000010003bf4                __wrap___aeabi_drsub
                0x0000000010003bfa                __wrap___aeabi_dsub
                0x0000000010003c0c                __wrap___aeabi_dadd
                0x0000000010003c1e                __wrap___aeabi_ddiv
                0x0000000010003c5a                __wrap___aeabi_dmul
 .text.__wrap___aeabi_cdcmple
                0x0000000010003c74       0x6c CMakeFiles/PicoWebServer.dir/home/varad/pico/pico-sdk/src/rp2_common/pico_double/double_aeabi.S.obj
                0x0000000010003c74                __wrap___aeabi_cdrcmple
                0x0000000010003c84                __wrap___aeabi_cdcmple
                0x0000000010003c84                __wrap___aeabi_cdcmpeq
 .text.__wrap___aeabi_dcmplt
                0x0000000010003ce0        0xc CMakeFiles/PicoWebServer.dir/home/varad/pico/pico-sdk/src/rp2_common/pico_double/double_aeabi.S.obj
                0x0000000010003ce0                __wrap___aeabi_dcmplt
 .text.__wrap___aeabi_dcmple
                0x0000000010003cec       0x10 CMakeFiles/PicoWebServer.dir/home/varad/pico/pico-sdk/src/rp2_common/pico_double/double_aeabi.S.obj
                0x0000000010003cec                __wrap___aeabi_dcmple
 .text.__wrap___aeabi_dcmpge
                0x0000000010003cfc       0x10 CMakeFiles/PicoWebServer.dir/home/varad/pico/pico-sdk/src/rp2_common/pico_double/double_aeabi.S.obj
                0x0000000010003cfc                __wrap___aeabi_dcmpge
 .text.__wrap___aeabi_dcmpgt
                0x0000000010003d0c        0xa CMakeFiles/PicoWebServer.dir/home/varad/pico/pico-sdk/src/rp2_common/pico_double/double_aeabi.S.obj
                0x0000000010003d0c                __wrap___aeabi_dcmpgt
 .text.__wrap___aeabi_dcmpun
                0x0000000010003d16       0x1c CMakeFiles/PicoWebServer.dir/home/varad/pico/pico-sdk/src/rp2_common/pico_double/double_aeabi.S.obj
                0x0000000010003d16                __wrap___aeabi_dcmpun
 *fill*         0x0000000010003d32        0x2 
 .text.__wrap___aeabi_i2d
                0x0000000010003d34       0x38 CMakeFiles/PicoWebServer.dir/home/varad/pico/pico-sdk/src/rp2_common/pico_double/double_aeabi.S.obj
                0x0000000010003d34                __wrap___aeabi_ui2d
                0x0000000010003d3c                __wrap___aeabi_i2d
 .text.__wrap___aeabi_d2iz
                0x0000000010003d6c       0x48 CMakeFiles/PicoWebServer.dir/home/varad/pico/pico-sdk/src/rp2_common/pico_double/double_aeabi.S.obj
                0x0000000010003d6c                __wrap___aeabi_d2iz
                0x0000000010003d6c                double2int_z
 .text.__wrap___aeabi_d2uiz
                0x0000000010003db4       0x18 CMakeFiles/PicoWebServer.dir/home/varad/pico/pico-sdk/src/rp2_common/pico_double/double_aeabi.S.obj
                0x0000000010003db4                double2uint
                0x0000000010003db4                __wrap___aeabi_d2uiz
 .text.__aeabi_double_init
                0x0000000010003dcc       0xac CMakeFiles/PicoWebServer.dir/home/varad/pico/pico-sdk/src/rp2_common/pico_double/double_init_rom.c.obj
                0x0000000010003dcc                __aeabi_double_init
 .text.double_table_shim_on_use_helper
                0x0000000010003e78       0x2c CMakeFiles/PicoWebServer.dir/home/varad/pico/pico-sdk/src/rp2_common/pico_double/double_v1_rom_shim.S.obj
                0x0000000010003e78                double_table_shim_on_use_helper
 .text.__wrap___aeabi_dsub
                0x0000000010003ea4       0x10 CMakeFiles/PicoWebServer.dir/home/varad/pico/pico-sdk/src/rp2_common/pico_double/double_v1_rom_shim.S.obj
                0x0000000010003ea4                drsub_shim
                0x0000000010003eaa                dsub_shim
 .text.dadd_shim
                0x0000000010003eb4      0x15c CMakeFiles/PicoWebServer.dir/home/varad/pico/pico-sdk/src/rp2_common/pico_double/double_v1_rom_shim.S.obj
                0x0000000010003eb4                dadd_shim
 .text.dmul_shim
                0x0000000010004010      0x15c CMakeFiles/PicoWebServer.dir/home/varad/pico/pico-sdk/src/rp2_common/pico_double/double_v1_rom_shim.S.obj
                0x0000000010004010                dmul_shim
 .text.ddiv_shim
                0x000000001000416c      0x1b0 CMakeFiles/PicoWebServer.dir/home/varad/pico/pico-sdk/src/rp2_common/pico_double/double_v1_rom_shim.S.obj
                0x000000001000416c                ddiv_shim
 .text.dcordic_rot_step
                0x000000001000431c       0x7c CMakeFiles/PicoWebServer.dir/home/varad/pico/pico-sdk/src/rp2_common/pico_double/double_v1_rom_shim.S.obj
                0x000000001000431c                dcordic_rot_step
 .text.double2uint_shim
                0x0000000010004398        0xe CMakeFiles/PicoWebServer.dir/home/varad/pico/pico-sdk/src/rp2_common/pico_double/double_v1_rom_shim.S.obj
                0x0000000010004398                double2uint_shim
                0x000000001000439a                double2ufix_shim
 *fill*         0x00000000100043a6        0x2 
 .text.double2uint64_shim
                0x00000000100043a8       0x6c CMakeFiles/PicoWebServer.dir/home/varad/pico/pico-sdk/src/rp2_common/pico_double/double_v1_rom_shim.S.obj
                0x00000000100043a8                double2uint64_shim
                0x00000000100043aa                double2ufix64_shim
                0x00000000100043c4                d2fix_a
 .text.dunpacks
                0x0000000010004414       0x3c CMakeFiles/PicoWebServer.dir/home/varad/pico/pico-sdk/src/rp2_common/pico_double/double_v1_rom_shim.S.obj
                0x0000000010004414                dunpacks
 .text.__aeabi_lmul
                0x0000000010004450       0x32 CMakeFiles/PicoWebServer.dir/home/varad/pico/pico-sdk/src/rp2_common/pico_int64_ops/pico_int64_ops_aeabi.S.obj
                0x0000000010004450                __wrap___aeabi_lmul
 *fill*         0x0000000010004482        0x2 
 .text.__aeabi_float_init
                0x0000000010004484       0x64 CMakeFiles/PicoWebServer.dir/home/varad/pico/pico-sdk/src/rp2_common/pico_float/float_init_rom.c.obj
                0x0000000010004484                __aeabi_float_init
 .text.float_table_shim_on_use_helper
                0x00000000100044e8       0x2c CMakeFiles/PicoWebServer.dir/home/varad/pico/pico-sdk/src/rp2_common/pico_float/float_v1_rom_shim.S.obj
                0x00000000100044e8                float_table_shim_on_use_helper
 .text          0x0000000010004514       0x10 CMakeFiles/PicoWebServer.dir/home/varad/pico/pico-sdk/src/rp2_common/pico_mem_ops/mem_ops_aeabi.S.obj
                0x0000000010004514                __aeabi_mem_init
 .text.memset   0x0000000010004524        0xc CMakeFiles/PicoWebServer.dir/home/varad/pico/pico-sdk/src/rp2_common/pico_mem_ops/mem_ops_aeabi.S.obj
                0x0000000010004524                __wrap_memset
 .text.memcpy   0x0000000010004530        0xc CMakeFiles/PicoWebServer.dir/home/varad/pico/pico-sdk/src/rp2_common/pico_mem_ops/mem_ops_aeabi.S.obj
                0x0000000010004530                __wrap___aeabi_memcpy
                0x0000000010004530                __wrap_memcpy
 .text.stdio_out_chars_crlf.part.0
                0x000000001000453c       0x84 CMakeFiles/PicoWebServer.dir/home/varad/pico/pico-sdk/src/rp2_common/pico_stdio/stdio.c.obj
 .text.stdio_buffered_printer
                0x00000000100045c0       0x78 CMakeFiles/PicoWebServer.dir/home/varad/pico/pico-sdk/src/rp2_common/pico_stdio/stdio.c.obj
 .text.stdio_put_string
                0x0000000010004638      0x100 CMakeFiles/PicoWebServer.dir/home/varad/pico/pico-sdk/src/rp2_common/pico_stdio/stdio.c.obj
 .text.__wrap_putchar
                0x0000000010004738       0x1c CMakeFiles/PicoWebServer.dir/home/varad/pico/pico-sdk/src/rp2_common/pico_stdio/stdio.c.obj
                0x0000000010004738                __wrap_putchar
 .text.__wrap_puts
                0x0000000010004754       0x3c CMakeFiles/PicoWebServer.dir/home/varad/pico/pico-sdk/src/rp2_common/pico_stdio/stdio.c.obj
                0x0000000010004754                __wrap_puts
 .text.stdio_set_driver_enabled
                0x0000000010004790       0x3c CMakeFiles/PicoWebServer.dir/home/varad/pico/pico-sdk/src/rp2_common/pico_stdio/stdio.c.obj
                0x0000000010004790                stdio_set_driver_enabled
 .text.__wrap_vprintf
                0x00000000100047cc       0xec CMakeFiles/PicoWebServer.dir/home/varad/pico/pico-sdk/src/rp2_common/pico_stdio/stdio.c.obj
                0x00000000100047cc                __wrap_vprintf
 .text.__wrap_printf
                0x00000000100048b8       0x18 CMakeFiles/PicoWebServer.dir/home/varad/pico/pico-sdk/src/rp2_common/pico_stdio/stdio.c.obj
                0x00000000100048b8                __wrap_printf
 .text.stdio_init_all
                0x00000000100048d0        0x8 CMakeFiles/PicoWebServer.dir/home/varad/pico/pico-sdk/src/rp2_common/pico_stdio/stdio.c.obj
                0x00000000100048d0                stdio_init_all
 .text.resetd_init
                0x00000000100048d8        0x4 CMakeFiles/PicoWebServer.dir/home/varad/pico/pico-sdk/src/rp2_common/pico_stdio_usb/reset_interface.c.obj
 .text.resetd_reset
                0x00000000100048dc        0xc CMakeFiles/PicoWebServer.dir/home/varad/pico/pico-sdk/src/rp2_common/pico_stdio_usb/reset_interface.c.obj
 .text.resetd_open
                0x00000000100048e8       0x28 CMakeFiles/PicoWebServer.dir/home/varad/pico/pico-sdk/src/rp2_common/pico_stdio_usb/reset_interface.c.obj
 .text.resetd_xfer_cb
                0x0000000010004910        0x4 CMakeFiles/PicoWebServer.dir/home/varad/pico/pico-sdk/src/rp2_common/pico_stdio_usb/reset_interface.c.obj
 .text.resetd_control_xfer_cb
                0x0000000010004914       0x64 CMakeFiles/PicoWebServer.dir/home/varad/pico/pico-sdk/src/rp2_common/pico_stdio_usb/reset_interface.c.obj
 .text.usbd_app_driver_get_cb
                0x0000000010004978        0xc CMakeFiles/PicoWebServer.dir/home/varad/pico/pico-sdk/src/rp2_common/pico_stdio_usb/reset_interface.c.obj
                0x0000000010004978                usbd_app_driver_get_cb
 .text.tud_cdc_line_coding_cb
                0x0000000010004984       0x34 CMakeFiles/PicoWebServer.dir/home/varad/pico/pico-sdk/src/rp2_common/pico_stdio_usb/reset_interface.c.obj
                0x0000000010004984                tud_cdc_line_coding_cb
 .text.stdio_usb_in_chars
                0x00000000100049b8       0x68 CMakeFiles/PicoWebServer.dir/home/varad/pico/pico-sdk/src/rp2_common/pico_stdio_usb/stdio_usb.c.obj
                0x00000000100049b8                stdio_usb_in_chars
 .text.stdio_usb_out_chars
                0x0000000010004a20       0xec CMakeFiles/PicoWebServer.dir/home/varad/pico/pico-sdk/src/rp2_common/pico_stdio_usb/stdio_usb.c.obj
 .text.timer_task
                0x0000000010004b0c       0x10 CMakeFiles/PicoWebServer.dir/home/varad/pico/pico-sdk/src/rp2_common/pico_stdio_usb/stdio_usb.c.obj
 .text.low_priority_worker_irq
                0x0000000010004b1c       0x24 CMakeFiles/PicoWebServer.dir/home/varad/pico/pico-sdk/src/rp2_common/pico_stdio_usb/stdio_usb.c.obj
 .text.stdio_usb_init
                0x0000000010004b40       0x90 CMakeFiles/PicoWebServer.dir/home/varad/pico/pico-sdk/src/rp2_common/pico_stdio_usb/stdio_usb.c.obj
                0x0000000010004b40                stdio_usb_init
 .text.tud_descriptor_device_cb
                0x0000000010004bd0        0x8 CMakeFiles/PicoWebServer.dir/home/varad/pico/pico-sdk/src/rp2_common/pico_stdio_usb/stdio_usb_descriptors.c.obj
                0x0000000010004bd0                tud_descriptor_device_cb
 .text.tud_descriptor_configuration_cb
                0x0000000010004bd8        0x8 CMakeFiles/PicoWebServer.dir/home/varad/pico/pico-sdk/src/rp2_common/pico_stdio_usb/stdio_usb_descriptors.c.obj
                0x0000000010004bd8                tud_descriptor_configuration_cb
 .text.tud_descriptor_string_cb
                0x0000000010004be0       0x70 CMakeFiles/PicoWebServer.dir/home/varad/pico/pico-sdk/src/rp2_common/pico_stdio_usb/stdio_usb_descriptors.c.obj
                0x0000000010004be0                tud_descriptor_string_cb
 .text.dcd_rp2040_irq
                0x0000000010004c50      0x148 CMakeFiles/PicoWebServer.dir/home/varad/pico/pico-sdk/lib/tinyusb/src/portable/raspberrypi/rp2040/dcd_rp2040.c.obj
 .text.dcd_int_enable
                0x0000000010004d98        0xc CMakeFiles/PicoWebServer.dir/home/varad/pico/pico-sdk/lib/tinyusb/src/portable/raspberrypi/rp2040/dcd_rp2040.c.obj
                0x0000000010004d98                dcd_int_enable
 .text.dcd_set_address
                0x0000000010004da4       0x28 CMakeFiles/PicoWebServer.dir/home/varad/pico/pico-sdk/lib/tinyusb/src/portable/raspberrypi/rp2040/dcd_rp2040.c.obj
                0x0000000010004da4                dcd_set_address
 .text.dcd_connect
                0x0000000010004dcc       0x10 CMakeFiles/PicoWebServer.dir/home/varad/pico/pico-sdk/lib/tinyusb/src/portable/raspberrypi/rp2040/dcd_rp2040.c.obj
                0x0000000010004dcc                dcd_connect
 .text.dcd_init
                0x0000000010004ddc       0xa0 CMakeFiles/PicoWebServer.dir/home/varad/pico/pico-sdk/lib/tinyusb/src/portable/raspberrypi/rp2040/dcd_rp2040.c.obj
                0x0000000010004ddc                dcd_init
 .text.dcd_edpt0_status_complete
                0x0000000010004e7c       0x30 CMakeFiles/PicoWebServer.dir/home/varad/pico/pico-sdk/lib/tinyusb/src/portable/raspberrypi/rp2040/dcd_rp2040.c.obj
                0x0000000010004e7c                dcd_edpt0_status_complete
 .text.dcd_edpt_open
                0x0000000010004eac      0x130 CMakeFiles/PicoWebServer.dir/home/varad/pico/pico-sdk/lib/tinyusb/src/portable/raspberrypi/rp2040/dcd_rp2040.c.obj
                0x0000000010004eac                dcd_edpt_open
 .text.dcd_edpt_xfer
                0x0000000010004fdc       0x28 CMakeFiles/PicoWebServer.dir/home/varad/pico/pico-sdk/lib/tinyusb/src/portable/raspberrypi/rp2040/dcd_rp2040.c.obj
                0x0000000010004fdc                dcd_edpt_xfer
 .text.dcd_edpt_stall
                0x0000000010005004       0x48 CMakeFiles/PicoWebServer.dir/home/varad/pico/pico-sdk/lib/tinyusb/src/portable/raspberrypi/rp2040/dcd_rp2040.c.obj
                0x0000000010005004                dcd_edpt_stall
 .text.dcd_edpt_clear_stall
                0x000000001000504c       0x48 CMakeFiles/PicoWebServer.dir/home/varad/pico/pico-sdk/lib/tinyusb/src/portable/raspberrypi/rp2040/dcd_rp2040.c.obj
                0x000000001000504c                dcd_edpt_clear_stall
 .text._hw_endpoint_buffer_control_update32.part.0
                0x0000000010005094       0x20 CMakeFiles/PicoWebServer.dir/home/varad/pico/pico-sdk/lib/tinyusb/src/portable/raspberrypi/rp2040/rp2040_usb.c.obj
 .text.rp2040_usb_init
                0x00000000100050b4       0x50 CMakeFiles/PicoWebServer.dir/home/varad/pico/pico-sdk/lib/tinyusb/src/portable/raspberrypi/rp2040/rp2040_usb.c.obj
                0x00000000100050b4                rp2040_usb_init
 .text.hw_endpoint_reset_transfer
                0x0000000010005104        0xc CMakeFiles/PicoWebServer.dir/home/varad/pico/pico-sdk/lib/tinyusb/src/portable/raspberrypi/rp2040/rp2040_usb.c.obj
                0x0000000010005104                hw_endpoint_reset_transfer
 .text._hw_endpoint_buffer_control_update32
                0x0000000010005110       0x40 CMakeFiles/PicoWebServer.dir/home/varad/pico/pico-sdk/lib/tinyusb/src/portable/raspberrypi/rp2040/rp2040_usb.c.obj
                0x0000000010005110                _hw_endpoint_buffer_control_update32
 .text._hw_endpoint_xfer_continue
                0x0000000010005150      0x104 CMakeFiles/PicoWebServer.dir/home/varad/pico/pico-sdk/lib/tinyusb/src/portable/raspberrypi/rp2040/rp2040_usb.c.obj
                0x0000000010005150                _hw_endpoint_xfer_continue
 .text._hw_endpoint_xfer
                0x0000000010005254       0xac CMakeFiles/PicoWebServer.dir/home/varad/pico/pico-sdk/lib/tinyusb/src/portable/raspberrypi/rp2040/rp2040_usb.c.obj
                0x0000000010005254                _hw_endpoint_xfer
 .text.tud_mounted
                0x0000000010005300       0x10 CMakeFiles/PicoWebServer.dir/home/varad/pico/pico-sdk/lib/tinyusb/src/device/usbd.c.obj
                0x0000000010005300                tud_mounted
 .text.tud_suspended
                0x0000000010005310       0x10 CMakeFiles/PicoWebServer.dir/home/varad/pico/pico-sdk/lib/tinyusb/src/device/usbd.c.obj
                0x0000000010005310                tud_suspended
 .text.tud_inited
                0x0000000010005320        0xc CMakeFiles/PicoWebServer.dir/home/varad/pico/pico-sdk/lib/tinyusb/src/device/usbd.c.obj
                0x0000000010005320                tud_inited
 .text.tud_init
                0x000000001000532c       0xd8 CMakeFiles/PicoWebServer.dir/home/varad/pico/pico-sdk/lib/tinyusb/src/device/usbd.c.obj
                0x000000001000532c                tud_init
 .text.tud_task
                0x0000000010005404      0x7f8 CMakeFiles/PicoWebServer.dir/home/varad/pico/pico-sdk/lib/tinyusb/src/device/usbd.c.obj
                0x0000000010005404                tud_task
 .text.dcd_event_bus_signal
                0x0000000010005bfc       0xe8 CMakeFiles/PicoWebServer.dir/home/varad/pico/pico-sdk/lib/tinyusb/src/device/usbd.c.obj
                0x0000000010005bfc                dcd_event_bus_signal
 .text.dcd_event_bus_reset
                0x0000000010005ce4       0x54 CMakeFiles/PicoWebServer.dir/home/varad/pico/pico-sdk/lib/tinyusb/src/device/usbd.c.obj
                0x0000000010005ce4                dcd_event_bus_reset
 .text.dcd_event_setup_received
                0x0000000010005d38       0x50 CMakeFiles/PicoWebServer.dir/home/varad/pico/pico-sdk/lib/tinyusb/src/device/usbd.c.obj
                0x0000000010005d38                dcd_event_setup_received
 .text.dcd_event_xfer_complete
                0x0000000010005d88       0x68 CMakeFiles/PicoWebServer.dir/home/varad/pico/pico-sdk/lib/tinyusb/src/device/usbd.c.obj
                0x0000000010005d88                dcd_event_xfer_complete
 .text.usbd_open_edpt_pair
                0x0000000010005df0       0xe4 CMakeFiles/PicoWebServer.dir/home/varad/pico/pico-sdk/lib/tinyusb/src/device/usbd.c.obj
                0x0000000010005df0                usbd_open_edpt_pair
 .text.usbd_edpt_open
                0x0000000010005ed4       0xa8 CMakeFiles/PicoWebServer.dir/home/varad/pico/pico-sdk/lib/tinyusb/src/device/usbd.c.obj
                0x0000000010005ed4                usbd_edpt_open
 .text.usbd_edpt_claim
                0x0000000010005f7c       0x64 CMakeFiles/PicoWebServer.dir/home/varad/pico/pico-sdk/lib/tinyusb/src/device/usbd.c.obj
                0x0000000010005f7c                usbd_edpt_claim
 .text.usbd_edpt_release
                0x0000000010005fe0       0x4c CMakeFiles/PicoWebServer.dir/home/varad/pico/pico-sdk/lib/tinyusb/src/device/usbd.c.obj
                0x0000000010005fe0                usbd_edpt_release
 .text.usbd_edpt_xfer
                0x000000001000602c       0x48 CMakeFiles/PicoWebServer.dir/home/varad/pico/pico-sdk/lib/tinyusb/src/device/usbd.c.obj
                0x000000001000602c                usbd_edpt_xfer
 .text.tud_control_status
                0x0000000010006074       0x30 CMakeFiles/PicoWebServer.dir/home/varad/pico/pico-sdk/lib/tinyusb/src/device/usbd_control.c.obj
                0x0000000010006074                tud_control_status
 .text.tud_control_xfer
                0x00000000100060a4       0xb8 CMakeFiles/PicoWebServer.dir/home/varad/pico/pico-sdk/lib/tinyusb/src/device/usbd_control.c.obj
                0x00000000100060a4                tud_control_xfer
 .text.usbd_control_reset
                0x000000001000615c       0x14 CMakeFiles/PicoWebServer.dir/home/varad/pico/pico-sdk/lib/tinyusb/src/device/usbd_control.c.obj
                0x000000001000615c                usbd_control_reset
 .text.usbd_control_set_complete_callback
                0x0000000010006170        0xc CMakeFiles/PicoWebServer.dir/home/varad/pico/pico-sdk/lib/tinyusb/src/device/usbd_control.c.obj
                0x0000000010006170                usbd_control_set_complete_callback
 .text.usbd_control_set_request
                0x000000001000617c       0x1c CMakeFiles/PicoWebServer.dir/home/varad/pico/pico-sdk/lib/tinyusb/src/device/usbd_control.c.obj
                0x000000001000617c                usbd_control_set_request
 .text.usbd_control_xfer_cb
                0x0000000010006198       0xf8 CMakeFiles/PicoWebServer.dir/home/varad/pico/pico-sdk/lib/tinyusb/src/device/usbd_control.c.obj
                0x0000000010006198                usbd_control_xfer_cb
 .text.tud_cdc_n_connected
                0x0000000010006290       0x30 CMakeFiles/PicoWebServer.dir/home/varad/pico/pico-sdk/lib/tinyusb/src/class/cdc/cdc_device.c.obj
                0x0000000010006290                tud_cdc_n_connected
 .text.tud_cdc_n_available
                0x00000000100062c0       0x18 CMakeFiles/PicoWebServer.dir/home/varad/pico/pico-sdk/lib/tinyusb/src/class/cdc/cdc_device.c.obj
                0x00000000100062c0                tud_cdc_n_available
 .text.tud_cdc_n_read
                0x00000000100062d8       0x70 CMakeFiles/PicoWebServer.dir/home/varad/pico/pico-sdk/lib/tinyusb/src/class/cdc/cdc_device.c.obj
                0x00000000100062d8                tud_cdc_n_read
 .text.tud_cdc_n_write_flush
                0x0000000010006348       0x78 CMakeFiles/PicoWebServer.dir/home/varad/pico/pico-sdk/lib/tinyusb/src/class/cdc/cdc_device.c.obj
                0x0000000010006348                tud_cdc_n_write_flush
 .text.tud_cdc_n_write
                0x00000000100063c0       0x34 CMakeFiles/PicoWebServer.dir/home/varad/pico/pico-sdk/lib/tinyusb/src/class/cdc/cdc_device.c.obj
                0x00000000100063c0                tud_cdc_n_write
 .text.tud_cdc_n_write_available
                0x00000000100063f4       0x18 CMakeFiles/PicoWebServer.dir/home/varad/pico/pico-sdk/lib/tinyusb/src/class/cdc/cdc_device.c.obj
                0x00000000100063f4                tud_cdc_n_write_available
 .text.cdcd_init
                0x000000001000640c       0x7c CMakeFiles/PicoWebServer.dir/home/varad/pico/pico-sdk/lib/tinyusb/src/class/cdc/cdc_device.c.obj
                0x000000001000640c                cdcd_init
 .text.cdcd_reset
                0x0000000010006488       0x2c CMakeFiles/PicoWebServer.dir/home/varad/pico/pico-sdk/lib/tinyusb/src/class/cdc/cdc_device.c.obj
                0x0000000010006488                cdcd_reset
 .text.cdcd_open
                0x00000000100064b4       0xec CMakeFiles/PicoWebServer.dir/home/varad/pico/pico-sdk/lib/tinyusb/src/class/cdc/cdc_device.c.obj
                0x00000000100064b4                cdcd_open
 .text.cdcd_control_xfer_cb
                0x00000000100065a0       0xe0 CMakeFiles/PicoWebServer.dir/home/varad/pico/pico-sdk/lib/tinyusb/src/class/cdc/cdc_device.c.obj
                0x00000000100065a0                cdcd_control_xfer_cb
 .text.cdcd_xfer_cb
                0x0000000010006680      0x198 CMakeFiles/PicoWebServer.dir/home/varad/pico/pico-sdk/lib/tinyusb/src/class/cdc/cdc_device.c.obj
                0x0000000010006680                cdcd_xfer_cb
 .text.tusb_init
                0x0000000010006818        0xc CMakeFiles/PicoWebServer.dir/home/varad/pico/pico-sdk/lib/tinyusb/src/tusb.c.obj
                0x0000000010006818                tusb_init
 .text.tusb_inited
                0x0000000010006824        0x8 CMakeFiles/PicoWebServer.dir/home/varad/pico/pico-sdk/lib/tinyusb/src/tusb.c.obj
                0x0000000010006824                tusb_inited
 .text.tu_fifo_config
                0x000000001000682c       0x78 CMakeFiles/PicoWebServer.dir/home/varad/pico/pico-sdk/lib/tinyusb/src/common/tusb_fifo.c.obj
                0x000000001000682c                tu_fifo_config
 .text.tu_fifo_count
                0x00000000100068a4       0x20 CMakeFiles/PicoWebServer.dir/home/varad/pico/pico-sdk/lib/tinyusb/src/common/tusb_fifo.c.obj
                0x00000000100068a4                tu_fifo_count
 .text.tu_fifo_empty
                0x00000000100068c4       0x10 CMakeFiles/PicoWebServer.dir/home/varad/pico/pico-sdk/lib/tinyusb/src/common/tusb_fifo.c.obj
                0x00000000100068c4                tu_fifo_empty
 .text.tu_fifo_remaining
                0x00000000100068d4       0x1c CMakeFiles/PicoWebServer.dir/home/varad/pico/pico-sdk/lib/tinyusb/src/common/tusb_fifo.c.obj
                0x00000000100068d4                tu_fifo_remaining
 .text.tu_fifo_read
                0x00000000100068f0       0x9c CMakeFiles/PicoWebServer.dir/home/varad/pico/pico-sdk/lib/tinyusb/src/common/tusb_fifo.c.obj
                0x00000000100068f0                tu_fifo_read
 .text.tu_fifo_read_n
                0x000000001000698c       0xfc CMakeFiles/PicoWebServer.dir/home/varad/pico/pico-sdk/lib/tinyusb/src/common/tusb_fifo.c.obj
                0x000000001000698c                tu_fifo_read_n
 .text.tu_fifo_write
                0x0000000010006a88       0x78 CMakeFiles/PicoWebServer.dir/home/varad/pico/pico-sdk/lib/tinyusb/src/common/tusb_fifo.c.obj
                0x0000000010006a88                tu_fifo_write
 .text.tu_fifo_write_n
                0x0000000010006b00      0x118 CMakeFiles/PicoWebServer.dir/home/varad/pico/pico-sdk/lib/tinyusb/src/common/tusb_fifo.c.obj
                0x0000000010006b00                tu_fifo_write_n
 .text.tu_fifo_clear
                0x0000000010006c18       0x4c CMakeFiles/PicoWebServer.dir/home/varad/pico/pico-sdk/lib/tinyusb/src/common/tusb_fifo.c.obj
                0x0000000010006c18                tu_fifo_clear
 .text.tu_fifo_set_overwritable
                0x0000000010006c64       0x3c CMakeFiles/PicoWebServer.dir/home/varad/pico/pico-sdk/lib/tinyusb/src/common/tusb_fifo.c.obj
                0x0000000010006c64                tu_fifo_set_overwritable
 .text.startup._retrieve_unique_id_on_boot
                0x0000000010006ca0       0x10 CMakeFiles/PicoWebServer.dir/home/varad/pico/pico-sdk/src/rp2_common/pico_unique_id/unique_id.c.obj
 .text.pico_get_unique_board_id_string
                0x0000000010006cb0      0x1bc CMakeFiles/PicoWebServer.dir/home/varad/pico/pico-sdk/src/rp2_common/pico_unique_id/unique_id.c.obj
                0x0000000010006cb0                pico_get_unique_board_id_string
 .text.flash_get_unique_id
                0x0000000010006e6c       0x40 CMakeFiles/PicoWebServer.dir/home/varad/pico/pico-sdk/src/rp2_common/hardware_flash/flash.c.obj
                0x0000000010006e6c                flash_get_unique_id
 .text          0x0000000010006eac       0x50 /usr/lib/gcc/arm-none-eabi/9.2.1/../../../arm-none-eabi/lib/thumb/v6-m/nofp/libc.a(lib_a-strcat.o)
                0x0000000010006eac                strcat
 .text          0x0000000010006efc       0x10 /usr/lib/gcc/arm-none-eabi/9.2.1/../../../arm-none-eabi/lib/thumb/v6-m/nofp/libc.a(lib_a-strcpy.o)
                0x0000000010006efc                strcpy
 .text          0x0000000010006f0c       0x68 /usr/lib/gcc/arm-none-eabi/9.2.1/../../../arm-none-eabi/lib/thumb/v6-m/nofp/libc.a(lib_a-strlen-stub.o)
                0x0000000010006f0c                strlen
 *(.fini)
 .fini          0x0000000010006f74        0x4 /usr/lib/gcc/arm-none-eabi/9.2.1/thumb/v6-m/nofp/crti.o
                0x0000000010006f74                _fini
 .fini.__stub   0x0000000010006f78       0x70 linker stubs
 *crtbegin.o(.ctors)
 *crtbegin?.o(.ctors)
 *(EXCLUDE_FILE(*crtend.o *crtend?.o) .ctors)
 *(SORT_BY_NAME(.ctors.*))
 *(.ctors)
 *crtbegin.o(.dtors)
 *crtbegin?.o(.dtors)
 *(EXCLUDE_FILE(*crtend.o *crtend?.o) .dtors)
 *(SORT_BY_NAME(.dtors.*))
 *(.dtors)
 *(.eh_frame*)
 .eh_frame      0x0000000010006fe8        0x0 /usr/lib/gcc/arm-none-eabi/9.2.1/thumb/v6-m/nofp/crtbegin.o
                0x0000000010006fe8                . = ALIGN (0x4)

.glue_7         0x0000000010006fe8        0x0
 .glue_7        0x0000000010006fe8        0x0 linker stubs

.glue_7t        0x0000000010006fe8        0x0
 .glue_7t       0x0000000010006fe8        0x0 linker stubs

.vfp11_veneer   0x0000000010006fe8        0x0
 .vfp11_veneer  0x0000000010006fe8        0x0 linker stubs

.v4_bx          0x0000000010006fe8        0x0
 .v4_bx         0x0000000010006fe8        0x0 linker stubs

.iplt           0x0000000010006fe8        0x0
 .iplt          0x0000000010006fe8        0x0 /usr/lib/gcc/arm-none-eabi/9.2.1/thumb/v6-m/nofp/crtbegin.o

.rodata         0x0000000010006fe8      0x5f8
 *(EXCLUDE_FILE(*libm.a: *libc.a:*lib_a-mem*.o *libgcc.a:) .rodata*)
 .rodata._Z10fetch_Respi.str1.4
                0x0000000010006fe8        0x0 CMakeFiles/PicoWebServer.dir/PicoWebServer.cpp.obj
                                          0x1 (size before relaxing)
 .rodata._Z16sendCMD_waitRespPKci.str1.4
                0x0000000010006fe8        0xb CMakeFiles/PicoWebServer.dir/PicoWebServer.cpp.obj
 *fill*         0x0000000010006ff3        0x1 
 .rodata.main.str1.4
                0x0000000010006ff4       0x98 CMakeFiles/PicoWebServer.dir/PicoWebServer.cpp.obj
 .rodata.spin_lock_claim_unused.str1.4
                0x000000001000708c       0x1b CMakeFiles/PicoWebServer.dir/home/varad/pico/pico-sdk/src/rp2_common/hardware_sync/sync.c.obj
 *fill*         0x00000000100070a7        0x1 
 .rodata.hardware_alarm_claim.str1.4
                0x00000000100070a8       0x22 CMakeFiles/PicoWebServer.dir/home/varad/pico/pico-sdk/src/rp2_common/hardware_timer/timer.c.obj
 *fill*         0x00000000100070ca        0x2 
 .rodata.panic.str1.4
                0x00000000100070cc       0x12 CMakeFiles/PicoWebServer.dir/home/varad/pico/pico-sdk/src/rp2_common/pico_runtime/runtime.c.obj
 *fill*         0x00000000100070de        0x2 
 .rodata.hard_assertion_failure.str1.4
                0x00000000100070e0        0xc CMakeFiles/PicoWebServer.dir/home/varad/pico/pico-sdk/src/rp2_common/pico_runtime/runtime.c.obj
 .rodata._ftoa.str1.4
                0x00000000100070ec       0x15 CMakeFiles/PicoWebServer.dir/home/varad/pico/pico-sdk/src/rp2_common/pico_printf/printf.c.obj
 *fill*         0x0000000010007101        0x3 
 .rodata._vsnprintf
                0x0000000010007104      0x1e0 CMakeFiles/PicoWebServer.dir/home/varad/pico/pico-sdk/src/rp2_common/pico_printf/printf.c.obj
 *fill*         0x00000000100072e4        0x4 
 .rodata.pow10.5435
                0x00000000100072e8       0x50 CMakeFiles/PicoWebServer.dir/home/varad/pico/pico-sdk/src/rp2_common/pico_printf/printf.c.obj
 .rodata.str1.4
                0x0000000010007338       0x44 CMakeFiles/PicoWebServer.dir/home/varad/pico/pico-sdk/src/rp2_common/pico_standard_link/binary_info.c.obj
 .rodata.__bi_44
                0x000000001000737c        0xc CMakeFiles/PicoWebServer.dir/home/varad/pico/pico-sdk/src/rp2_common/pico_standard_link/binary_info.c.obj
 .rodata.__bi_75
                0x0000000010007388        0xc CMakeFiles/PicoWebServer.dir/home/varad/pico/pico-sdk/src/rp2_common/pico_standard_link/binary_info.c.obj
 .rodata.__bi_81
                0x0000000010007394        0xc CMakeFiles/PicoWebServer.dir/home/varad/pico/pico-sdk/src/rp2_common/pico_standard_link/binary_info.c.obj
 .rodata.crlf_str.5866
                0x00000000100073a0        0x2 CMakeFiles/PicoWebServer.dir/home/varad/pico/pico-sdk/src/rp2_common/pico_stdio/stdio.c.obj
 *fill*         0x00000000100073a2        0x2 
 .rodata._resetd_driver
                0x00000000100073a4       0x18 CMakeFiles/PicoWebServer.dir/home/varad/pico/pico-sdk/src/rp2_common/pico_stdio_usb/reset_interface.c.obj
 .rodata.str1.4
                0x00000000100073bc       0x13 CMakeFiles/PicoWebServer.dir/home/varad/pico/pico-sdk/src/rp2_common/pico_stdio_usb/stdio_usb.c.obj
 *fill*         0x00000000100073cf        0x1 
 .rodata.__bi_93.7123
                0x00000000100073d0        0xc CMakeFiles/PicoWebServer.dir/home/varad/pico/pico-sdk/src/rp2_common/pico_stdio_usb/stdio_usb.c.obj
 .rodata.str1.4
                0x00000000100073dc       0x2a CMakeFiles/PicoWebServer.dir/home/varad/pico/pico-sdk/src/rp2_common/pico_stdio_usb/stdio_usb_descriptors.c.obj
 *fill*         0x0000000010007406        0x2 
 .rodata.usbd_desc_cfg
                0x0000000010007408       0x54 CMakeFiles/PicoWebServer.dir/home/varad/pico/pico-sdk/src/rp2_common/pico_stdio_usb/stdio_usb_descriptors.c.obj
 .rodata.usbd_desc_device
                0x000000001000745c       0x12 CMakeFiles/PicoWebServer.dir/home/varad/pico/pico-sdk/src/rp2_common/pico_stdio_usb/stdio_usb_descriptors.c.obj
 *fill*         0x000000001000746e        0x2 
 .rodata.usbd_desc_str
                0x0000000010007470       0x18 CMakeFiles/PicoWebServer.dir/home/varad/pico/pico-sdk/src/rp2_common/pico_stdio_usb/stdio_usb_descriptors.c.obj
 .rodata.dcd_rp2040_irq.str1.4
                0x0000000010007488       0x14 CMakeFiles/PicoWebServer.dir/home/varad/pico/pico-sdk/lib/tinyusb/src/portable/raspberrypi/rp2040/dcd_rp2040.c.obj
 .rodata.dcd_edpt_open.str1.4
                0x000000001000749c       0x28 CMakeFiles/PicoWebServer.dir/home/varad/pico/pico-sdk/lib/tinyusb/src/portable/raspberrypi/rp2040/dcd_rp2040.c.obj
 .rodata._hw_endpoint_buffer_control_update32.part.0.str1.4
                0x00000000100074c4       0x1f CMakeFiles/PicoWebServer.dir/home/varad/pico/pico-sdk/lib/tinyusb/src/portable/raspberrypi/rp2040/rp2040_usb.c.obj
 *fill*         0x00000000100074e3        0x1 
 .rodata._hw_endpoint_xfer_continue.str1.4
                0x00000000100074e4       0x50 CMakeFiles/PicoWebServer.dir/home/varad/pico/pico-sdk/lib/tinyusb/src/portable/raspberrypi/rp2040/rp2040_usb.c.obj
 .rodata.str1.4
                0x0000000010007534        0x7 CMakeFiles/PicoWebServer.dir/home/varad/pico/pico-sdk/lib/tinyusb/src/portable/raspberrypi/rp2040/rp2040_usb.c.obj
 *fill*         0x000000001000753b        0x1 
 .rodata.tud_task
                0x000000001000753c       0x8c CMakeFiles/PicoWebServer.dir/home/varad/pico/pico-sdk/lib/tinyusb/src/device/usbd.c.obj
 .rodata._usbd_driver
                0x00000000100075c8       0x18 CMakeFiles/PicoWebServer.dir/home/varad/pico/pico-sdk/lib/tinyusb/src/device/usbd.c.obj
                0x00000000100075e0                . = ALIGN (0x4)
 *(SORT_BY_ALIGNMENT(SORT_BY_NAME(.flashdata*)))
                0x00000000100075e0                . = ALIGN (0x4)

.rel.dyn        0x00000000100075e0        0x0
 .rel.iplt      0x00000000100075e0        0x0 /usr/lib/gcc/arm-none-eabi/9.2.1/thumb/v6-m/nofp/crtbegin.o

.ARM.extab
 *(.ARM.extab* .gnu.linkonce.armextab.*)
                0x00000000100075e0                __exidx_start = .

.ARM.exidx
 *(.ARM.exidx* .gnu.linkonce.armexidx.*)
                0x00000000100075e0                __exidx_end = .
                0x00000000100075e0                . = ALIGN (0x4)
                0x00000000100075e0                __binary_info_start = .

.binary_info    0x00000000100075e0       0x20
 *(.binary_info.keep.*)
 .binary_info.keep.__bi_ptr22
                0x00000000100075e0        0x4 CMakeFiles/PicoWebServer.dir/home/varad/pico/pico-sdk/src/rp2_common/pico_standard_link/binary_info.c.obj
 .binary_info.keep.__bi_ptr30
                0x00000000100075e4        0x4 CMakeFiles/PicoWebServer.dir/home/varad/pico/pico-sdk/src/rp2_common/pico_standard_link/binary_info.c.obj
 .binary_info.keep.__bi_ptr38
                0x00000000100075e8        0x4 CMakeFiles/PicoWebServer.dir/home/varad/pico/pico-sdk/src/rp2_common/pico_standard_link/binary_info.c.obj
 .binary_info.keep.__bi_ptr44
                0x00000000100075ec        0x4 CMakeFiles/PicoWebServer.dir/home/varad/pico/pico-sdk/src/rp2_common/pico_standard_link/binary_info.c.obj
 .binary_info.keep.__bi_ptr50
                0x00000000100075f0        0x4 CMakeFiles/PicoWebServer.dir/home/varad/pico/pico-sdk/src/rp2_common/pico_standard_link/binary_info.c.obj
 .binary_info.keep.__bi_ptr75
                0x00000000100075f4        0x4 CMakeFiles/PicoWebServer.dir/home/varad/pico/pico-sdk/src/rp2_common/pico_standard_link/binary_info.c.obj
 .binary_info.keep.__bi_ptr81
                0x00000000100075f8        0x4 CMakeFiles/PicoWebServer.dir/home/varad/pico/pico-sdk/src/rp2_common/pico_standard_link/binary_info.c.obj
 *(.binary_info.*)
 .binary_info.__bi_ptr93
                0x00000000100075fc        0x4 CMakeFiles/PicoWebServer.dir/home/varad/pico/pico-sdk/src/rp2_common/pico_stdio_usb/stdio_usb.c.obj
                0x0000000010007600                __binary_info_end = .
                0x0000000010007600                . = ALIGN (0x4)
                0x0000000010007600                __etext = .

.ram_vector_table
                0x0000000020000000       0xc0
 *(.ram_vector_table)
 .ram_vector_table
                0x0000000020000000       0xc0 CMakeFiles/PicoWebServer.dir/home/varad/pico/pico-sdk/src/rp2_common/pico_runtime/runtime.c.obj
                0x0000000020000000                ram_vector_table

.data           0x00000000200000c0      0x430 load address 0x0000000010007600
                0x00000000200000c0                __data_start__ = .
 *(vtable)
 *(.time_critical*)
 .time_critical.mutex_enter_blocking
                0x00000000200000c0       0x60 CMakeFiles/PicoWebServer.dir/home/varad/pico/pico-sdk/src/common/pico_sync/mutex.c.obj
                0x00000000200000c0                mutex_enter_blocking
 .time_critical.mutex_try_enter
                0x0000000020000120       0x5c CMakeFiles/PicoWebServer.dir/home/varad/pico/pico-sdk/src/common/pico_sync/mutex.c.obj
                0x0000000020000120                mutex_try_enter
 .time_critical.mutex_enter_timeout_ms
                0x000000002000017c       0xb0 CMakeFiles/PicoWebServer.dir/home/varad/pico/pico-sdk/src/common/pico_sync/mutex.c.obj
                0x000000002000017c                mutex_enter_timeout_ms
 .time_critical.mutex_exit
                0x000000002000022c       0x5c CMakeFiles/PicoWebServer.dir/home/varad/pico/pico-sdk/src/common/pico_sync/mutex.c.obj
                0x000000002000022c                mutex_exit
 .time_critical.flash_init_boot2_copyout
                0x0000000020000288       0x30 CMakeFiles/PicoWebServer.dir/home/varad/pico/pico-sdk/src/rp2_common/hardware_flash/flash.c.obj
 .time_critical.flash_enable_xip_via_boot2
                0x00000000200002b8       0x10 CMakeFiles/PicoWebServer.dir/home/varad/pico/pico-sdk/src/rp2_common/hardware_flash/flash.c.obj
 .time_critical.flash_cs_force
                0x00000000200002c8       0x38 CMakeFiles/PicoWebServer.dir/home/varad/pico/pico-sdk/src/rp2_common/hardware_flash/flash.c.obj
 .time_critical.flash_do_cmd
                0x0000000020000300       0xa8 CMakeFiles/PicoWebServer.dir/home/varad/pico/pico-sdk/src/rp2_common/hardware_flash/flash.c.obj
                0x0000000020000300                flash_do_cmd
 *(.text*)
 .text          0x00000000200003a8        0x4 /usr/lib/gcc/arm-none-eabi/9.2.1/thumb/v6-m/nofp/libgcc.a(_dvmd_tls.o)
                0x00000000200003a8                __aeabi_ldiv0
                0x00000000200003a8                __aeabi_idiv0
 *fill*         0x00000000200003ac        0x4 
 .text.__stub   0x00000000200003b0       0x40 linker stubs
                0x00000000200003f0                . = ALIGN (0x4)
 *(.rodata*)
                0x00000000200003f0                . = ALIGN (0x4)
 *(.data*)
 .data.striped_spin_lock_num
                0x00000000200003f0        0x1 CMakeFiles/PicoWebServer.dir/home/varad/pico/pico-sdk/src/rp2_common/hardware_sync/sync.c.obj
 *fill*         0x00000000200003f1        0x3 
 .data.default_alarm_pool
                0x00000000200003f4       0x18 CMakeFiles/PicoWebServer.dir/home/varad/pico/pico-sdk/src/common/pico_time/time.c.obj
 .data.default_alarm_pool_heap
                0x000000002000040c       0x10 CMakeFiles/PicoWebServer.dir/home/varad/pico/pico-sdk/src/common/pico_time/time.c.obj
 .data          0x000000002000041c       0x48 CMakeFiles/PicoWebServer.dir/home/varad/pico/pico-sdk/src/rp2_common/hardware_irq/irq_handler_chain.S.obj
                0x000000002000041c                irq_handler_chain_slots
                0x000000002000044c                irq_handler_chain_first_slot
                0x0000000020000456                irq_handler_chain_remove_tail
 *fill*         0x0000000020000464        0xc 
 .data.aeabi_bits_funcs
                0x0000000020000470       0x10 CMakeFiles/PicoWebServer.dir/home/varad/pico/pico-sdk/src/rp2_common/pico_bit_ops/bit_ops_aeabi.S.obj
                0x0000000020000470                aeabi_bits_funcs
                0x0000000020000480                aeabi_bits_funcs_end
 .data.aeabi_mem_funcs
                0x0000000020000480       0x10 CMakeFiles/PicoWebServer.dir/home/varad/pico/pico-sdk/src/rp2_common/pico_mem_ops/mem_ops_aeabi.S.obj
                0x0000000020000480                aeabi_mem_funcs
                0x0000000020000490                aeabi_mem_funcs_end
 .data.stdio_usb
                0x0000000020000490       0x14 CMakeFiles/PicoWebServer.dir/home/varad/pico/pico-sdk/src/rp2_common/pico_stdio_usb/stdio_usb.c.obj
                0x0000000020000490                stdio_usb
 .data.ep_dir_string
                0x00000000200004a4        0x8 CMakeFiles/PicoWebServer.dir/home/varad/pico/pico-sdk/lib/tinyusb/src/portable/raspberrypi/rp2040/rp2040_usb.c.obj
                0x00000000200004a4                ep_dir_string
 .data._usbd_qdef
                0x00000000200004ac       0x24 CMakeFiles/PicoWebServer.dir/home/varad/pico/pico-sdk/lib/tinyusb/src/device/usbd.c.obj
                0x00000000200004ac                _usbd_qdef
                0x00000000200004d0                . = ALIGN (0x4)
 *(.after_data.*)
                0x00000000200004d0                . = ALIGN (0x4)
                0x00000000200004d0                PROVIDE (__mutex_array_start = .)
 *(SORT_BY_NAME(.mutex_array.*))
 *(.mutex_array)
 .mutex_array   0x00000000200004d0        0x8 CMakeFiles/PicoWebServer.dir/home/varad/pico/pico-sdk/src/rp2_common/pico_stdio/stdio.c.obj
                0x00000000200004d8                PROVIDE (__mutex_array_end = .)
                0x00000000200004d8                . = ALIGN (0x4)
                0x00000000200004d8                PROVIDE (__preinit_array_start = .)
 *(SORT_BY_NAME(.preinit_array.*))
 .preinit_array.00001
                0x00000000200004d8        0x4 CMakeFiles/PicoWebServer.dir/home/varad/pico/pico-sdk/src/rp2_common/pico_mem_ops/mem_ops_aeabi.S.obj
 .preinit_array.00010
                0x00000000200004dc        0x4 CMakeFiles/PicoWebServer.dir/home/varad/pico/pico-sdk/src/rp2_common/pico_bit_ops/bit_ops_aeabi.S.obj
 .preinit_array.00020
                0x00000000200004e0        0x4 CMakeFiles/PicoWebServer.dir/home/varad/pico/pico-sdk/src/rp2_common/pico_double/double_aeabi.S.obj
 .preinit_array.00020
                0x00000000200004e4        0x4 CMakeFiles/PicoWebServer.dir/home/varad/pico/pico-sdk/src/rp2_common/pico_float/float_aeabi.S.obj
 *(.preinit_array)
                0x00000000200004e8                PROVIDE (__preinit_array_end = .)
                0x00000000200004e8                . = ALIGN (0x4)
                0x00000000200004e8                PROVIDE (__init_array_start = .)
 *(SORT_BY_NAME(.init_array.*))
 *(.init_array)
 .init_array    0x00000000200004e8        0x4 /usr/lib/gcc/arm-none-eabi/9.2.1/thumb/v6-m/nofp/crtbegin.o
 .init_array    0x00000000200004ec        0x4 CMakeFiles/PicoWebServer.dir/home/varad/pico/pico-sdk/src/rp2_common/pico_unique_id/unique_id.c.obj
                0x00000000200004f0                PROVIDE (__init_array_end = .)
                0x00000000200004f0                . = ALIGN (0x4)
                0x00000000200004f0                PROVIDE (__fini_array_start = .)
 *(SORT_BY_NAME(.fini_array.*))
 *(.fini_array)
                0x00000000200004f0                PROVIDE (__fini_array_end = .)
 *(.jcr)
                0x00000000200004f0                . = ALIGN (0x4)
                0x00000000200004f0                __data_end__ = .

.tm_clone_table
                0x00000000200004f0        0x0 load address 0x0000000010007a30
 .tm_clone_table
                0x00000000200004f0        0x0 /usr/lib/gcc/arm-none-eabi/9.2.1/thumb/v6-m/nofp/crtbegin.o
 .tm_clone_table
                0x00000000200004f0        0x0 /usr/lib/gcc/arm-none-eabi/9.2.1/thumb/v6-m/nofp/crtend.o

.igot.plt       0x00000000200004f0        0x0 load address 0x0000000010007a30
 .igot.plt      0x00000000200004f0        0x0 /usr/lib/gcc/arm-none-eabi/9.2.1/thumb/v6-m/nofp/crtbegin.o

.uninitialized_data
                0x00000000200004f0        0x0 load address 0x0000000010007a30
                0x00000000200004f0                . = ALIGN (0x4)
 *(.uninitialized_data*)

.scratch_x      0x0000000020040000        0x0 load address 0x0000000010007a30
                0x0000000020040000                __scratch_x_start__ = .
 *(.scratch_x.*)
                0x0000000020040000                . = ALIGN (0x4)
                0x0000000020040000                __scratch_x_end__ = .
                0x0000000010007a30                __scratch_x_source__ = LOADADDR (.scratch_x)

.scratch_y      0x0000000020041000        0x0 load address 0x0000000010007a30
                0x0000000020041000                __scratch_y_start__ = .
 *(.scratch_y.*)
                0x0000000020041000                . = ALIGN (0x4)
                0x0000000020041000                __scratch_y_end__ = .
                0x0000000010007a30                __scratch_y_source__ = LOADADDR (.scratch_y)

.bss            0x00000000200004f0      0xd68
                0x00000000200004f0                . = ALIGN (0x4)
                0x00000000200004f0                __bss_start__ = .
 *(SORT_BY_ALIGNMENT(SORT_BY_NAME(.bss*)))
 .bss.default_alarm_pool_entries
                0x00000000200004f0      0x100 CMakeFiles/PicoWebServer.dir/home/varad/pico/pico-sdk/src/common/pico_time/time.c.obj
 .bss.last_avail_time.7102
                0x00000000200005f0        0x8 CMakeFiles/PicoWebServer.dir/home/varad/pico/pico-sdk/src/rp2_common/pico_stdio_usb/stdio_usb.c.obj
 .bss           0x00000000200005f8       0x1c /usr/lib/gcc/arm-none-eabi/9.2.1/thumb/v6-m/nofp/crtbegin.o
 .bss._app_driver
                0x0000000020000614        0x4 CMakeFiles/PicoWebServer.dir/home/varad/pico/pico-sdk/lib/tinyusb/src/device/usbd.c.obj
 .bss._cdcd_itf
                0x0000000020000618      0x2d8 CMakeFiles/PicoWebServer.dir/home/varad/pico/pico-sdk/lib/tinyusb/src/class/cdc/cdc_device.c.obj
 .bss._ctrl_xfer
                0x00000000200008f0       0x14 CMakeFiles/PicoWebServer.dir/home/varad/pico/pico-sdk/lib/tinyusb/src/device/usbd_control.c.obj
 .bss._ubsd_mutexdef
                0x0000000020000904        0x8 CMakeFiles/PicoWebServer.dir/home/varad/pico/pico-sdk/lib/tinyusb/src/device/usbd.c.obj
 .bss._usbd_ctrl_buf
                0x000000002000090c       0x40 CMakeFiles/PicoWebServer.dir/home/varad/pico/pico-sdk/lib/tinyusb/src/device/usbd_control.c.obj
 .bss._usbd_dev
                0x000000002000094c       0x37 CMakeFiles/PicoWebServer.dir/home/varad/pico/pico-sdk/lib/tinyusb/src/device/usbd.c.obj
 *fill*         0x0000000020000983        0x1 
 .bss._usbd_mutex
                0x0000000020000984        0x4 CMakeFiles/PicoWebServer.dir/home/varad/pico/pico-sdk/lib/tinyusb/src/device/usbd.c.obj
 .bss._usbd_q   0x0000000020000988        0x4 CMakeFiles/PicoWebServer.dir/home/varad/pico/pico-sdk/lib/tinyusb/src/device/usbd.c.obj
 .bss.alarm_callbacks
                0x000000002000098c       0x10 CMakeFiles/PicoWebServer.dir/home/varad/pico/pico-sdk/src/rp2_common/hardware_timer/timer.c.obj
 .bss.boot2_copyout
                0x000000002000099c      0x100 CMakeFiles/PicoWebServer.dir/home/varad/pico/pico-sdk/src/rp2_common/hardware_flash/flash.c.obj
 .bss.claimed   0x0000000020000a9c        0x4 CMakeFiles/PicoWebServer.dir/home/varad/pico/pico-sdk/src/rp2_common/hardware_sync/sync.c.obj
 .bss.configured_freq
                0x0000000020000aa0       0x28 CMakeFiles/PicoWebServer.dir/home/varad/pico/pico-sdk/src/rp2_common/hardware_clocks/clocks.c.obj
 .bss.default_alarm_pool_entry_ids_high
                0x0000000020000ac8       0x10 CMakeFiles/PicoWebServer.dir/home/varad/pico/pico-sdk/src/common/pico_time/time.c.obj
 .bss.default_alarm_pool_heap_nodes
                0x0000000020000ad8       0x30 CMakeFiles/PicoWebServer.dir/home/varad/pico/pico-sdk/src/common/pico_time/time.c.obj
 .bss.desc_str.7006
                0x0000000020000b08       0x28 CMakeFiles/PicoWebServer.dir/home/varad/pico/pico-sdk/src/rp2_common/pico_stdio_usb/stdio_usb_descriptors.c.obj
 .bss.drivers   0x0000000020000b30        0x4 CMakeFiles/PicoWebServer.dir/home/varad/pico/pico-sdk/src/rp2_common/pico_stdio/stdio.c.obj
 .bss.filter    0x0000000020000b34        0x4 CMakeFiles/PicoWebServer.dir/home/varad/pico/pico-sdk/src/rp2_common/pico_stdio/stdio.c.obj
 .bss.hw_endpoints
                0x0000000020000b38      0x400 CMakeFiles/PicoWebServer.dir/home/varad/pico/pico-sdk/lib/tinyusb/src/portable/raspberrypi/rp2040/dcd_rp2040.c.obj
 .bss.lazy_vsnprintf
                0x0000000020000f38        0x4 CMakeFiles/PicoWebServer.dir/home/varad/pico/pico-sdk/src/rp2_common/pico_printf/printf.c.obj
 .bss.load_value
                0x0000000020000f3c        0x4 CMakeFiles/PicoWebServer.dir/home/varad/pico/pico-sdk/src/rp2_common/hardware_watchdog/watchdog.c.obj
 .bss.next_buffer_ptr
                0x0000000020000f40        0x4 CMakeFiles/PicoWebServer.dir/home/varad/pico/pico-sdk/lib/tinyusb/src/portable/raspberrypi/rp2040/dcd_rp2040.c.obj
 .bss.pools     0x0000000020000f44       0x10 CMakeFiles/PicoWebServer.dir/home/varad/pico/pico-sdk/src/common/pico_time/time.c.obj
 .bss.retrieved_id
                0x0000000020000f54        0x8 CMakeFiles/PicoWebServer.dir/home/varad/pico/pico-sdk/src/rp2_common/pico_unique_id/unique_id.c.obj
 .bss.sleep_notifier
                0x0000000020000f5c        0x4 CMakeFiles/PicoWebServer.dir/home/varad/pico/pico-sdk/src/common/pico_time/time.c.obj
 .bss.stdio_usb_mutex
                0x0000000020000f60        0x8 CMakeFiles/PicoWebServer.dir/home/varad/pico/pico-sdk/src/rp2_common/pico_stdio_usb/stdio_usb.c.obj
 .bss.target_hi
                0x0000000020000f68       0x10 CMakeFiles/PicoWebServer.dir/home/varad/pico/pico-sdk/src/rp2_common/hardware_timer/timer.c.obj
 .bss.usbd_serial_str
                0x0000000020000f78       0x11 CMakeFiles/PicoWebServer.dir/home/varad/pico/pico-sdk/src/rp2_common/pico_stdio_usb/stdio_usb_descriptors.c.obj
 .bss._app_driver_count
                0x0000000020000f89        0x1 CMakeFiles/PicoWebServer.dir/home/varad/pico/pico-sdk/lib/tinyusb/src/device/usbd.c.obj
 .bss._usbd_initialized
                0x0000000020000f8a        0x1 CMakeFiles/PicoWebServer.dir/home/varad/pico/pico-sdk/lib/tinyusb/src/device/usbd.c.obj
 .bss.boot2_copyout_valid
                0x0000000020000f8b        0x1 CMakeFiles/PicoWebServer.dir/home/varad/pico/pico-sdk/src/rp2_common/hardware_flash/flash.c.obj
 .bss.claimed   0x0000000020000f8c        0x1 CMakeFiles/PicoWebServer.dir/home/varad/pico/pico-sdk/src/rp2_common/hardware_timer/timer.c.obj
 .bss.irq_hander_chain_free_slot_head
                0x0000000020000f8d        0x1 CMakeFiles/PicoWebServer.dir/home/varad/pico/pico-sdk/src/rp2_common/hardware_irq/irq.c.obj
 .bss.itf_num   0x0000000020000f8e        0x1 CMakeFiles/PicoWebServer.dir/home/varad/pico/pico-sdk/src/rp2_common/pico_stdio_usb/reset_interface.c.obj
 .bss.timer_callbacks_pending
                0x0000000020000f8f        0x1 CMakeFiles/PicoWebServer.dir/home/varad/pico/pico-sdk/src/rp2_common/hardware_timer/timer.c.obj
 *(COMMON)
 COMMON         0x0000000020000f90        0x4 CMakeFiles/PicoWebServer.dir/home/varad/pico/pico-sdk/src/rp2_common/hardware_uart/uart.c.obj
                0x0000000020000f90                uart_char_to_line_feed
 COMMON         0x0000000020000f94      0x100 CMakeFiles/PicoWebServer.dir/home/varad/pico/pico-sdk/src/rp2_common/pico_double/double_init_rom.c.obj
                0x0000000020000f94                sd_table
 COMMON         0x0000000020001094      0x104 CMakeFiles/PicoWebServer.dir/home/varad/pico/pico-sdk/src/rp2_common/pico_float/float_init_rom.c.obj
                0x0000000020001094                sf_table
                0x0000000020001194                sf_clz_func
 COMMON         0x0000000020001198       0xc0 CMakeFiles/PicoWebServer.dir/home/varad/pico/pico-sdk/lib/tinyusb/src/device/usbd.c.obj
                0x0000000020001198                _usbd_qdef_buf
                0x0000000020001258                . = ALIGN (0x4)
                0x0000000020001258                __bss_end__ = .

.heap           0x0000000020001258      0x800
                0x0000000020001258                __end__ = .
                0x0000000020001258                end = __end__
 *(.heap*)
 .heap          0x0000000020001258      0x800 CMakeFiles/PicoWebServer.dir/home/varad/pico/pico-sdk/src/rp2_common/pico_standard_link/crt0.S.obj
                0x0000000020001a58                __HeapLimit = .

.stack1_dummy   0x0000000020040000        0x0
 *(.stack1*)

.stack_dummy    0x0000000020041000      0x800
 *(.stack*)
 .stack         0x0000000020041000      0x800 CMakeFiles/PicoWebServer.dir/home/varad/pico/pico-sdk/src/rp2_common/pico_standard_link/crt0.S.obj

.flash_end      0x0000000010007a30        0x0
                0x0000000010007a30                __flash_binary_end = .
                0x0000000020040000                __StackLimit = (ORIGIN (RAM) + LENGTH (RAM))
                0x0000000020041000                __StackOneTop = (ORIGIN (SCRATCH_X) + LENGTH (SCRATCH_X))
                0x0000000020042000                __StackTop = (ORIGIN (SCRATCH_Y) + LENGTH (SCRATCH_Y))
                0x0000000020041000                __StackOneBottom = (__StackOneTop - SIZEOF (.stack1_dummy))
                0x0000000020041800                __StackBottom = (__StackTop - SIZEOF (.stack_dummy))
                0x0000000020042000                PROVIDE (__stack = __StackTop)
                0x0000000000000001                ASSERT ((__StackLimit >= __HeapLimit), region RAM overflowed)
                0x0000000000000001                ASSERT (((__binary_info_header_end - __logical_binary_start) <= 0x100), Binary info must be in first 256 bytes of the binary)
LOAD CMakeFiles/PicoWebServer.dir/PicoWebServer.cpp.obj
LOAD CMakeFiles/PicoWebServer.dir/home/varad/pico/pico-sdk/src/rp2_common/pico_stdlib/stdlib.c.obj
LOAD CMakeFiles/PicoWebServer.dir/home/varad/pico/pico-sdk/src/rp2_common/hardware_gpio/gpio.c.obj
LOAD CMakeFiles/PicoWebServer.dir/home/varad/pico/pico-sdk/src/rp2_common/hardware_claim/claim.c.obj
LOAD CMakeFiles/PicoWebServer.dir/home/varad/pico/pico-sdk/src/rp2_common/pico_platform/platform.c.obj
LOAD CMakeFiles/PicoWebServer.dir/home/varad/pico/pico-sdk/src/rp2_common/hardware_sync/sync.c.obj
LOAD CMakeFiles/PicoWebServer.dir/home/varad/pico/pico-sdk/src/rp2_common/hardware_uart/uart.c.obj
LOAD CMakeFiles/PicoWebServer.dir/home/varad/pico/pico-sdk/src/rp2_common/hardware_divider/divider.S.obj
LOAD CMakeFiles/PicoWebServer.dir/home/varad/pico/pico-sdk/src/common/pico_time/time.c.obj
LOAD CMakeFiles/PicoWebServer.dir/home/varad/pico/pico-sdk/src/common/pico_time/timeout_helper.c.obj
LOAD CMakeFiles/PicoWebServer.dir/home/varad/pico/pico-sdk/src/rp2_common/hardware_timer/timer.c.obj
LOAD CMakeFiles/PicoWebServer.dir/home/varad/pico/pico-sdk/src/common/pico_sync/sem.c.obj
LOAD CMakeFiles/PicoWebServer.dir/home/varad/pico/pico-sdk/src/common/pico_sync/lock_core.c.obj
LOAD CMakeFiles/PicoWebServer.dir/home/varad/pico/pico-sdk/src/common/pico_sync/mutex.c.obj
LOAD CMakeFiles/PicoWebServer.dir/home/varad/pico/pico-sdk/src/common/pico_sync/critical_section.c.obj
LOAD CMakeFiles/PicoWebServer.dir/home/varad/pico/pico-sdk/src/common/pico_util/datetime.c.obj
LOAD CMakeFiles/PicoWebServer.dir/home/varad/pico/pico-sdk/src/common/pico_util/pheap.c.obj
LOAD CMakeFiles/PicoWebServer.dir/home/varad/pico/pico-sdk/src/common/pico_util/queue.c.obj
LOAD CMakeFiles/PicoWebServer.dir/home/varad/pico/pico-sdk/src/rp2_common/pico_runtime/runtime.c.obj
LOAD CMakeFiles/PicoWebServer.dir/home/varad/pico/pico-sdk/src/rp2_common/hardware_clocks/clocks.c.obj
LOAD CMakeFiles/PicoWebServer.dir/home/varad/pico/pico-sdk/src/rp2_common/hardware_irq/irq.c.obj
LOAD CMakeFiles/PicoWebServer.dir/home/varad/pico/pico-sdk/src/rp2_common/hardware_irq/irq_handler_chain.S.obj
LOAD CMakeFiles/PicoWebServer.dir/home/varad/pico/pico-sdk/src/rp2_common/hardware_pll/pll.c.obj
LOAD CMakeFiles/PicoWebServer.dir/home/varad/pico/pico-sdk/src/rp2_common/hardware_vreg/vreg.c.obj
LOAD CMakeFiles/PicoWebServer.dir/home/varad/pico/pico-sdk/src/rp2_common/hardware_watchdog/watchdog.c.obj
LOAD CMakeFiles/PicoWebServer.dir/home/varad/pico/pico-sdk/src/rp2_common/hardware_xosc/xosc.c.obj
LOAD CMakeFiles/PicoWebServer.dir/home/varad/pico/pico-sdk/src/rp2_common/pico_printf/printf.c.obj
LOAD CMakeFiles/PicoWebServer.dir/home/varad/pico/pico-sdk/src/rp2_common/pico_bit_ops/bit_ops_aeabi.S.obj
LOAD CMakeFiles/PicoWebServer.dir/home/varad/pico/pico-sdk/src/rp2_common/pico_bootrom/bootrom.c.obj
LOAD CMakeFiles/PicoWebServer.dir/home/varad/pico/pico-sdk/src/rp2_common/pico_divider/divider.S.obj
LOAD CMakeFiles/PicoWebServer.dir/home/varad/pico/pico-sdk/src/rp2_common/pico_double/double_aeabi.S.obj
LOAD CMakeFiles/PicoWebServer.dir/home/varad/pico/pico-sdk/src/rp2_common/pico_double/double_init_rom.c.obj
LOAD CMakeFiles/PicoWebServer.dir/home/varad/pico/pico-sdk/src/rp2_common/pico_double/double_math.c.obj
LOAD CMakeFiles/PicoWebServer.dir/home/varad/pico/pico-sdk/src/rp2_common/pico_double/double_v1_rom_shim.S.obj
LOAD CMakeFiles/PicoWebServer.dir/home/varad/pico/pico-sdk/src/rp2_common/pico_int64_ops/pico_int64_ops_aeabi.S.obj
LOAD CMakeFiles/PicoWebServer.dir/home/varad/pico/pico-sdk/src/rp2_common/pico_float/float_aeabi.S.obj
LOAD CMakeFiles/PicoWebServer.dir/home/varad/pico/pico-sdk/src/rp2_common/pico_float/float_init_rom.c.obj
LOAD CMakeFiles/PicoWebServer.dir/home/varad/pico/pico-sdk/src/rp2_common/pico_float/float_math.c.obj
LOAD CMakeFiles/PicoWebServer.dir/home/varad/pico/pico-sdk/src/rp2_common/pico_float/float_v1_rom_shim.S.obj
LOAD CMakeFiles/PicoWebServer.dir/home/varad/pico/pico-sdk/src/rp2_common/pico_malloc/pico_malloc.c.obj
LOAD CMakeFiles/PicoWebServer.dir/home/varad/pico/pico-sdk/src/rp2_common/pico_mem_ops/mem_ops_aeabi.S.obj
LOAD CMakeFiles/PicoWebServer.dir/home/varad/pico/pico-sdk/src/rp2_common/pico_standard_link/crt0.S.obj
LOAD CMakeFiles/PicoWebServer.dir/home/varad/pico/pico-sdk/src/rp2_common/pico_standard_link/new_delete.cpp.obj
LOAD CMakeFiles/PicoWebServer.dir/home/varad/pico/pico-sdk/src/rp2_common/pico_standard_link/binary_info.c.obj
LOAD CMakeFiles/PicoWebServer.dir/home/varad/pico/pico-sdk/src/rp2_common/pico_stdio/stdio.c.obj
LOAD CMakeFiles/PicoWebServer.dir/home/varad/pico/pico-sdk/src/rp2_common/pico_stdio_usb/reset_interface.c.obj
LOAD CMakeFiles/PicoWebServer.dir/home/varad/pico/pico-sdk/src/rp2_common/pico_stdio_usb/stdio_usb.c.obj
LOAD CMakeFiles/PicoWebServer.dir/home/varad/pico/pico-sdk/src/rp2_common/pico_stdio_usb/stdio_usb_descriptors.c.obj
LOAD CMakeFiles/PicoWebServer.dir/home/varad/pico/pico-sdk/lib/tinyusb/src/portable/raspberrypi/rp2040/dcd_rp2040.c.obj
LOAD CMakeFiles/PicoWebServer.dir/home/varad/pico/pico-sdk/lib/tinyusb/src/portable/raspberrypi/rp2040/rp2040_usb.c.obj
LOAD CMakeFiles/PicoWebServer.dir/home/varad/pico/pico-sdk/lib/tinyusb/src/device/usbd.c.obj
LOAD CMakeFiles/PicoWebServer.dir/home/varad/pico/pico-sdk/lib/tinyusb/src/device/usbd_control.c.obj
LOAD CMakeFiles/PicoWebServer.dir/home/varad/pico/pico-sdk/lib/tinyusb/src/class/audio/audio_device.c.obj
LOAD CMakeFiles/PicoWebServer.dir/home/varad/pico/pico-sdk/lib/tinyusb/src/class/cdc/cdc_device.c.obj
LOAD CMakeFiles/PicoWebServer.dir/home/varad/pico/pico-sdk/lib/tinyusb/src/class/dfu/dfu_device.c.obj
LOAD CMakeFiles/PicoWebServer.dir/home/varad/pico/pico-sdk/lib/tinyusb/src/class/dfu/dfu_rt_device.c.obj
LOAD CMakeFiles/PicoWebServer.dir/home/varad/pico/pico-sdk/lib/tinyusb/src/class/hid/hid_device.c.obj
LOAD CMakeFiles/PicoWebServer.dir/home/varad/pico/pico-sdk/lib/tinyusb/src/class/midi/midi_device.c.obj
LOAD CMakeFiles/PicoWebServer.dir/home/varad/pico/pico-sdk/lib/tinyusb/src/class/msc/msc_device.c.obj
LOAD CMakeFiles/PicoWebServer.dir/home/varad/pico/pico-sdk/lib/tinyusb/src/class/net/net_device.c.obj
LOAD CMakeFiles/PicoWebServer.dir/home/varad/pico/pico-sdk/lib/tinyusb/src/class/usbtmc/usbtmc_device.c.obj
LOAD CMakeFiles/PicoWebServer.dir/home/varad/pico/pico-sdk/lib/tinyusb/src/class/vendor/vendor_device.c.obj
LOAD CMakeFiles/PicoWebServer.dir/home/varad/pico/pico-sdk/lib/tinyusb/src/tusb.c.obj
LOAD CMakeFiles/PicoWebServer.dir/home/varad/pico/pico-sdk/lib/tinyusb/src/common/tusb_fifo.c.obj
LOAD CMakeFiles/PicoWebServer.dir/home/varad/pico/pico-sdk/src/rp2_common/pico_fix/rp2040_usb_device_enumeration/rp2040_usb_device_enumeration.c.obj
LOAD CMakeFiles/PicoWebServer.dir/home/varad/pico/pico-sdk/src/rp2_common/pico_unique_id/unique_id.c.obj
LOAD CMakeFiles/PicoWebServer.dir/home/varad/pico/pico-sdk/src/rp2_common/hardware_flash/flash.c.obj
LOAD /tmp/ccnB3IaR.o
LOAD /usr/lib/gcc/arm-none-eabi/9.2.1/../../../arm-none-eabi/lib/thumb/v6-m/nofp/libstdc++.a
LOAD /usr/lib/gcc/arm-none-eabi/9.2.1/../../../arm-none-eabi/lib/thumb/v6-m/nofp/libm.a
START GROUP
LOAD /usr/lib/gcc/arm-none-eabi/9.2.1/thumb/v6-m/nofp/libgcc.a
LOAD /usr/lib/gcc/arm-none-eabi/9.2.1/../../../arm-none-eabi/lib/thumb/v6-m/nofp/libc.a
END GROUP
START GROUP
LOAD /usr/lib/gcc/arm-none-eabi/9.2.1/thumb/v6-m/nofp/libgcc.a
LOAD /usr/lib/gcc/arm-none-eabi/9.2.1/../../../arm-none-eabi/lib/thumb/v6-m/nofp/libc.a
LOAD /usr/lib/gcc/arm-none-eabi/9.2.1/../../../arm-none-eabi/lib/thumb/v6-m/nofp/libnosys.a
END GROUP
LOAD /usr/lib/gcc/arm-none-eabi/9.2.1/thumb/v6-m/nofp/crtend.o
LOAD /usr/lib/gcc/arm-none-eabi/9.2.1/thumb/v6-m/nofp/crtn.o
OUTPUT(PicoWebServer elf32-littlearm)
LOAD linker stubs

.ARM.attributes
                0x0000000000000000       0x28
 .ARM.attributes
                0x0000000000000000       0x1e /usr/lib/gcc/arm-none-eabi/9.2.1/thumb/v6-m/nofp/crti.o
 .ARM.attributes
                0x000000000000001e       0x2c /usr/lib/gcc/arm-none-eabi/9.2.1/thumb/v6-m/nofp/crtbegin.o
 .ARM.attributes
                0x000000000000004a       0x2c CMakeFiles/PicoWebServer.dir/PicoWebServer.cpp.obj
 .ARM.attributes
                0x0000000000000076       0x2c CMakeFiles/PicoWebServer.dir/home/varad/pico/pico-sdk/src/rp2_common/hardware_gpio/gpio.c.obj
 .ARM.attributes
                0x00000000000000a2       0x2c CMakeFiles/PicoWebServer.dir/home/varad/pico/pico-sdk/src/rp2_common/hardware_claim/claim.c.obj
 .ARM.attributes
                0x00000000000000ce       0x2c CMakeFiles/PicoWebServer.dir/home/varad/pico/pico-sdk/src/rp2_common/pico_platform/platform.c.obj
 .ARM.attributes
                0x00000000000000fa       0x2c CMakeFiles/PicoWebServer.dir/home/varad/pico/pico-sdk/src/rp2_common/hardware_sync/sync.c.obj
 .ARM.attributes
                0x0000000000000126       0x2c CMakeFiles/PicoWebServer.dir/home/varad/pico/pico-sdk/src/rp2_common/hardware_uart/uart.c.obj
 .ARM.attributes
                0x0000000000000152       0x2c CMakeFiles/PicoWebServer.dir/home/varad/pico/pico-sdk/src/common/pico_time/time.c.obj
 .ARM.attributes
                0x000000000000017e       0x2c CMakeFiles/PicoWebServer.dir/home/varad/pico/pico-sdk/src/rp2_common/hardware_timer/timer.c.obj
 .ARM.attributes
                0x00000000000001aa       0x2c CMakeFiles/PicoWebServer.dir/home/varad/pico/pico-sdk/src/common/pico_sync/lock_core.c.obj
 .ARM.attributes
                0x00000000000001d6       0x2c CMakeFiles/PicoWebServer.dir/home/varad/pico/pico-sdk/src/common/pico_sync/mutex.c.obj
 .ARM.attributes
                0x0000000000000202       0x2c CMakeFiles/PicoWebServer.dir/home/varad/pico/pico-sdk/src/common/pico_sync/critical_section.c.obj
 .ARM.attributes
                0x000000000000022e       0x2c CMakeFiles/PicoWebServer.dir/home/varad/pico/pico-sdk/src/common/pico_util/pheap.c.obj
 .ARM.attributes
                0x000000000000025a       0x2c CMakeFiles/PicoWebServer.dir/home/varad/pico/pico-sdk/src/rp2_common/pico_runtime/runtime.c.obj
 .ARM.attributes
                0x0000000000000286       0x2c CMakeFiles/PicoWebServer.dir/home/varad/pico/pico-sdk/src/rp2_common/hardware_clocks/clocks.c.obj
 .ARM.attributes
                0x00000000000002b2       0x2c CMakeFiles/PicoWebServer.dir/home/varad/pico/pico-sdk/src/rp2_common/hardware_irq/irq.c.obj
 .ARM.attributes
                0x00000000000002de       0x22 CMakeFiles/PicoWebServer.dir/home/varad/pico/pico-sdk/src/rp2_common/hardware_irq/irq_handler_chain.S.obj
 .ARM.attributes
                0x0000000000000300       0x2c CMakeFiles/PicoWebServer.dir/home/varad/pico/pico-sdk/src/rp2_common/hardware_pll/pll.c.obj
 .ARM.attributes
                0x000000000000032c       0x2c CMakeFiles/PicoWebServer.dir/home/varad/pico/pico-sdk/src/rp2_common/hardware_watchdog/watchdog.c.obj
 .ARM.attributes
                0x0000000000000358       0x2c CMakeFiles/PicoWebServer.dir/home/varad/pico/pico-sdk/src/rp2_common/hardware_xosc/xosc.c.obj
 .ARM.attributes
                0x0000000000000384       0x2c CMakeFiles/PicoWebServer.dir/home/varad/pico/pico-sdk/src/rp2_common/pico_printf/printf.c.obj
 .ARM.attributes
                0x00000000000003b0       0x22 CMakeFiles/PicoWebServer.dir/home/varad/pico/pico-sdk/src/rp2_common/pico_bit_ops/bit_ops_aeabi.S.obj
 .ARM.attributes
                0x00000000000003d2       0x2c CMakeFiles/PicoWebServer.dir/home/varad/pico/pico-sdk/src/rp2_common/pico_bootrom/bootrom.c.obj
 .ARM.attributes
                0x00000000000003fe       0x22 CMakeFiles/PicoWebServer.dir/home/varad/pico/pico-sdk/src/rp2_common/pico_divider/divider.S.obj
 .ARM.attributes
                0x0000000000000420       0x22 CMakeFiles/PicoWebServer.dir/home/varad/pico/pico-sdk/src/rp2_common/pico_double/double_aeabi.S.obj
 .ARM.attributes
                0x0000000000000442       0x2c CMakeFiles/PicoWebServer.dir/home/varad/pico/pico-sdk/src/rp2_common/pico_double/double_init_rom.c.obj
 .ARM.attributes
                0x000000000000046e       0x22 CMakeFiles/PicoWebServer.dir/home/varad/pico/pico-sdk/src/rp2_common/pico_double/double_v1_rom_shim.S.obj
 .ARM.attributes
                0x0000000000000490       0x22 CMakeFiles/PicoWebServer.dir/home/varad/pico/pico-sdk/src/rp2_common/pico_int64_ops/pico_int64_ops_aeabi.S.obj
 .ARM.attributes
                0x00000000000004b2       0x22 CMakeFiles/PicoWebServer.dir/home/varad/pico/pico-sdk/src/rp2_common/pico_float/float_aeabi.S.obj
 .ARM.attributes
                0x00000000000004d4       0x2c CMakeFiles/PicoWebServer.dir/home/varad/pico/pico-sdk/src/rp2_common/pico_float/float_init_rom.c.obj
 .ARM.attributes
                0x0000000000000500       0x22 CMakeFiles/PicoWebServer.dir/home/varad/pico/pico-sdk/src/rp2_common/pico_float/float_v1_rom_shim.S.obj
 .ARM.attributes
                0x0000000000000522       0x22 CMakeFiles/PicoWebServer.dir/home/varad/pico/pico-sdk/src/rp2_common/pico_mem_ops/mem_ops_aeabi.S.obj
 .ARM.attributes
                0x0000000000000544       0x22 CMakeFiles/PicoWebServer.dir/home/varad/pico/pico-sdk/src/rp2_common/pico_standard_link/crt0.S.obj
 .ARM.attributes
                0x0000000000000566       0x32 CMakeFiles/PicoWebServer.dir/home/varad/pico/pico-sdk/src/rp2_common/pico_standard_link/binary_info.c.obj
 .ARM.attributes
                0x0000000000000598       0x2c CMakeFiles/PicoWebServer.dir/home/varad/pico/pico-sdk/src/rp2_common/pico_stdio/stdio.c.obj
 .ARM.attributes
                0x00000000000005c4       0x2c CMakeFiles/PicoWebServer.dir/home/varad/pico/pico-sdk/src/rp2_common/pico_stdio_usb/reset_interface.c.obj
 .ARM.attributes
                0x00000000000005f0       0x2c CMakeFiles/PicoWebServer.dir/home/varad/pico/pico-sdk/src/rp2_common/pico_stdio_usb/stdio_usb.c.obj
 .ARM.attributes
                0x000000000000061c       0x2c CMakeFiles/PicoWebServer.dir/home/varad/pico/pico-sdk/src/rp2_common/pico_stdio_usb/stdio_usb_descriptors.c.obj
 .ARM.attributes
                0x0000000000000648       0x2c CMakeFiles/PicoWebServer.dir/home/varad/pico/pico-sdk/lib/tinyusb/src/portable/raspberrypi/rp2040/dcd_rp2040.c.obj
 .ARM.attributes
                0x0000000000000674       0x2c CMakeFiles/PicoWebServer.dir/home/varad/pico/pico-sdk/lib/tinyusb/src/portable/raspberrypi/rp2040/rp2040_usb.c.obj
 .ARM.attributes
                0x00000000000006a0       0x2c CMakeFiles/PicoWebServer.dir/home/varad/pico/pico-sdk/lib/tinyusb/src/device/usbd.c.obj
 .ARM.attributes
                0x00000000000006cc       0x2c CMakeFiles/PicoWebServer.dir/home/varad/pico/pico-sdk/lib/tinyusb/src/device/usbd_control.c.obj
 .ARM.attributes
                0x00000000000006f8       0x2c CMakeFiles/PicoWebServer.dir/home/varad/pico/pico-sdk/lib/tinyusb/src/class/cdc/cdc_device.c.obj
 .ARM.attributes
                0x0000000000000724       0x2c CMakeFiles/PicoWebServer.dir/home/varad/pico/pico-sdk/lib/tinyusb/src/tusb.c.obj
 .ARM.attributes
                0x0000000000000750       0x2c CMakeFiles/PicoWebServer.dir/home/varad/pico/pico-sdk/lib/tinyusb/src/common/tusb_fifo.c.obj
 .ARM.attributes
                0x000000000000077c       0x2c CMakeFiles/PicoWebServer.dir/home/varad/pico/pico-sdk/src/rp2_common/pico_unique_id/unique_id.c.obj
 .ARM.attributes
                0x00000000000007a8       0x2c CMakeFiles/PicoWebServer.dir/home/varad/pico/pico-sdk/src/rp2_common/hardware_flash/flash.c.obj
 .ARM.attributes
                0x00000000000007d4       0x22 /tmp/ccnB3IaR.o
 .ARM.attributes
                0x00000000000007f6       0x1e /usr/lib/gcc/arm-none-eabi/9.2.1/thumb/v6-m/nofp/libgcc.a(_dvmd_tls.o)
 .ARM.attributes
                0x0000000000000814       0x2c /usr/lib/gcc/arm-none-eabi/9.2.1/../../../arm-none-eabi/lib/thumb/v6-m/nofp/libc.a(lib_a-strcat.o)
 .ARM.attributes
                0x0000000000000840       0x2c /usr/lib/gcc/arm-none-eabi/9.2.1/../../../arm-none-eabi/lib/thumb/v6-m/nofp/libc.a(lib_a-strcpy.o)
 .ARM.attributes
                0x000000000000086c       0x2c /usr/lib/gcc/arm-none-eabi/9.2.1/../../../arm-none-eabi/lib/thumb/v6-m/nofp/libc.a(lib_a-strlen-stub.o)
 .ARM.attributes
                0x0000000000000898       0x2c /usr/lib/gcc/arm-none-eabi/9.2.1/thumb/v6-m/nofp/crtend.o

.comment        0x0000000000000000       0xa7
 .comment       0x0000000000000000       0x59 /usr/lib/gcc/arm-none-eabi/9.2.1/thumb/v6-m/nofp/crtbegin.o
                                         0x5a (size before relaxing)
 .comment       0x0000000000000059       0x5a CMakeFiles/PicoWebServer.dir/PicoWebServer.cpp.obj
 .comment       0x0000000000000059       0x5a CMakeFiles/PicoWebServer.dir/home/varad/pico/pico-sdk/src/rp2_common/hardware_gpio/gpio.c.obj
 .comment       0x0000000000000059       0x5a CMakeFiles/PicoWebServer.dir/home/varad/pico/pico-sdk/src/rp2_common/hardware_claim/claim.c.obj
 .comment       0x0000000000000059       0x5a CMakeFiles/PicoWebServer.dir/home/varad/pico/pico-sdk/src/rp2_common/pico_platform/platform.c.obj
 .comment       0x0000000000000059       0x5a CMakeFiles/PicoWebServer.dir/home/varad/pico/pico-sdk/src/rp2_common/hardware_sync/sync.c.obj
 .comment       0x0000000000000059       0x5a CMakeFiles/PicoWebServer.dir/home/varad/pico/pico-sdk/src/rp2_common/hardware_uart/uart.c.obj
 .comment       0x0000000000000059       0x5a CMakeFiles/PicoWebServer.dir/home/varad/pico/pico-sdk/src/common/pico_time/time.c.obj
 .comment       0x0000000000000059       0x5a CMakeFiles/PicoWebServer.dir/home/varad/pico/pico-sdk/src/rp2_common/hardware_timer/timer.c.obj
 .comment       0x0000000000000059       0x5a CMakeFiles/PicoWebServer.dir/home/varad/pico/pico-sdk/src/common/pico_sync/lock_core.c.obj
 .comment       0x0000000000000059       0x5a CMakeFiles/PicoWebServer.dir/home/varad/pico/pico-sdk/src/common/pico_sync/mutex.c.obj
 .comment       0x0000000000000059       0x5a CMakeFiles/PicoWebServer.dir/home/varad/pico/pico-sdk/src/common/pico_sync/critical_section.c.obj
 .comment       0x0000000000000059       0x5a CMakeFiles/PicoWebServer.dir/home/varad/pico/pico-sdk/src/common/pico_util/pheap.c.obj
 .comment       0x0000000000000059       0x5a CMakeFiles/PicoWebServer.dir/home/varad/pico/pico-sdk/src/rp2_common/pico_runtime/runtime.c.obj
 .comment       0x0000000000000059       0x5a CMakeFiles/PicoWebServer.dir/home/varad/pico/pico-sdk/src/rp2_common/hardware_clocks/clocks.c.obj
 .comment       0x0000000000000059       0x5a CMakeFiles/PicoWebServer.dir/home/varad/pico/pico-sdk/src/rp2_common/hardware_irq/irq.c.obj