Archive member included to satisfy reference by file (symbol)

/opt/gcc-arm-none-eabi-9-2020-q2-update/bin/../lib/gcc/arm-none-eabi/9.3.1/thumb/v6-m/nofp/libgcc.a(_dvmd_tls.o)
                              CMakeFiles/PicoESP.dir/home/hexplex0xff/picodev/pico-sdk/src/rp2_common/pico_divider/divider.S.obj (__aeabi_idiv0)
/opt/gcc-arm-none-eabi-9-2020-q2-update/bin/../lib/gcc/arm-none-eabi/9.3.1/../../../../arm-none-eabi/lib/thumb/v6-m/nofp/libc.a(lib_a-calloc.o)
                              CMakeFiles/PicoESP.dir/home/hexplex0xff/picodev/pico-sdk/src/rp2_common/pico_malloc/pico_malloc.c.obj (calloc)
/opt/gcc-arm-none-eabi-9-2020-q2-update/bin/../lib/gcc/arm-none-eabi/9.3.1/../../../../arm-none-eabi/lib/thumb/v6-m/nofp/libc.a(lib_a-callocr.o)
                              /opt/gcc-arm-none-eabi-9-2020-q2-update/bin/../lib/gcc/arm-none-eabi/9.3.1/../../../../arm-none-eabi/lib/thumb/v6-m/nofp/libc.a(lib_a-calloc.o) (_calloc_r)
/opt/gcc-arm-none-eabi-9-2020-q2-update/bin/../lib/gcc/arm-none-eabi/9.3.1/../../../../arm-none-eabi/lib/thumb/v6-m/nofp/libc.a(lib_a-impure.o)
                              /opt/gcc-arm-none-eabi-9-2020-q2-update/bin/../lib/gcc/arm-none-eabi/9.3.1/../../../../arm-none-eabi/lib/thumb/v6-m/nofp/libc.a(lib_a-calloc.o) (_impure_ptr)
/opt/gcc-arm-none-eabi-9-2020-q2-update/bin/../lib/gcc/arm-none-eabi/9.3.1/../../../../arm-none-eabi/lib/thumb/v6-m/nofp/libc.a(lib_a-init.o)
                              /opt/gcc-arm-none-eabi-9-2020-q2-update/bin/../lib/gcc/arm-none-eabi/9.3.1/../../../../arm-none-eabi/lib/thumb/v6-m/nofp/crt0.o (__libc_init_array)
/opt/gcc-arm-none-eabi-9-2020-q2-update/bin/../lib/gcc/arm-none-eabi/9.3.1/../../../../arm-none-eabi/lib/thumb/v6-m/nofp/libc.a(lib_a-itoa.o)
                              CMakeFiles/PicoESP.dir/PicoWebServer.cpp.obj (itoa)
/opt/gcc-arm-none-eabi-9-2020-q2-update/bin/../lib/gcc/arm-none-eabi/9.3.1/../../../../arm-none-eabi/lib/thumb/v6-m/nofp/libc.a(lib_a-malloc.o)
                              CMakeFiles/PicoESP.dir/home/hexplex0xff/picodev/pico-sdk/src/rp2_common/pico_malloc/pico_malloc.c.obj (malloc)
/opt/gcc-arm-none-eabi-9-2020-q2-update/bin/../lib/gcc/arm-none-eabi/9.3.1/../../../../arm-none-eabi/lib/thumb/v6-m/nofp/libc.a(lib_a-mallocr.o)
                              /opt/gcc-arm-none-eabi-9-2020-q2-update/bin/../lib/gcc/arm-none-eabi/9.3.1/../../../../arm-none-eabi/lib/thumb/v6-m/nofp/libc.a(lib_a-callocr.o) (_malloc_r)
/opt/gcc-arm-none-eabi-9-2020-q2-update/bin/../lib/gcc/arm-none-eabi/9.3.1/../../../../arm-none-eabi/lib/thumb/v6-m/nofp/libc.a(lib_a-mlock.o)
                              /opt/gcc-arm-none-eabi-9-2020-q2-update/bin/../lib/gcc/arm-none-eabi/9.3.1/../../../../arm-none-eabi/lib/thumb/v6-m/nofp/libc.a(lib_a-mallocr.o) (__malloc_lock)
/opt/gcc-arm-none-eabi-9-2020-q2-update/bin/../lib/gcc/arm-none-eabi/9.3.1/../../../../arm-none-eabi/lib/thumb/v6-m/nofp/libc.a(lib_a-sbrkr.o)
                              /opt/gcc-arm-none-eabi-9-2020-q2-update/bin/../lib/gcc/arm-none-eabi/9.3.1/../../../../arm-none-eabi/lib/thumb/v6-m/nofp/libc.a(lib_a-mallocr.o) (_sbrk_r)
/opt/gcc-arm-none-eabi-9-2020-q2-update/bin/../lib/gcc/arm-none-eabi/9.3.1/../../../../arm-none-eabi/lib/thumb/v6-m/nofp/libc.a(lib_a-strcat.o)
                              CMakeFiles/PicoESP.dir/PicoWebServer.cpp.obj (strcat)
/opt/gcc-arm-none-eabi-9-2020-q2-update/bin/../lib/gcc/arm-none-eabi/9.3.1/../../../../arm-none-eabi/lib/thumb/v6-m/nofp/libc.a(lib_a-strcpy.o)
                              /opt/gcc-arm-none-eabi-9-2020-q2-update/bin/../lib/gcc/arm-none-eabi/9.3.1/../../../../arm-none-eabi/lib/thumb/v6-m/nofp/libc.a(lib_a-strcat.o) (strcpy)
/opt/gcc-arm-none-eabi-9-2020-q2-update/bin/../lib/gcc/arm-none-eabi/9.3.1/../../../../arm-none-eabi/lib/thumb/v6-m/nofp/libc.a(lib_a-strlen-stub.o)
                              CMakeFiles/PicoESP.dir/PicoWebServer.cpp.obj (strlen)
/opt/gcc-arm-none-eabi-9-2020-q2-update/bin/../lib/gcc/arm-none-eabi/9.3.1/../../../../arm-none-eabi/lib/thumb/v6-m/nofp/libc.a(lib_a-strncat.o)
                              CMakeFiles/PicoESP.dir/PicoWebServer.cpp.obj (strncat)
/opt/gcc-arm-none-eabi-9-2020-q2-update/bin/../lib/gcc/arm-none-eabi/9.3.1/../../../../arm-none-eabi/lib/thumb/v6-m/nofp/libc.a(lib_a-utoa.o)
                              /opt/gcc-arm-none-eabi-9-2020-q2-update/bin/../lib/gcc/arm-none-eabi/9.3.1/../../../../arm-none-eabi/lib/thumb/v6-m/nofp/libc.a(lib_a-itoa.o) (__utoa)
/opt/gcc-arm-none-eabi-9-2020-q2-update/bin/../lib/gcc/arm-none-eabi/9.3.1/../../../../arm-none-eabi/lib/thumb/v6-m/nofp/libc.a(lib_a-freer.o)
                              /opt/gcc-arm-none-eabi-9-2020-q2-update/bin/../lib/gcc/arm-none-eabi/9.3.1/../../../../arm-none-eabi/lib/thumb/v6-m/nofp/libc.a(lib_a-malloc.o) (_free_r)
/opt/gcc-arm-none-eabi-9-2020-q2-update/bin/../lib/gcc/arm-none-eabi/9.3.1/../../../../arm-none-eabi/lib/thumb/v6-m/nofp/libc.a(lib_a-lock.o)
[...]
Memory Configuration

Name             Origin             Length             Attributes
FLASH            0x0000000010000000 0x0000000000200000 xr
RAM              0x0000000020000000 0x0000000000040000 xrw
SCRATCH_X        0x0000000020040000 0x0000000000001000 xrw
SCRATCH_Y        0x0000000020041000 0x0000000000001000 xrw
*default*        0x0000000000000000 0xffffffffffffffff

Linker script and memory map

LOAD /opt/gcc-arm-none-eabi-9-2020-q2-update/bin/../lib/gcc/arm-none-eabi/9.3.1/thumb/v6-m/nofp/crti.o
LOAD /opt/gcc-arm-none-eabi-9-2020-q2-update/bin/../lib/gcc/arm-none-eabi/9.3.1/thumb/v6-m/nofp/crtbegin.o
LOAD /opt/gcc-arm-none-eabi-9-2020-q2-update/bin/../lib/gcc/arm-none-eabi/9.3.1/../../../../arm-none-eabi/lib/thumb/v6-m/nofp/crt0.o

.flash_begin    0x0000000010000000        0x0
                0x0000000010000000                __flash_binary_start = .

.boot2          0x0000000010000000      0x100
                0x0000000010000000                __boot2_start__ = .
 *(.boot2)
 .boot2         0x0000000010000000      0x100 /tmp/ccZEaD2b.o
                0x0000000010000100                __boot2_end__ = .
                0x0000000000000001                ASSERT (((__boot2_end__ - __boot2_start__) == 0x100), ERROR: Pico second stage bootloader must be 256 bytes in size)

.text           0x0000000010000100     0x6ee0
                0x0000000010000100                __logical_binary_start = .
 *(.vectors)
 .vectors       0x0000000010000100       0xd4 CMakeFiles/PicoESP.dir/home/hexplex0xff/picodev/pico-sdk/src/rp2_common/pico_standard_link/crt0.S.obj
                0x0000000010000100                __vectors
                0x0000000010000100                __VECTOR_TABLE
                0x00000000100001c0                isr_invalid
                0x00000000100001c0                __default_isrs_start
                0x00000000100001c2                isr_nmi
                0x00000000100001c4                isr_hardfault
                0x00000000100001c6                isr_svcall
                0x00000000100001c8                isr_pendsv
                0x00000000100001ca                isr_systick
                0x00000000100001cc                isr_irq30
                0x00000000100001cc                __unhandled_user_irq
                0x00000000100001cc                isr_irq13
                0x00000000100001cc                isr_irq27
                0x00000000100001cc                isr_irq31
                0x00000000100001cc                isr_irq5
                0x00000000100001cc                isr_irq11
                0x00000000100001cc                isr_irq23
                0x00000000100001cc                isr_irq18
                0x00000000100001cc                isr_irq28
                0x00000000100001cc                isr_irq19
                0x00000000100001cc                isr_irq0
                0x00000000100001cc                isr_irq6
                0x00000000100001cc                isr_irq22
                0x00000000100001cc                isr_irq17
                0x00000000100001cc                isr_irq14
                0x00000000100001cc                isr_irq2
                0x00000000100001cc                isr_irq10
                0x00000000100001cc                isr_irq8
                0x00000000100001cc                isr_irq24
                0x00000000100001cc                isr_irq1
                0x00000000100001cc                isr_irq7
                0x00000000100001cc                isr_irq21
                0x00000000100001cc                isr_irq20
                0x00000000100001cc                isr_irq15
                0x00000000100001cc                isr_irq25
                0x00000000100001cc                isr_irq4
                0x00000000100001cc                isr_irq16
                0x00000000100001cc                isr_irq29
                0x00000000100001cc                isr_irq26
                0x00000000100001cc                __default_isrs_end
                0x00000000100001cc                isr_irq3
                0x00000000100001cc                isr_irq12
                0x00000000100001cc                isr_irq9
                0x00000000100001d2                unhandled_user_irq_num_in_r0
 *(.binary_info_header)
 .binary_info_header
                0x00000000100001d4       0x14 CMakeFiles/PicoESP.dir/home/hexplex0xff/picodev/pico-sdk/src/rp2_common/pico_standard_link/crt0.S.obj
                0x00000000100001e8                __binary_info_header_end = .
 *(.reset)
 .reset         0x00000000100001e8       0xa8 CMakeFiles/PicoESP.dir/home/hexplex0xff/picodev/pico-sdk/src/rp2_common/pico_standard_link/crt0.S.obj
                0x00000000100001e8                _entry_point
                0x0000000010000266                __get_current_exception
 .reset         0x0000000010000290       0x30 CMakeFiles/PicoESP.dir/home/hexplex0xff/picodev/pico-sdk/src/rp2_common/pico_standard_link/binary_info.c.obj
 *(.init)
 .init          0x00000000100002c0        0x4 /opt/gcc-arm-none-eabi-9-2020-q2-update/bin/../lib/gcc/arm-none-eabi/9.3.1/thumb/v6-m/nofp/crti.o
                0x00000000100002c0                _init
 *(EXCLUDE_FILE(*libm.a: *libc.a:*lib_a-mem*.o *libgcc.a:) .text*)
 .text          0x00000000100002c4       0x48 /opt/gcc-arm-none-eabi-9-2020-q2-update/bin/../lib/gcc/arm-none-eabi/9.3.1/thumb/v6-m/nofp/crtbegin.o
 .text._Z14alarm_callbacklPv
                0x000000001000030c      0x10c CMakeFiles/PicoESP.dir/PicoWebServer.cpp.obj
                0x000000001000030c                alarm_callback(long, void*)
 .text._ZN6PPMGenC2Ev
                0x0000000010000418       0x94 CMakeFiles/PicoESP.dir/PicoWebServer.cpp.obj
                0x0000000010000418                PPMGen::PPMGen()
                0x0000000010000418                PPMGen::PPMGen()
 .text._Z20setup_uart_interruptv
                0x00000000100004ac       0x38 CMakeFiles/PicoESP.dir/PicoWebServer.cpp.obj
                0x00000000100004ac                setup_uart_interrupt()
 .text._Z16sendCMD_waitRespPKcm
                0x00000000100004e4       0x54 CMakeFiles/PicoESP.dir/PicoWebServer.cpp.obj
                0x00000000100004e4                sendCMD_waitResp(char const*, unsigned long)
 .text.startup.main
                0x0000000010000538       0xd8 CMakeFiles/PicoESP.dir/PicoWebServer.cpp.obj
                0x0000000010000538                main
 .text.startup._GLOBAL__sub_I_channel_default_value
                0x0000000010000610       0x10 CMakeFiles/PicoESP.dir/PicoWebServer.cpp.obj
 .text.gpio_set_function
                0x0000000010000620       0x30 CMakeFiles/PicoESP.dir/home/hexplex0xff/picodev/pico-sdk/src/rp2_common/hardware_gpio/gpio.c.obj
                0x0000000010000620                gpio_set_function
 .text.gpio_init
                0x0000000010000650       0x3c CMakeFiles/PicoESP.dir/home/hexplex0xff/picodev/pico-sdk/src/rp2_common/hardware_gpio/gpio.c.obj
                0x0000000010000650                gpio_init
 .text.hw_claim_or_assert
                0x000000001000068c       0x48 CMakeFiles/PicoESP.dir/home/hexplex0xff/picodev/pico-sdk/src/rp2_common/hardware_claim/claim.c.obj
                0x000000001000068c                hw_claim_or_assert
 .text.hw_claim_unused_from_range
                0x00000000100006d4       0x9c CMakeFiles/PicoESP.dir/home/hexplex0xff/picodev/pico-sdk/src/rp2_common/hardware_claim/claim.c.obj
                0x00000000100006d4                hw_claim_unused_from_range
 .text.running_on_fpga
                0x0000000010000770       0x10 CMakeFiles/PicoESP.dir/home/hexplex0xff/picodev/pico-sdk/src/rp2_common/pico_platform/platform.c.obj
                0x0000000010000770                running_on_fpga
 .text.spin_locks_reset
                0x0000000010000780       0x1c CMakeFiles/PicoESP.dir/home/hexplex0xff/picodev/pico-sdk/src/rp2_common/hardware_sync/sync.c.obj
                0x0000000010000780                spin_locks_reset
 .text.next_striped_spin_lock_num
                0x000000001000079c       0x18 CMakeFiles/PicoESP.dir/home/hexplex0xff/picodev/pico-sdk/src/rp2_common/hardware_sync/sync.c.obj
                0x000000001000079c                next_striped_spin_lock_num
 .text.spin_lock_claim_unused
                0x00000000100007b4       0x20 CMakeFiles/PicoESP.dir/home/hexplex0xff/picodev/pico-sdk/src/rp2_common/hardware_sync/sync.c.obj
                0x00000000100007b4                spin_lock_claim_unused
 .text.uart_init
                0x00000000100007d4       0xe4 CMakeFiles/PicoESP.dir/home/hexplex0xff/picodev/pico-sdk/src/rp2_common/hardware_uart/uart.c.obj
                0x00000000100007d4                uart_init
 .text.timer_pool_entry_comparator
                0x00000000100008b8       0x34 CMakeFiles/PicoESP.dir/home/hexplex0xff/picodev/pico-sdk/src/common/pico_time/time.c.obj
                0x00000000100008b8                timer_pool_entry_comparator
 .text.sleep_until_callback
                0x00000000100008ec       0x30 CMakeFiles/PicoESP.dir/home/hexplex0xff/picodev/pico-sdk/src/common/pico_time/time.c.obj
 .text.alarm_pool_add_alarm_at.constprop.0
                0x000000001000091c      0x128 CMakeFiles/PicoESP.dir/home/hexplex0xff/picodev/pico-sdk/src/common/pico_time/time.c.obj
 .text.add_alarm_under_lock
                0x0000000010000a44      0x108 CMakeFiles/PicoESP.dir/home/hexplex0xff/picodev/pico-sdk/src/common/pico_time/time.c.obj
 .text.alarm_pool_alarm_callback
                0x0000000010000b4c      0x1c8 CMakeFiles/PicoESP.dir/home/hexplex0xff/picodev/pico-sdk/src/common/pico_time/time.c.obj
 .text.alarm_pool_init_default
                0x0000000010000d14       0x64 CMakeFiles/PicoESP.dir/home/hexplex0xff/picodev/pico-sdk/src/common/pico_time/time.c.obj
                0x0000000010000d14                alarm_pool_init_default
 .text.alarm_pool_get_default
                0x0000000010000d78        0x8 CMakeFiles/PicoESP.dir/home/hexplex0xff/picodev/pico-sdk/src/common/pico_time/time.c.obj
                0x0000000010000d78                alarm_pool_get_default
 .text.alarm_pool_add_alarm_at
                0x0000000010000d80      0x1ac CMakeFiles/PicoESP.dir/home/hexplex0xff/picodev/pico-sdk/src/common/pico_time/time.c.obj
                0x0000000010000d80                alarm_pool_add_alarm_at
 .text.sleep_until
                0x0000000010000f2c       0xac CMakeFiles/PicoESP.dir/home/hexplex0xff/picodev/pico-sdk/src/common/pico_time/time.c.obj
                0x0000000010000f2c                sleep_until
 .text.sleep_ms
                0x0000000010000fd8       0x38 CMakeFiles/PicoESP.dir/home/hexplex0xff/picodev/pico-sdk/src/common/pico_time/time.c.obj
                0x0000000010000fd8                sleep_ms
 .text.best_effort_wfe_or_timeout
                0x0000000010001010       0xd4 CMakeFiles/PicoESP.dir/home/hexplex0xff/picodev/pico-sdk/src/common/pico_time/time.c.obj
                0x0000000010001010                best_effort_wfe_or_timeout
 .text.hardware_alarm_irq_handler
                0x00000000100010e4       0xb8 CMakeFiles/PicoESP.dir/home/hexplex0xff/picodev/pico-sdk/src/rp2_common/hardware_timer/timer.c.obj
 .text.hardware_alarm_claim
                0x000000001000119c       0x18 CMakeFiles/PicoESP.dir/home/hexplex0xff/picodev/pico-sdk/src/rp2_common/hardware_timer/timer.c.obj
                0x000000001000119c                hardware_alarm_claim
 .text.time_us_64
                0x00000000100011b4       0x14 CMakeFiles/PicoESP.dir/home/hexplex0xff/picodev/pico-sdk/src/rp2_common/hardware_timer/timer.c.obj
                0x00000000100011b4                time_us_64
 .text.busy_wait_until
                0x00000000100011c8       0x20 CMakeFiles/PicoESP.dir/home/hexplex0xff/picodev/pico-sdk/src/rp2_common/hardware_timer/timer.c.obj
                0x00000000100011c8                busy_wait_until
 .text.hardware_alarm_set_callback
                0x00000000100011e8       0x8c CMakeFiles/PicoESP.dir/home/hexplex0xff/picodev/pico-sdk/src/rp2_common/hardware_timer/timer.c.obj
                0x00000000100011e8                hardware_alarm_set_callback
 .text.hardware_alarm_set_target
                0x0000000010001274       0xe4 CMakeFiles/PicoESP.dir/home/hexplex0xff/picodev/pico-sdk/src/rp2_common/hardware_timer/timer.c.obj
                0x0000000010001274                hardware_alarm_set_target
 .text.hardware_alarm_cancel
                0x0000000010001358       0x40 CMakeFiles/PicoESP.dir/home/hexplex0xff/picodev/pico-sdk/src/rp2_common/hardware_timer/timer.c.obj
                0x0000000010001358                hardware_alarm_cancel
 .text.lock_init
                0x0000000010001398       0x10 CMakeFiles/PicoESP.dir/home/hexplex0xff/picodev/pico-sdk/src/common/pico_sync/lock_core.c.obj
                0x0000000010001398                lock_init
 .text.mutex_init
                0x00000000100013a8       0x1c CMakeFiles/PicoESP.dir/home/hexplex0xff/picodev/pico-sdk/src/common/pico_sync/mutex.c.obj
                0x00000000100013a8                mutex_init
 .text.recursive_mutex_init
                0x00000000100013c4       0x1c CMakeFiles/PicoESP.dir/home/hexplex0xff/picodev/pico-sdk/src/common/pico_sync/mutex.c.obj
                0x00000000100013c4                recursive_mutex_init
 .text.critical_section_init
                0x00000000100013e0       0x1c CMakeFiles/PicoESP.dir/home/hexplex0xff/picodev/pico-sdk/src/common/pico_sync/critical_section.c.obj
                0x00000000100013e0                critical_section_init
 .text.ph_merge_nodes
                0x00000000100013fc       0x68 CMakeFiles/PicoESP.dir/home/hexplex0xff/picodev/pico-sdk/src/common/pico_util/pheap.c.obj
 .text.ph_post_alloc_init
                0x0000000010001464       0x3c CMakeFiles/PicoESP.dir/home/hexplex0xff/picodev/pico-sdk/src/common/pico_util/pheap.c.obj
                0x0000000010001464                ph_post_alloc_init
 .text.ph_merge_two_pass
                0x00000000100014a0       0x90 CMakeFiles/PicoESP.dir/home/hexplex0xff/picodev/pico-sdk/src/common/pico_util/pheap.c.obj
                0x00000000100014a0                ph_merge_two_pass
 .text.ph_remove_any_head
                0x0000000010001530       0xf8 CMakeFiles/PicoESP.dir/home/hexplex0xff/picodev/pico-sdk/src/common/pico_util/pheap.c.obj
 .text.ph_remove_head
                0x0000000010001628      0x13c CMakeFiles/PicoESP.dir/home/hexplex0xff/picodev/pico-sdk/src/common/pico_util/pheap.c.obj
                0x0000000010001628                ph_remove_head
 .text.ph_remove_and_free_node
                0x0000000010001764       0x7c CMakeFiles/PicoESP.dir/home/hexplex0xff/picodev/pico-sdk/src/common/pico_util/pheap.c.obj
                0x0000000010001764                ph_remove_and_free_node
 .text.runtime_init
                0x00000000100017e0       0xfc CMakeFiles/PicoESP.dir/home/hexplex0xff/picodev/pico-sdk/src/rp2_common/pico_runtime/runtime.c.obj
                0x00000000100017e0                runtime_init
 .text.exit     0x00000000100018dc        0x4 CMakeFiles/PicoESP.dir/home/hexplex0xff/picodev/pico-sdk/src/rp2_common/pico_runtime/runtime.c.obj
                0x00000000100018dc                exit
 .text.panic    0x00000000100018e0       0x30 CMakeFiles/PicoESP.dir/home/hexplex0xff/picodev/pico-sdk/src/rp2_common/pico_runtime/runtime.c.obj
                0x00000000100018e0                panic
 .text.hard_assertion_failure
                0x0000000010001910        0xc CMakeFiles/PicoESP.dir/home/hexplex0xff/picodev/pico-sdk/src/rp2_common/pico_runtime/runtime.c.obj
                0x0000000010001910                hard_assertion_failure
 .text.clocks_init
                0x000000001000191c      0x2bc CMakeFiles/PicoESP.dir/home/hexplex0xff/picodev/pico-sdk/src/rp2_common/hardware_clocks/clocks.c.obj
                0x000000001000191c                clocks_init
 .text.clock_get_hz
                0x0000000010001bd8        0xc CMakeFiles/PicoESP.dir/home/hexplex0xff/picodev/pico-sdk/src/rp2_common/hardware_clocks/clocks.c.obj
                0x0000000010001bd8                clock_get_hz
 .text.irq_set_enabled
                0x0000000010001be4       0x24 CMakeFiles/PicoESP.dir/home/hexplex0xff/picodev/pico-sdk/src/rp2_common/hardware_irq/irq.c.obj
                0x0000000010001be4                irq_set_enabled
 .text.irq_is_enabled
                0x0000000010001c08       0x18 CMakeFiles/PicoESP.dir/home/hexplex0xff/picodev/pico-sdk/src/rp2_common/hardware_irq/irq.c.obj
                0x0000000010001c08                irq_is_enabled
 .text.irq_set_pending
                0x0000000010001c20       0x10 CMakeFiles/PicoESP.dir/home/hexplex0xff/picodev/pico-sdk/src/rp2_common/hardware_irq/irq.c.obj
                0x0000000010001c20                irq_set_pending
 .text.irq_get_vtable_handler
                0x0000000010001c30       0x10 CMakeFiles/PicoESP.dir/home/hexplex0xff/picodev/pico-sdk/src/rp2_common/hardware_irq/irq.c.obj
                0x0000000010001c30                irq_get_vtable_handler
 .text.irq_set_exclusive_handler
                0x0000000010001c40       0x54 CMakeFiles/PicoESP.dir/home/hexplex0xff/picodev/pico-sdk/src/rp2_common/hardware_irq/irq.c.obj
                0x0000000010001c40                irq_set_exclusive_handler
 .text.irq_remove_handler
                0x0000000010001c94      0x1b8 CMakeFiles/PicoESP.dir/home/hexplex0xff/picodev/pico-sdk/src/rp2_common/hardware_irq/irq.c.obj
                0x0000000010001c94                irq_remove_handler
 .text.irq_add_tail_to_free_list
                0x0000000010001e4c       0xb8 CMakeFiles/PicoESP.dir/home/hexplex0xff/picodev/pico-sdk/src/rp2_common/hardware_irq/irq.c.obj
                0x0000000010001e4c                irq_add_tail_to_free_list
 .text.irq_init_priorities
                0x0000000010001f04       0x38 CMakeFiles/PicoESP.dir/home/hexplex0xff/picodev/pico-sdk/src/rp2_common/hardware_irq/irq.c.obj
                0x0000000010001f04                irq_init_priorities
 .text.pll_init
                0x0000000010001f3c       0xa4 CMakeFiles/PicoESP.dir/home/hexplex0xff/picodev/pico-sdk/src/rp2_common/hardware_pll/pll.c.obj
                0x0000000010001f3c                pll_init
 .text.watchdog_start_tick
                0x0000000010001fe0       0x10 CMakeFiles/PicoESP.dir/home/hexplex0xff/picodev/pico-sdk/src/rp2_common/hardware_watchdog/watchdog.c.obj
                0x0000000010001fe0                watchdog_start_tick
 .text.watchdog_reboot
                0x0000000010001ff0       0x98 CMakeFiles/PicoESP.dir/home/hexplex0xff/picodev/pico-sdk/src/rp2_common/hardware_watchdog/watchdog.c.obj
                0x0000000010001ff0                watchdog_reboot
 .text.xosc_init
                0x0000000010002088       0x28 CMakeFiles/PicoESP.dir/home/hexplex0xff/picodev/pico-sdk/src/rp2_common/hardware_xosc/xosc.c.obj
                0x0000000010002088                xosc_init
 .text._out_null
                0x00000000100020b0        0x4 CMakeFiles/PicoESP.dir/home/hexplex0xff/picodev/pico-sdk/src/rp2_common/pico_printf/printf.c.obj
 .text._out_rev
                0x00000000100020b4       0xd0 CMakeFiles/PicoESP.dir/home/hexplex0xff/picodev/pico-sdk/src/rp2_common/pico_printf/printf.c.obj
 .text._ntoa_format
                0x0000000010002184      0x1d0 CMakeFiles/PicoESP.dir/home/hexplex0xff/picodev/pico-sdk/src/rp2_common/pico_printf/printf.c.obj
 .text._out_char
                0x0000000010002354       0x10 CMakeFiles/PicoESP.dir/home/hexplex0xff/picodev/pico-sdk/src/rp2_common/pico_printf/printf.c.obj
 .text._out_fct
                0x0000000010002364       0x10 CMakeFiles/PicoESP.dir/home/hexplex0xff/picodev/pico-sdk/src/rp2_common/pico_printf/printf.c.obj
 .text._etoa    0x0000000010002374      0x478 CMakeFiles/PicoESP.dir/home/hexplex0xff/picodev/pico-sdk/src/rp2_common/pico_printf/printf.c.obj
 .text._ftoa    0x00000000100027ec      0x3e0 CMakeFiles/PicoESP.dir/home/hexplex0xff/picodev/pico-sdk/src/rp2_common/pico_printf/printf.c.obj
 .text._vsnprintf
                0x0000000010002bcc      0xb08 CMakeFiles/PicoESP.dir/home/hexplex0xff/picodev/pico-sdk/src/rp2_common/pico_printf/printf.c.obj
 .text.vfctprintf
                0x00000000100036d4       0x20 CMakeFiles/PicoESP.dir/home/hexplex0xff/picodev/pico-sdk/src/rp2_common/pico_printf/printf.c.obj
                0x00000000100036d4                vfctprintf
 .text.weak_raw_vprintf
                0x00000000100036f4       0x30 CMakeFiles/PicoESP.dir/home/hexplex0xff/picodev/pico-sdk/src/rp2_common/pico_printf/printf.c.obj
                0x00000000100036f4                weak_raw_vprintf
 .text          0x0000000010003724       0x10 CMakeFiles/PicoESP.dir/home/hexplex0xff/picodev/pico-sdk/src/rp2_common/pico_bit_ops/bit_ops_aeabi.S.obj
 .text.rom_func_lookup
                0x0000000010003734       0x10 CMakeFiles/PicoESP.dir/home/hexplex0xff/picodev/pico-sdk/src/rp2_common/pico_bootrom/bootrom.c.obj
                0x0000000010003734                rom_func_lookup
 .text.rom_data_lookup
                0x0000000010003744       0x10 CMakeFiles/PicoESP.dir/home/hexplex0xff/picodev/pico-sdk/src/rp2_common/pico_bootrom/bootrom.c.obj
                0x0000000010003744                rom_data_lookup
 .text.rom_funcs_lookup
                0x0000000010003754       0x3c CMakeFiles/PicoESP.dir/home/hexplex0xff/picodev/pico-sdk/src/rp2_common/pico_bootrom/bootrom.c.obj
                0x0000000010003754                rom_funcs_lookup
 .text.__wrap___aeabi_idiv
                0x0000000010003790       0x50 CMakeFiles/PicoESP.dir/home/hexplex0xff/picodev/pico-sdk/src/rp2_common/pico_divider/divider.S.obj
                0x0000000010003790                __wrap___aeabi_idivmod
                0x0000000010003790                divmod_s32s32
                0x0000000010003790                div_s32s32
                0x0000000010003790                __wrap___aeabi_idiv
                0x0000000010003798                divmod_s32s32_unsafe
                0x00000000100037c4                divmod_s32s32_savestate
 .text.__wrap___aeabi_uidiv
                0x00000000100037e0       0x4c CMakeFiles/PicoESP.dir/home/hexplex0xff/picodev/pico-sdk/src/rp2_common/pico_divider/divider.S.obj
                0x00000000100037e0                __wrap___aeabi_uidiv
                0x00000000100037e0                __wrap___aeabi_uidivmod
                0x00000000100037e0                div_u32u32
                0x00000000100037e0                divmod_u32u32
                0x00000000100037e8                divmod_u32u32_unsafe
                0x0000000010003810                divmod_u32u32_savestate
 .text.__wrap___aeabi_ldiv
                0x000000001000382c      0x430 CMakeFiles/PicoESP.dir/home/hexplex0xff/picodev/pico-sdk/src/rp2_common/pico_divider/divider.S.obj
                0x000000001000382c                div_s64s64
                0x000000001000382c                divmod_s64s64
                0x000000001000382c                __wrap___aeabi_ldivmod
                0x0000000010003864                div_u64u64
                0x0000000010003864                divmod_u64u64
                0x0000000010003864                __wrap___aeabi_uldivmod
                0x0000000010003874                divmod_u64u64_savestate
                0x000000001000389c                divmod_s64s64_unsafe
                0x0000000010003924                divmod_u64u64_unsafe
 .text.__wrap___aeabi_darithmetic
                0x0000000010003c5c       0x80 CMakeFiles/PicoESP.dir/home/hexplex0xff/picodev/pico-sdk/src/rp2_common/pico_double/double_aeabi.S.obj
                0x0000000010003c5c                __wrap___aeabi_drsub
                0x0000000010003c62                __wrap___aeabi_dsub
                0x0000000010003c74                __wrap___aeabi_dadd
                0x0000000010003c86                __wrap___aeabi_ddiv
                0x0000000010003cc2                __wrap___aeabi_dmul
 .text.__wrap___aeabi_cdcmple
                0x0000000010003cdc       0x6c CMakeFiles/PicoESP.dir/home/hexplex0xff/picodev/pico-sdk/src/rp2_common/pico_double/double_aeabi.S.obj
                0x0000000010003cdc                __wrap___aeabi_cdrcmple
                0x0000000010003cec                __wrap___aeabi_cdcmple
                0x0000000010003cec                __wrap___aeabi_cdcmpeq
 .text.__wrap___aeabi_dcmplt
                0x0000000010003d48        0xc CMakeFiles/PicoESP.dir/home/hexplex0xff/picodev/pico-sdk/src/rp2_common/pico_double/double_aeabi.S.obj
                0x0000000010003d48                __wrap___aeabi_dcmplt
 .text.__wrap___aeabi_dcmple
                0x0000000010003d54       0x10 CMakeFiles/PicoESP.dir/home/hexplex0xff/picodev/pico-sdk/src/rp2_common/pico_double/double_aeabi.S.obj
                0x0000000010003d54                __wrap___aeabi_dcmple
 .text.__wrap___aeabi_dcmpge
                0x0000000010003d64       0x10 CMakeFiles/PicoESP.dir/home/hexplex0xff/picodev/pico-sdk/src/rp2_common/pico_double/double_aeabi.S.obj
                0x0000000010003d64                __wrap___aeabi_dcmpge
 .text.__wrap___aeabi_dcmpgt
                0x0000000010003d74        0xa CMakeFiles/PicoESP.dir/home/hexplex0xff/picodev/pico-sdk/src/rp2_common/pico_double/double_aeabi.S.obj
                0x0000000010003d74                __wrap___aeabi_dcmpgt
 .text.__wrap___aeabi_dcmpun
                0x0000000010003d7e       0x1c CMakeFiles/PicoESP.dir/home/hexplex0xff/picodev/pico-sdk/src/rp2_common/pico_double/double_aeabi.S.obj
                0x0000000010003d7e                __wrap___aeabi_dcmpun
 *fill*         0x0000000010003d9a        0x2 
 .text.__wrap___aeabi_i2d
                0x0000000010003d9c       0x38 CMakeFiles/PicoESP.dir/home/hexplex0xff/picodev/pico-sdk/src/rp2_common/pico_double/double_aeabi.S.obj
                0x0000000010003d9c                __wrap___aeabi_ui2d
                0x0000000010003da4                __wrap___aeabi_i2d
 .text.__wrap___aeabi_d2iz
                0x0000000010003dd4       0x48 CMakeFiles/PicoESP.dir/home/hexplex0xff/picodev/pico-sdk/src/rp2_common/pico_double/double_aeabi.S.obj
                0x0000000010003dd4                __wrap___aeabi_d2iz
                0x0000000010003dd4                double2int_z
 .text.__wrap___aeabi_d2uiz
                0x0000000010003e1c       0x18 CMakeFiles/PicoESP.dir/home/hexplex0xff/picodev/pico-sdk/src/rp2_common/pico_double/double_aeabi.S.obj
                0x0000000010003e1c                double2uint
                0x0000000010003e1c                __wrap___aeabi_d2uiz
 .text.__aeabi_double_init
                0x0000000010003e34       0xac CMakeFiles/PicoESP.dir/home/hexplex0xff/picodev/pico-sdk/src/rp2_common/pico_double/double_init_rom.c.obj
                0x0000000010003e34                __aeabi_double_init
 .text.double_table_shim_on_use_helper
                0x0000000010003ee0       0x2c CMakeFiles/PicoESP.dir/home/hexplex0xff/picodev/pico-sdk/src/rp2_common/pico_double/double_v1_rom_shim.S.obj
                0x0000000010003ee0                double_table_shim_on_use_helper
 .text.__wrap___aeabi_dsub
                0x0000000010003f0c       0x10 CMakeFiles/PicoESP.dir/home/hexplex0xff/picodev/pico-sdk/src/rp2_common/pico_double/double_v1_rom_shim.S.obj
                0x0000000010003f0c                drsub_shim
                0x0000000010003f12                dsub_shim
 .text.dadd_shim
                0x0000000010003f1c      0x15c CMakeFiles/PicoESP.dir/home/hexplex0xff/picodev/pico-sdk/src/rp2_common/pico_double/double_v1_rom_shim.S.obj
                0x0000000010003f1c                dadd_shim
 .text.dmul_shim
                0x0000000010004078      0x15c CMakeFiles/PicoESP.dir/home/hexplex0xff/picodev/pico-sdk/src/rp2_common/pico_double/double_v1_rom_shim.S.obj
                0x0000000010004078                dmul_shim
 .text.ddiv_shim
                0x00000000100041d4      0x1b0 CMakeFiles/PicoESP.dir/home/hexplex0xff/picodev/pico-sdk/src/rp2_common/pico_double/double_v1_rom_shim.S.obj
                0x00000000100041d4                ddiv_shim
 .text.dcordic_rot_step
                0x0000000010004384       0x7c CMakeFiles/PicoESP.dir/home/hexplex0xff/picodev/pico-sdk/src/rp2_common/pico_double/double_v1_rom_shim.S.obj
                0x0000000010004384                dcordic_rot_step
 .text.double2uint_shim
                0x0000000010004400        0xe CMakeFiles/PicoESP.dir/home/hexplex0xff/picodev/pico-sdk/src/rp2_common/pico_double/double_v1_rom_shim.S.obj
                0x0000000010004400                double2uint_shim
                0x0000000010004402                double2ufix_shim
 *fill*         0x000000001000440e        0x2 
 .text.double2uint64_shim
                0x0000000010004410       0x6c CMakeFiles/PicoESP.dir/home/hexplex0xff/picodev/pico-sdk/src/rp2_common/pico_double/double_v1_rom_shim.S.obj
                0x0000000010004410                double2uint64_shim
                0x0000000010004412                double2ufix64_shim
                0x000000001000442c                d2fix_a
 .text.dunpacks
                0x000000001000447c       0x3c CMakeFiles/PicoESP.dir/home/hexplex0xff/picodev/pico-sdk/src/rp2_common/pico_double/double_v1_rom_shim.S.obj
                0x000000001000447c                dunpacks
 .text.__aeabi_lmul
                0x00000000100044b8       0x32 CMakeFiles/PicoESP.dir/home/hexplex0xff/picodev/pico-sdk/src/rp2_common/pico_int64_ops/pico_int64_ops_aeabi.S.obj
                0x00000000100044b8                __wrap___aeabi_lmul
 *fill*         0x00000000100044ea        0x2 
 .text.__aeabi_float_init
                0x00000000100044ec       0x64 CMakeFiles/PicoESP.dir/home/hexplex0xff/picodev/pico-sdk/src/rp2_common/pico_float/float_init_rom.c.obj
                0x00000000100044ec                __aeabi_float_init
 .text.float_table_shim_on_use_helper
                0x0000000010004550       0x2c CMakeFiles/PicoESP.dir/home/hexplex0xff/picodev/pico-sdk/src/rp2_common/pico_float/float_v1_rom_shim.S.obj
                0x0000000010004550                float_table_shim_on_use_helper
 .text          0x000000001000457c       0x10 CMakeFiles/PicoESP.dir/home/hexplex0xff/picodev/pico-sdk/src/rp2_common/pico_mem_ops/mem_ops_aeabi.S.obj
                0x000000001000457c                __aeabi_mem_init
 .text.memset   0x000000001000458c        0xc CMakeFiles/PicoESP.dir/home/hexplex0xff/picodev/pico-sdk/src/rp2_common/pico_mem_ops/mem_ops_aeabi.S.obj
                0x000000001000458c                __wrap_memset
 .text.memcpy   0x0000000010004598        0xc CMakeFiles/PicoESP.dir/home/hexplex0xff/picodev/pico-sdk/src/rp2_common/pico_mem_ops/mem_ops_aeabi.S.obj
                0x0000000010004598                __wrap___aeabi_memcpy
                0x0000000010004598                __wrap_memcpy
 .text.stdio_out_chars_crlf.part.0
                0x00000000100045a4       0x84 CMakeFiles/PicoESP.dir/home/hexplex0xff/picodev/pico-sdk/src/rp2_common/pico_stdio/stdio.c.obj
 .text.stdio_buffered_printer
                0x0000000010004628       0x78 CMakeFiles/PicoESP.dir/home/hexplex0xff/picodev/pico-sdk/src/rp2_common/pico_stdio/stdio.c.obj
 .text.stdio_put_string
                0x00000000100046a0      0x100 CMakeFiles/PicoESP.dir/home/hexplex0xff/picodev/pico-sdk/src/rp2_common/pico_stdio/stdio.c.obj
 .text.__wrap_putchar
                0x00000000100047a0       0x1c CMakeFiles/PicoESP.dir/home/hexplex0xff/picodev/pico-sdk/src/rp2_common/pico_stdio/stdio.c.obj
                0x00000000100047a0                __wrap_putchar
 .text.__wrap_puts
                0x00000000100047bc       0x3c CMakeFiles/PicoESP.dir/home/hexplex0xff/picodev/pico-sdk/src/rp2_common/pico_stdio/stdio.c.obj
                0x00000000100047bc                __wrap_puts
 .text.stdio_set_driver_enabled
                0x00000000100047f8       0x3c CMakeFiles/PicoESP.dir/home/hexplex0xff/picodev/pico-sdk/src/rp2_common/pico_stdio/stdio.c.obj
                0x00000000100047f8                stdio_set_driver_enabled
 .text.__wrap_vprintf
                0x0000000010004834       0xec CMakeFiles/PicoESP.dir/home/hexplex0xff/picodev/pico-sdk/src/rp2_common/pico_stdio/stdio.c.obj
                0x0000000010004834                __wrap_vprintf
 .text.__wrap_printf
                0x0000000010004920       0x18 CMakeFiles/PicoESP.dir/home/hexplex0xff/picodev/pico-sdk/src/rp2_common/pico_stdio/stdio.c.obj
                0x0000000010004920                __wrap_printf
 .text.resetd_init
                0x0000000010004938        0x4 CMakeFiles/PicoESP.dir/home/hexplex0xff/picodev/pico-sdk/src/rp2_common/pico_stdio_usb/reset_interface.c.obj
 .text.resetd_reset
                0x000000001000493c        0xc CMakeFiles/PicoESP.dir/home/hexplex0xff/picodev/pico-sdk/src/rp2_common/pico_stdio_usb/reset_interface.c.obj
 .text.resetd_open
                0x0000000010004948       0x28 CMakeFiles/PicoESP.dir/home/hexplex0xff/picodev/pico-sdk/src/rp2_common/pico_stdio_usb/reset_interface.c.obj
 .text.resetd_xfer_cb
                0x0000000010004970        0x4 CMakeFiles/PicoESP.dir/home/hexplex0xff/picodev/pico-sdk/src/rp2_common/pico_stdio_usb/reset_interface.c.obj
 .text.resetd_control_xfer_cb
                0x0000000010004974       0x64 CMakeFiles/PicoESP.dir/home/hexplex0xff/picodev/pico-sdk/src/rp2_common/pico_stdio_usb/reset_interface.c.obj
 .text.usbd_app_driver_get_cb
                0x00000000100049d8        0xc CMakeFiles/PicoESP.dir/home/hexplex0xff/picodev/pico-sdk/src/rp2_common/pico_stdio_usb/reset_interface.c.obj
                0x00000000100049d8                usbd_app_driver_get_cb
 .text.tud_cdc_line_coding_cb
                0x00000000100049e4       0x34 CMakeFiles/PicoESP.dir/home/hexplex0xff/picodev/pico-sdk/src/rp2_common/pico_stdio_usb/reset_interface.c.obj
                0x00000000100049e4                tud_cdc_line_coding_cb
 .text.stdio_usb_in_chars
                0x0000000010004a18       0x68 CMakeFiles/PicoESP.dir/home/hexplex0xff/picodev/pico-sdk/src/rp2_common/pico_stdio_usb/stdio_usb.c.obj
                0x0000000010004a18                stdio_usb_in_chars
 .text.stdio_usb_out_chars
                0x0000000010004a80       0xec CMakeFiles/PicoESP.dir/home/hexplex0xff/picodev/pico-sdk/src/rp2_common/pico_stdio_usb/stdio_usb.c.obj
 .text.timer_task
                0x0000000010004b6c       0x10 CMakeFiles/PicoESP.dir/home/hexplex0xff/picodev/pico-sdk/src/rp2_common/pico_stdio_usb/stdio_usb.c.obj
 .text.low_priority_worker_irq
                0x0000000010004b7c       0x24 CMakeFiles/PicoESP.dir/home/hexplex0xff/picodev/pico-sdk/src/rp2_common/pico_stdio_usb/stdio_usb.c.obj
 .text.stdio_usb_init
                0x0000000010004ba0       0x90 CMakeFiles/PicoESP.dir/home/hexplex0xff/picodev/pico-sdk/src/rp2_common/pico_stdio_usb/stdio_usb.c.obj
                0x0000000010004ba0                stdio_usb_init
 .text.tud_descriptor_device_cb
                0x0000000010004c30        0x8 CMakeFiles/PicoESP.dir/home/hexplex0xff/picodev/pico-sdk/src/rp2_common/pico_stdio_usb/stdio_usb_descriptors.c.obj
                0x0000000010004c30                tud_descriptor_device_cb
 .text.tud_descriptor_configuration_cb
                0x0000000010004c38        0x8 CMakeFiles/PicoESP.dir/home/hexplex0xff/picodev/pico-sdk/src/rp2_common/pico_stdio_usb/stdio_usb_descriptors.c.obj
                0x0000000010004c38                tud_descriptor_configuration_cb
 .text.tud_descriptor_string_cb
                0x0000000010004c40       0x70 CMakeFiles/PicoESP.dir/home/hexplex0xff/picodev/pico-sdk/src/rp2_common/pico_stdio_usb/stdio_usb_descriptors.c.obj
                0x0000000010004c40                tud_descriptor_string_cb
 .text.dcd_rp2040_irq
                0x0000000010004cb0      0x148 CMakeFiles/PicoESP.dir/home/hexplex0xff/picodev/pico-sdk/lib/tinyusb/src/portable/raspberrypi/rp2040/dcd_rp2040.c.obj
 .text.dcd_int_enable
                0x0000000010004df8        0xc CMakeFiles/PicoESP.dir/home/hexplex0xff/picodev/pico-sdk/lib/tinyusb/src/portable/raspberrypi/rp2040/dcd_rp2040.c.obj
                0x0000000010004df8                dcd_int_enable
 .text.dcd_set_address
                0x0000000010004e04       0x28 CMakeFiles/PicoESP.dir/home/hexplex0xff/picodev/pico-sdk/lib/tinyusb/src/portable/raspberrypi/rp2040/dcd_rp2040.c.obj
                0x0000000010004e04                dcd_set_address
 .text.dcd_connect
                0x0000000010004e2c       0x10 CMakeFiles/PicoESP.dir/home/hexplex0xff/picodev/pico-sdk/lib/tinyusb/src/portable/raspberrypi/rp2040/dcd_rp2040.c.obj
                0x0000000010004e2c                dcd_connect
 .text.dcd_init
                0x0000000010004e3c       0xa0 CMakeFiles/PicoESP.dir/home/hexplex0xff/picodev/pico-sdk/lib/tinyusb/src/portable/raspberrypi/rp2040/dcd_rp2040.c.obj
                0x0000000010004e3c                dcd_init
 .text.dcd_edpt0_status_complete
                0x0000000010004edc       0x30 CMakeFiles/PicoESP.dir/home/hexplex0xff/picodev/pico-sdk/lib/tinyusb/src/portable/raspberrypi/rp2040/dcd_rp2040.c.obj
                0x0000000010004edc                dcd_edpt0_status_complete
 .text.dcd_edpt_open
                0x0000000010004f0c      0x130 CMakeFiles/PicoESP.dir/home/hexplex0xff/picodev/pico-sdk/lib/tinyusb/src/portable/raspberrypi/rp2040/dcd_rp2040.c.obj
                0x0000000010004f0c                dcd_edpt_open
 .text.dcd_edpt_xfer
                0x000000001000503c       0x28 CMakeFiles/PicoESP.dir/home/hexplex0xff/picodev/pico-sdk/lib/tinyusb/src/portable/raspberrypi/rp2040/dcd_rp2040.c.obj
                0x000000001000503c                dcd_edpt_xfer
 .text.dcd_edpt_stall
                0x0000000010005064       0x48 CMakeFiles/PicoESP.dir/home/hexplex0xff/picodev/pico-sdk/lib/tinyusb/src/portable/raspberrypi/rp2040/dcd_rp2040.c.obj
                0x0000000010005064                dcd_edpt_stall
 .text.dcd_edpt_clear_stall
                0x00000000100050ac       0x48 CMakeFiles/PicoESP.dir/home/hexplex0xff/picodev/pico-sdk/lib/tinyusb/src/portable/raspberrypi/rp2040/dcd_rp2040.c.obj
                0x00000000100050ac                dcd_edpt_clear_stall
 .text._hw_endpoint_buffer_control_update32.part.0
                0x00000000100050f4       0x20 CMakeFiles/PicoESP.dir/home/hexplex0xff/picodev/pico-sdk/lib/tinyusb/src/portable/raspberrypi/rp2040/rp2040_usb.c.obj
 .text.rp2040_usb_init
                0x0000000010005114       0x50 CMakeFiles/PicoESP.dir/home/hexplex0xff/picodev/pico-sdk/lib/tinyusb/src/portable/raspberrypi/rp2040/rp2040_usb.c.obj
                0x0000000010005114                rp2040_usb_init
 .text.hw_endpoint_reset_transfer
                0x0000000010005164        0xc CMakeFiles/PicoESP.dir/home/hexplex0xff/picodev/pico-sdk/lib/tinyusb/src/portable/raspberrypi/rp2040/rp2040_usb.c.obj
                0x0000000010005164                hw_endpoint_reset_transfer
 .text._hw_endpoint_buffer_control_update32
                0x0000000010005170       0x40 CMakeFiles/PicoESP.dir/home/hexplex0xff/picodev/pico-sdk/lib/tinyusb/src/portable/raspberrypi/rp2040/rp2040_usb.c.obj
                0x0000000010005170                _hw_endpoint_buffer_control_update32
 .text._hw_endpoint_xfer_continue
                0x00000000100051b0      0x104 CMakeFiles/PicoESP.dir/home/hexplex0xff/picodev/pico-sdk/lib/tinyusb/src/portable/raspberrypi/rp2040/rp2040_usb.c.obj
                0x00000000100051b0                _hw_endpoint_xfer_continue
 .text._hw_endpoint_xfer
                0x00000000100052b4       0xac CMakeFiles/PicoESP.dir/home/hexplex0xff/picodev/pico-sdk/lib/tinyusb/src/portable/raspberrypi/rp2040/rp2040_usb.c.obj
                0x00000000100052b4                _hw_endpoint_xfer
 .text.tud_mounted
                0x0000000010005360       0x10 CMakeFiles/PicoESP.dir/home/hexplex0xff/picodev/pico-sdk/lib/tinyusb/src/device/usbd.c.obj
                0x0000000010005360                tud_mounted
 .text.tud_suspended
                0x0000000010005370       0x10 CMakeFiles/PicoESP.dir/home/hexplex0xff/picodev/pico-sdk/lib/tinyusb/src/device/usbd.c.obj
                0x0000000010005370                tud_suspended
 .text.tud_inited
                0x0000000010005380        0xc CMakeFiles/PicoESP.dir/home/hexplex0xff/picodev/pico-sdk/lib/tinyusb/src/device/usbd.c.obj
                0x0000000010005380                tud_inited
 .text.tud_init
                0x000000001000538c       0xd8 CMakeFiles/PicoESP.dir/home/hexplex0xff/picodev/pico-sdk/lib/tinyusb/src/device/usbd.c.obj
                0x000000001000538c                tud_init
 .text.tud_task
                0x0000000010005464      0x7f8 CMakeFiles/PicoESP.dir/home/hexplex0xff/picodev/pico-sdk/lib/tinyusb/src/device/usbd.c.obj
                0x0000000010005464                tud_task
 .text.dcd_event_bus_signal
                0x0000000010005c5c       0xe8 CMakeFiles/PicoESP.dir/home/hexplex0xff/picodev/pico-sdk/lib/tinyusb/src/device/usbd.c.obj
                0x0000000010005c5c                dcd_event_bus_signal
 .text.dcd_event_bus_reset
                0x0000000010005d44       0x54 CMakeFiles/PicoESP.dir/home/hexplex0xff/picodev/pico-sdk/lib/tinyusb/src/device/usbd.c.obj
                0x0000000010005d44                dcd_event_bus_reset
 .text.dcd_event_setup_received
                0x0000000010005d98       0x50 CMakeFiles/PicoESP.dir/home/hexplex0xff/picodev/pico-sdk/lib/tinyusb/src/device/usbd.c.obj
                0x0000000010005d98                dcd_event_setup_received
 .text.dcd_event_xfer_complete
                0x0000000010005de8       0x68 CMakeFiles/PicoESP.dir/home/hexplex0xff/picodev/pico-sdk/lib/tinyusb/src/device/usbd.c.obj
                0x0000000010005de8                dcd_event_xfer_complete
 .text.usbd_open_edpt_pair
                0x0000000010005e50       0xe4 CMakeFiles/PicoESP.dir/home/hexplex0xff/picodev/pico-sdk/lib/tinyusb/src/device/usbd.c.obj
                0x0000000010005e50                usbd_open_edpt_pair
 .text.usbd_edpt_open
                0x0000000010005f34       0xa8 CMakeFiles/PicoESP.dir/home/hexplex0xff/picodev/pico-sdk/lib/tinyusb/src/device/usbd.c.obj
                0x0000000010005f34                usbd_edpt_open
 .text.usbd_edpt_claim
                0x0000000010005fdc       0x64 CMakeFiles/PicoESP.dir/home/hexplex0xff/picodev/pico-sdk/lib/tinyusb/src/device/usbd.c.obj
                0x0000000010005fdc                usbd_edpt_claim
 .text.usbd_edpt_release
                0x0000000010006040       0x4c CMakeFiles/PicoESP.dir/home/hexplex0xff/picodev/pico-sdk/lib/tinyusb/src/device/usbd.c.obj
                0x0000000010006040                usbd_edpt_release
 .text.usbd_edpt_xfer
                0x000000001000608c       0x48 CMakeFiles/PicoESP.dir/home/hexplex0xff/picodev/pico-sdk/lib/tinyusb/src/device/usbd.c.obj
                0x000000001000608c                usbd_edpt_xfer
 .text.tud_control_status
                0x00000000100060d4       0x30 CMakeFiles/PicoESP.dir/home/hexplex0xff/picodev/pico-sdk/lib/tinyusb/src/device/usbd_control.c.obj
                0x00000000100060d4                tud_control_status
 .text.tud_control_xfer
                0x0000000010006104       0xb8 CMakeFiles/PicoESP.dir/home/hexplex0xff/picodev/pico-sdk/lib/tinyusb/src/device/usbd_control.c.obj
                0x0000000010006104                tud_control_xfer
 .text.usbd_control_reset
                0x00000000100061bc       0x14 CMakeFiles/PicoESP.dir/home/hexplex0xff/picodev/pico-sdk/lib/tinyusb/src/device/usbd_control.c.obj
                0x00000000100061bc                usbd_control_reset
 .text.usbd_control_set_complete_callback
                0x00000000100061d0        0xc CMakeFiles/PicoESP.dir/home/hexplex0xff/picodev/pico-sdk/lib/tinyusb/src/device/usbd_control.c.obj
                0x00000000100061d0                usbd_control_set_complete_callback
 .text.usbd_control_set_request
                0x00000000100061dc       0x1c CMakeFiles/PicoESP.dir/home/hexplex0xff/picodev/pico-sdk/lib/tinyusb/src/device/usbd_control.c.obj
                0x00000000100061dc                usbd_control_set_request
 .text.usbd_control_xfer_cb
                0x00000000100061f8       0xf8 CMakeFiles/PicoESP.dir/home/hexplex0xff/picodev/pico-sdk/lib/tinyusb/src/device/usbd_control.c.obj
                0x00000000100061f8                usbd_control_xfer_cb
 .text.tud_cdc_n_connected
                0x00000000100062f0       0x30 CMakeFiles/PicoESP.dir/home/hexplex0xff/picodev/pico-sdk/lib/tinyusb/src/class/cdc/cdc_device.c.obj
                0x00000000100062f0                tud_cdc_n_connected
 .text.tud_cdc_n_available
                0x0000000010006320       0x18 CMakeFiles/PicoESP.dir/home/hexplex0xff/picodev/pico-sdk/lib/tinyusb/src/class/cdc/cdc_device.c.obj
                0x0000000010006320                tud_cdc_n_available
 .text.tud_cdc_n_read
                0x0000000010006338       0x70 CMakeFiles/PicoESP.dir/home/hexplex0xff/picodev/pico-sdk/lib/tinyusb/src/class/cdc/cdc_device.c.obj
                0x0000000010006338                tud_cdc_n_read
 .text.tud_cdc_n_write_flush
                0x00000000100063a8       0x78 CMakeFiles/PicoESP.dir/home/hexplex0xff/picodev/pico-sdk/lib/tinyusb/src/class/cdc/cdc_device.c.obj
                0x00000000100063a8                tud_cdc_n_write_flush
 .text.tud_cdc_n_write
                0x0000000010006420       0x34 CMakeFiles/PicoESP.dir/home/hexplex0xff/picodev/pico-sdk/lib/tinyusb/src/class/cdc/cdc_device.c.obj
                0x0000000010006420                tud_cdc_n_write
 .text.tud_cdc_n_write_available
                0x0000000010006454       0x18 CMakeFiles/PicoESP.dir/home/hexplex0xff/picodev/pico-sdk/lib/tinyusb/src/class/cdc/cdc_device.c.obj
                0x0000000010006454                tud_cdc_n_write_available
 .text.cdcd_init
                0x000000001000646c       0x7c CMakeFiles/PicoESP.dir/home/hexplex0xff/picodev/pico-sdk/lib/tinyusb/src/class/cdc/cdc_device.c.obj
                0x000000001000646c                cdcd_init
 .text.cdcd_reset
                0x00000000100064e8       0x2c CMakeFiles/PicoESP.dir/home/hexplex0xff/picodev/pico-sdk/lib/tinyusb/src/class/cdc/cdc_device.c.obj
                0x00000000100064e8                cdcd_reset
 .text.cdcd_open
                0x0000000010006514       0xec CMakeFiles/PicoESP.dir/home/hexplex0xff/picodev/pico-sdk/lib/tinyusb/src/class/cdc/cdc_device.c.obj
                0x0000000010006514                cdcd_open
 .text.cdcd_control_xfer_cb
                0x0000000010006600       0xe0 CMakeFiles/PicoESP.dir/home/hexplex0xff/picodev/pico-sdk/lib/tinyusb/src/class/cdc/cdc_device.c.obj
                0x0000000010006600                cdcd_control_xfer_cb
 .text.cdcd_xfer_cb
                0x00000000100066e0      0x198 CMakeFiles/PicoESP.dir/home/hexplex0xff/picodev/pico-sdk/lib/tinyusb/src/class/cdc/cdc_device.c.obj
                0x00000000100066e0                cdcd_xfer_cb
 .text.tusb_init
                0x0000000010006878        0xc CMakeFiles/PicoESP.dir/home/hexplex0xff/picodev/pico-sdk/lib/tinyusb/src/tusb.c.obj
                0x0000000010006878                tusb_init
 .text.tusb_inited
                0x0000000010006884        0x8 CMakeFiles/PicoESP.dir/home/hexplex0xff/picodev/pico-sdk/lib/tinyusb/src/tusb.c.obj
                0x0000000010006884                tusb_inited
 .text.tu_fifo_config
                0x000000001000688c       0x78 CMakeFiles/PicoESP.dir/home/hexplex0xff/picodev/pico-sdk/lib/tinyusb/src/common/tusb_fifo.c.obj
                0x000000001000688c                tu_fifo_config
 .text.tu_fifo_count
                0x0000000010006904       0x20 CMakeFiles/PicoESP.dir/home/hexplex0xff/picodev/pico-sdk/lib/tinyusb/src/common/tusb_fifo.c.obj
                0x0000000010006904                tu_fifo_count
 .text.tu_fifo_empty
                0x0000000010006924       0x10 CMakeFiles/PicoESP.dir/home/hexplex0xff/picodev/pico-sdk/lib/tinyusb/src/common/tusb_fifo.c.obj
                0x0000000010006924                tu_fifo_empty
 .text.tu_fifo_remaining
                0x0000000010006934       0x1c CMakeFiles/PicoESP.dir/home/hexplex0xff/picodev/pico-sdk/lib/tinyusb/src/common/tusb_fifo.c.obj
                0x0000000010006934                tu_fifo_remaining
 .text.tu_fifo_read
                0x0000000010006950       0x9c CMakeFiles/PicoESP.dir/home/hexplex0xff/picodev/pico-sdk/lib/tinyusb/src/common/tusb_fifo.c.obj
                0x0000000010006950                tu_fifo_read
 .text.tu_fifo_read_n
                0x00000000100069ec       0xfc CMakeFiles/PicoESP.dir/home/hexplex0xff/picodev/pico-sdk/lib/tinyusb/src/common/tusb_fifo.c.obj
                0x00000000100069ec                tu_fifo_read_n
 .text.tu_fifo_write
                0x0000000010006ae8       0x78 CMakeFiles/PicoESP.dir/home/hexplex0xff/picodev/pico-sdk/lib/tinyusb/src/common/tusb_fifo.c.obj
                0x0000000010006ae8                tu_fifo_write
 .text.tu_fifo_write_n
                0x0000000010006b60      0x118 CMakeFiles/PicoESP.dir/home/hexplex0xff/picodev/pico-sdk/lib/tinyusb/src/common/tusb_fifo.c.obj
                0x0000000010006b60                tu_fifo_write_n
 .text.tu_fifo_clear
                0x0000000010006c78       0x4c CMakeFiles/PicoESP.dir/home/hexplex0xff/picodev/pico-sdk/lib/tinyusb/src/common/tusb_fifo.c.obj
                0x0000000010006c78                tu_fifo_clear
 .text.tu_fifo_set_overwritable
                0x0000000010006cc4       0x3c CMakeFiles/PicoESP.dir/home/hexplex0xff/picodev/pico-sdk/lib/tinyusb/src/common/tusb_fifo.c.obj
                0x0000000010006cc4                tu_fifo_set_overwritable
 .text.startup._retrieve_unique_id_on_boot
                0x0000000010006d00       0x10 CMakeFiles/PicoESP.dir/home/hexplex0xff/picodev/pico-sdk/src/rp2_common/pico_unique_id/unique_id.c.obj
 .text.pico_get_unique_board_id_string
                0x0000000010006d10      0x1bc CMakeFiles/PicoESP.dir/home/hexplex0xff/picodev/pico-sdk/src/rp2_common/pico_unique_id/unique_id.c.obj
                0x0000000010006d10                pico_get_unique_board_id_string
 .text.flash_get_unique_id
                0x0000000010006ecc       0x40 CMakeFiles/PicoESP.dir/home/hexplex0xff/picodev/pico-sdk/src/rp2_common/hardware_flash/flash.c.obj
                0x0000000010006ecc                flash_get_unique_id
 .text.strlen   0x0000000010006f0c       0x5c /opt/gcc-arm-none-eabi-9-2020-q2-update/bin/../lib/gcc/arm-none-eabi/9.3.1/../../../../arm-none-eabi/lib/thumb/v6-m/nofp/libc.a(lib_a-strlen-stub.o)
                0x0000000010006f0c                strlen
 *(.fini)
 .fini          0x0000000010006f68        0x4 /opt/gcc-arm-none-eabi-9-2020-q2-update/bin/../lib/gcc/arm-none-eabi/9.3.1/thumb/v6-m/nofp/crti.o
                0x0000000010006f68                _fini
 *fill*         0x0000000010006f6c        0x4 
 .fini.__stub   0x0000000010006f70       0x70 linker stubs
 *crtbegin.o(.ctors)
 *crtbegin?.o(.ctors)
 *(EXCLUDE_FILE(*crtend.o *crtend?.o) .ctors)
 *(SORT_BY_NAME(.ctors.*))
 *(.ctors)
 *crtbegin.o(.dtors)
 *crtbegin?.o(.dtors)
 *(EXCLUDE_FILE(*crtend.o *crtend?.o) .dtors)
 *(SORT_BY_NAME(.dtors.*))
 *(.dtors)
 *(.eh_frame*)
 .eh_frame      0x0000000010006fe0        0x0 /opt/gcc-arm-none-eabi-9-2020-q2-update/bin/../lib/gcc/arm-none-eabi/9.3.1/thumb/v6-m/nofp/crtbegin.o
                0x0000000010006fe0                . = ALIGN (0x4)

.glue_7         0x0000000010006fe0        0x0
 .glue_7        0x0000000010006fe0        0x0 linker stubs

.glue_7t        0x0000000010006fe0        0x0
 .glue_7t       0x0000000010006fe0        0x0 linker stubs

.vfp11_veneer   0x0000000010006fe0        0x0
 .vfp11_veneer  0x0000000010006fe0        0x0 linker stubs

.v4_bx          0x0000000010006fe0        0x0
 .v4_bx         0x0000000010006fe0        0x0 linker stubs

.iplt           0x0000000010006fe0        0x0
 .iplt          0x0000000010006fe0        0x0 /opt/gcc-arm-none-eabi-9-2020-q2-update/bin/../lib/gcc/arm-none-eabi/9.3.1/thumb/v6-m/nofp/crtbegin.o

.rodata         0x0000000010006fe0      0x5b8
 *(EXCLUDE_FILE(*libm.a: *libc.a:*lib_a-mem*.o *libgcc.a:) .rodata*)
 .rodata._Z20setup_uart_interruptv.str1.4
                0x0000000010006fe0       0x10 CMakeFiles/PicoESP.dir/PicoWebServer.cpp.obj
 .rodata._Z16sendCMD_waitRespPKcm.str1.4
                0x0000000010006ff0        0x8 CMakeFiles/PicoESP.dir/PicoWebServer.cpp.obj
 .rodata.main.str1.4
                0x0000000010006ff8       0x56 CMakeFiles/PicoESP.dir/PicoWebServer.cpp.obj
 *fill*         0x000000001000704e        0x2 
 .rodata.spin_lock_claim_unused.str1.4
                0x0000000010007050       0x1b CMakeFiles/PicoESP.dir/home/hexplex0xff/picodev/pico-sdk/src/rp2_common/hardware_sync/sync.c.obj
 *fill*         0x000000001000706b        0x1 
 .rodata.hardware_alarm_claim.str1.4
                0x000000001000706c       0x22 CMakeFiles/PicoESP.dir/home/hexplex0xff/picodev/pico-sdk/src/rp2_common/hardware_timer/timer.c.obj
 *fill*         0x000000001000708e        0x2 
 .rodata.panic.str1.4
                0x0000000010007090       0x12 CMakeFiles/PicoESP.dir/home/hexplex0xff/picodev/pico-sdk/src/rp2_common/pico_runtime/runtime.c.obj
 *fill*         0x00000000100070a2        0x2 
 .rodata.hard_assertion_failure.str1.4
                0x00000000100070a4        0xc CMakeFiles/PicoESP.dir/home/hexplex0xff/picodev/pico-sdk/src/rp2_common/pico_runtime/runtime.c.obj
 .rodata._ftoa.str1.4
                0x00000000100070b0       0x15 CMakeFiles/PicoESP.dir/home/hexplex0xff/picodev/pico-sdk/src/rp2_common/pico_printf/printf.c.obj
 *fill*         0x00000000100070c5        0x3 
 .rodata._vsnprintf
                0x00000000100070c8      0x1e0 CMakeFiles/PicoESP.dir/home/hexplex0xff/picodev/pico-sdk/src/rp2_common/pico_printf/printf.c.obj
 .rodata.pow10.5445
                0x00000000100072a8       0x50 CMakeFiles/PicoESP.dir/home/hexplex0xff/picodev/pico-sdk/src/rp2_common/pico_printf/printf.c.obj
 .rodata.str1.4
                0x00000000100072f8       0x3c CMakeFiles/PicoESP.dir/home/hexplex0xff/picodev/pico-sdk/src/rp2_common/pico_standard_link/binary_info.c.obj
 .rodata.__bi_44
                0x0000000010007334        0xc CMakeFiles/PicoESP.dir/home/hexplex0xff/picodev/pico-sdk/src/rp2_common/pico_standard_link/binary_info.c.obj
 .rodata.__bi_75
                0x0000000010007340        0xc CMakeFiles/PicoESP.dir/home/hexplex0xff/picodev/pico-sdk/src/rp2_common/pico_standard_link/binary_info.c.obj
 .rodata.__bi_81
                0x000000001000734c        0xc CMakeFiles/PicoESP.dir/home/hexplex0xff/picodev/pico-sdk/src/rp2_common/pico_standard_link/binary_info.c.obj
 .rodata.crlf_str.5876
                0x0000000010007358        0x2 CMakeFiles/PicoESP.dir/home/hexplex0xff/picodev/pico-sdk/src/rp2_common/pico_stdio/stdio.c.obj
 *fill*         0x000000001000735a        0x2 
 .rodata._resetd_driver
                0x000000001000735c       0x18 CMakeFiles/PicoESP.dir/home/hexplex0xff/picodev/pico-sdk/src/rp2_common/pico_stdio_usb/reset_interface.c.obj
 .rodata.str1.4
                0x0000000010007374       0x13 CMakeFiles/PicoESP.dir/home/hexplex0xff/picodev/pico-sdk/src/rp2_common/pico_stdio_usb/stdio_usb.c.obj
 *fill*         0x0000000010007387        0x1 
 .rodata.__bi_93.7133
                0x0000000010007388        0xc CMakeFiles/PicoESP.dir/home/hexplex0xff/picodev/pico-sdk/src/rp2_common/pico_stdio_usb/stdio_usb.c.obj
 .rodata.str1.4
                0x0000000010007394       0x2a CMakeFiles/PicoESP.dir/home/hexplex0xff/picodev/pico-sdk/src/rp2_common/pico_stdio_usb/stdio_usb_descriptors.c.obj
 *fill*         0x00000000100073be        0x2 
 .rodata.usbd_desc_cfg
                0x00000000100073c0       0x54 CMakeFiles/PicoESP.dir/home/hexplex0xff/picodev/pico-sdk/src/rp2_common/pico_stdio_usb/stdio_usb_descriptors.c.obj
 .rodata.usbd_desc_device
                0x0000000010007414       0x12 CMakeFiles/PicoESP.dir/home/hexplex0xff/picodev/pico-sdk/src/rp2_common/pico_stdio_usb/stdio_usb_descriptors.c.obj
 *fill*         0x0000000010007426        0x2 
 .rodata.usbd_desc_str
                0x0000000010007428       0x18 CMakeFiles/PicoESP.dir/home/hexplex0xff/picodev/pico-sdk/src/rp2_common/pico_stdio_usb/stdio_usb_descriptors.c.obj
 .rodata.dcd_rp2040_irq.str1.4
                0x0000000010007440       0x14 CMakeFiles/PicoESP.dir/home/hexplex0xff/picodev/pico-sdk/lib/tinyusb/src/portable/raspberrypi/rp2040/dcd_rp2040.c.obj
 .rodata.dcd_edpt_open.str1.4
                0x0000000010007454       0x28 CMakeFiles/PicoESP.dir/home/hexplex0xff/picodev/pico-sdk/lib/tinyusb/src/portable/raspberrypi/rp2040/dcd_rp2040.c.obj
 .rodata._hw_endpoint_buffer_control_update32.part.0.str1.4
                0x000000001000747c       0x1f CMakeFiles/PicoESP.dir/home/hexplex0xff/picodev/pico-sdk/lib/tinyusb/src/portable/raspberrypi/rp2040/rp2040_usb.c.obj
 *fill*         0x000000001000749b        0x1 
 .rodata._hw_endpoint_xfer_continue.str1.4
                0x000000001000749c       0x50 CMakeFiles/PicoESP.dir/home/hexplex0xff/picodev/pico-sdk/lib/tinyusb/src/portable/raspberrypi/rp2040/rp2040_usb.c.obj
 .rodata.str1.4
                0x00000000100074ec        0x7 CMakeFiles/PicoESP.dir/home/hexplex0xff/picodev/pico-sdk/lib/tinyusb/src/portable/raspberrypi/rp2040/rp2040_usb.c.obj
 *fill*         0x00000000100074f3        0x1 
 .rodata.tud_task
                0x00000000100074f4       0x8c CMakeFiles/PicoESP.dir/home/hexplex0xff/picodev/pico-sdk/lib/tinyusb/src/device/usbd.c.obj
 .rodata._usbd_driver
                0x0000000010007580       0x18 CMakeFiles/PicoESP.dir/home/hexplex0xff/picodev/pico-sdk/lib/tinyusb/src/device/usbd.c.obj
                0x0000000010007598                . = ALIGN (0x4)
 *(SORT_BY_ALIGNMENT(SORT_BY_NAME(.flashdata*)))
                0x0000000010007598                . = ALIGN (0x4)

.rel.dyn        0x0000000010007598        0x0
 .rel.iplt      0x0000000010007598        0x0 /opt/gcc-arm-none-eabi-9-2020-q2-update/bin/../lib/gcc/arm-none-eabi/9.3.1/thumb/v6-m/nofp/crtbegin.o

.ARM.extab
 *(.ARM.extab* .gnu.linkonce.armextab.*)
                0x0000000010007598                __exidx_start = .

.ARM.exidx
 *(.ARM.exidx* .gnu.linkonce.armexidx.*)
                0x0000000010007598                __exidx_end = .
                0x0000000010007598                . = ALIGN (0x4)
                0x0000000010007598                __binary_info_start = .

.binary_info    0x0000000010007598       0x20
 *(.binary_info.keep.*)
 .binary_info.keep.__bi_ptr22
                0x0000000010007598        0x4 CMakeFiles/PicoESP.dir/home/hexplex0xff/picodev/pico-sdk/src/rp2_common/pico_standard_link/binary_info.c.obj
 .binary_info.keep.__bi_ptr30
                0x000000001000759c        0x4 CMakeFiles/PicoESP.dir/home/hexplex0xff/picodev/pico-sdk/src/rp2_common/pico_standard_link/binary_info.c.obj
 .binary_info.keep.__bi_ptr38
                0x00000000100075a0        0x4 CMakeFiles/PicoESP.dir/home/hexplex0xff/picodev/pico-sdk/src/rp2_common/pico_standard_link/binary_info.c.obj
 .binary_info.keep.__bi_ptr44
                0x00000000100075a4        0x4 CMakeFiles/PicoESP.dir/home/hexplex0xff/picodev/pico-sdk/src/rp2_common/pico_standard_link/binary_info.c.obj
 .binary_info.keep.__bi_ptr50
                0x00000000100075a8        0x4 CMakeFiles/PicoESP.dir/home/hexplex0xff/picodev/pico-sdk/src/rp2_common/pico_standard_link/binary_info.c.obj
 .binary_info.keep.__bi_ptr75
                0x00000000100075ac        0x4 CMakeFiles/PicoESP.dir/home/hexplex0xff/picodev/pico-sdk/src/rp2_common/pico_standard_link/binary_info.c.obj
 .binary_info.keep.__bi_ptr81
                0x00000000100075b0        0x4 CMakeFiles/PicoESP.dir/home/hexplex0xff/picodev/pico-sdk/src/rp2_common/pico_standard_link/binary_info.c.obj
 *(.binary_info.*)
 .binary_info.__bi_ptr93
                0x00000000100075b4        0x4 CMakeFiles/PicoESP.dir/home/hexplex0xff/picodev/pico-sdk/src/rp2_common/pico_stdio_usb/stdio_usb.c.obj
                0x00000000100075b8                __binary_info_end = .
                0x00000000100075b8                . = ALIGN (0x4)
                0x00000000100075b8                __etext = .

.ram_vector_table
                0x0000000020000000       0xc0
 *(.ram_vector_table)
 .ram_vector_table
                0x0000000020000000       0xc0 CMakeFiles/PicoESP.dir/home/hexplex0xff/picodev/pico-sdk/src/rp2_common/pico_runtime/runtime.c.obj
                0x0000000020000000                ram_vector_table

.data           0x00000000200000c0      0x434 load address 0x00000000100075b8
                0x00000000200000c0                __data_start__ = .
 *(vtable)
 *(.time_critical*)
 .time_critical.mutex_enter_blocking
                0x00000000200000c0       0x60 CMakeFiles/PicoESP.dir/home/hexplex0xff/picodev/pico-sdk/src/common/pico_sync/mutex.c.obj
                0x00000000200000c0                mutex_enter_blocking
 .time_critical.mutex_try_enter
                0x0000000020000120       0x5c CMakeFiles/PicoESP.dir/home/hexplex0xff/picodev/pico-sdk/src/common/pico_sync/mutex.c.obj
                0x0000000020000120                mutex_try_enter
 .time_critical.mutex_enter_timeout_ms
                0x000000002000017c       0xb0 CMakeFiles/PicoESP.dir/home/hexplex0xff/picodev/pico-sdk/src/common/pico_sync/mutex.c.obj
                0x000000002000017c                mutex_enter_timeout_ms
 .time_critical.mutex_exit
                0x000000002000022c       0x5c CMakeFiles/PicoESP.dir/home/hexplex0xff/picodev/pico-sdk/src/common/pico_sync/mutex.c.obj
                0x000000002000022c                mutex_exit
 .time_critical.flash_init_boot2_copyout
                0x0000000020000288       0x30 CMakeFiles/PicoESP.dir/home/hexplex0xff/picodev/pico-sdk/src/rp2_common/hardware_flash/flash.c.obj
 .time_critical.flash_enable_xip_via_boot2
                0x00000000200002b8       0x10 CMakeFiles/PicoESP.dir/home/hexplex0xff/picodev/pico-sdk/src/rp2_common/hardware_flash/flash.c.obj
 .time_critical.flash_cs_force
                0x00000000200002c8       0x38 CMakeFiles/PicoESP.dir/home/hexplex0xff/picodev/pico-sdk/src/rp2_common/hardware_flash/flash.c.obj
 .time_critical.flash_do_cmd
                0x0000000020000300       0xa8 CMakeFiles/PicoESP.dir/home/hexplex0xff/picodev/pico-sdk/src/rp2_common/hardware_flash/flash.c.obj
                0x0000000020000300                flash_do_cmd
 *(.text*)
 .text          0x00000000200003a8        0x4 /opt/gcc-arm-none-eabi-9-2020-q2-update/bin/../lib/gcc/arm-none-eabi/9.3.1/thumb/v6-m/nofp/libgcc.a(_dvmd_tls.o)
                0x00000000200003a8                __aeabi_ldiv0
                0x00000000200003a8                __aeabi_idiv0
 *fill*         0x00000000200003ac        0x4 
 .text.__stub   0x00000000200003b0       0x40 linker stubs
                0x00000000200003f0                . = ALIGN (0x4)
 *(.rodata*)
                0x00000000200003f0                . = ALIGN (0x4)
 *(.data*)
 .data.channel_default_value
                0x00000000200003f0        0x4 CMakeFiles/PicoESP.dir/PicoWebServer.cpp.obj
                0x00000000200003f0                channel_default_value
 .data.sigPin   0x00000000200003f4        0x4 CMakeFiles/PicoESP.dir/PicoWebServer.cpp.obj
                0x00000000200003f4                sigPin
 .data.state    0x00000000200003f8        0x1 CMakeFiles/PicoESP.dir/PicoWebServer.cpp.obj
                0x00000000200003f8                state
 .data.striped_spin_lock_num
                0x00000000200003f9        0x1 CMakeFiles/PicoESP.dir/home/hexplex0xff/picodev/pico-sdk/src/rp2_common/hardware_sync/sync.c.obj
 *fill*         0x00000000200003fa        0x2 
 .data.default_alarm_pool
                0x00000000200003fc       0x18 CMakeFiles/PicoESP.dir/home/hexplex0xff/picodev/pico-sdk/src/common/pico_time/time.c.obj
 .data.default_alarm_pool_heap
                0x0000000020000414       0x10 CMakeFiles/PicoESP.dir/home/hexplex0xff/picodev/pico-sdk/src/common/pico_time/time.c.obj
 .data          0x0000000020000424       0x48 CMakeFiles/PicoESP.dir/home/hexplex0xff/picodev/pico-sdk/src/rp2_common/hardware_irq/irq_handler_chain.S.obj
                0x0000000020000424                irq_handler_chain_slots
                0x0000000020000454                irq_handler_chain_first_slot
                0x000000002000045e                irq_handler_chain_remove_tail
 *fill*         0x000000002000046c        0x4 
 .data.aeabi_bits_funcs
                0x0000000020000470       0x10 CMakeFiles/PicoESP.dir/home/hexplex0xff/picodev/pico-sdk/src/rp2_common/pico_bit_ops/bit_ops_aeabi.S.obj
                0x0000000020000470                aeabi_bits_funcs
                0x0000000020000480                aeabi_bits_funcs_end
 .data.aeabi_mem_funcs
                0x0000000020000480       0x10 CMakeFiles/PicoESP.dir/home/hexplex0xff/picodev/pico-sdk/src/rp2_common/pico_mem_ops/mem_ops_aeabi.S.obj
                0x0000000020000480                aeabi_mem_funcs
                0x0000000020000490                aeabi_mem_funcs_end
 .data.stdio_usb
                0x0000000020000490       0x14 CMakeFiles/PicoESP.dir/home/hexplex0xff/picodev/pico-sdk/src/rp2_common/pico_stdio_usb/stdio_usb.c.obj
                0x0000000020000490                stdio_usb
 .data.ep_dir_string
                0x00000000200004a4        0x8 CMakeFiles/PicoESP.dir/home/hexplex0xff/picodev/pico-sdk/lib/tinyusb/src/portable/raspberrypi/rp2040/rp2040_usb.c.obj
                0x00000000200004a4                ep_dir_string
 .data._usbd_qdef
                0x00000000200004ac       0x24 CMakeFiles/PicoESP.dir/home/hexplex0xff/picodev/pico-sdk/lib/tinyusb/src/device/usbd.c.obj
                0x00000000200004ac                _usbd_qdef
                0x00000000200004d0                . = ALIGN (0x4)
 *(.after_data.*)
                0x00000000200004d0                . = ALIGN (0x4)
                0x00000000200004d0                PROVIDE (__mutex_array_start = .)
 *(SORT_BY_NAME(.mutex_array.*))
 *(.mutex_array)
 .mutex_array   0x00000000200004d0        0x8 CMakeFiles/PicoESP.dir/home/hexplex0xff/picodev/pico-sdk/src/rp2_common/pico_stdio/stdio.c.obj
                0x00000000200004d8                PROVIDE (__mutex_array_end = .)
                0x00000000200004d8                . = ALIGN (0x4)
                0x00000000200004d8                PROVIDE (__preinit_array_start = .)
 *(SORT_BY_NAME(.preinit_array.*))
 .preinit_array.00001
                0x00000000200004d8        0x4 CMakeFiles/PicoESP.dir/home/hexplex0xff/picodev/pico-sdk/src/rp2_common/pico_mem_ops/mem_ops_aeabi.S.obj
 .preinit_array.00010
                0x00000000200004dc        0x4 CMakeFiles/PicoESP.dir/home/hexplex0xff/picodev/pico-sdk/src/rp2_common/pico_bit_ops/bit_ops_aeabi.S.obj
 .preinit_array.00020
                0x00000000200004e0        0x4 CMakeFiles/PicoESP.dir/home/hexplex0xff/picodev/pico-sdk/src/rp2_common/pico_double/double_aeabi.S.obj
 .preinit_array.00020
                0x00000000200004e4        0x4 CMakeFiles/PicoESP.dir/home/hexplex0xff/picodev/pico-sdk/src/rp2_common/pico_float/float_aeabi.S.obj
 *(.preinit_array)
                0x00000000200004e8                PROVIDE (__preinit_array_end = .)
                0x00000000200004e8                . = ALIGN (0x4)
                0x00000000200004e8                PROVIDE (__init_array_start = .)
 *(SORT_BY_NAME(.init_array.*))
 *(.init_array)
 .init_array    0x00000000200004e8        0x4 /opt/gcc-arm-none-eabi-9-2020-q2-update/bin/../lib/gcc/arm-none-eabi/9.3.1/thumb/v6-m/nofp/crtbegin.o
 .init_array    0x00000000200004ec        0x4 CMakeFiles/PicoESP.dir/PicoWebServer.cpp.obj
 .init_array    0x00000000200004f0        0x4 CMakeFiles/PicoESP.dir/home/hexplex0xff/picodev/pico-sdk/src/rp2_common/pico_unique_id/unique_id.c.obj
                0x00000000200004f4                PROVIDE (__init_array_end = .)
                0x00000000200004f4                . = ALIGN (0x4)
                [!provide]                        PROVIDE (__fini_array_start = .)
 *(SORT_BY_NAME(.fini_array.*))
 *(.fini_array)
                [!provide]                        PROVIDE (__fini_array_end = .)
 *(.jcr)
                0x00000000200004f4                . = ALIGN (0x4)
                0x00000000200004f4                __data_end__ = .

.igot.plt       0x00000000200004f4        0x0 load address 0x00000000100079ec
 .igot.plt      0x00000000200004f4        0x0 /opt/gcc-arm-none-eabi-9-2020-q2-update/bin/../lib/gcc/arm-none-eabi/9.3.1/thumb/v6-m/nofp/crtbegin.o

.uninitialized_data
                0x00000000200004f4        0x0 load address 0x00000000100079ec
                0x00000000200004f4                . = ALIGN (0x4)
 *(.uninitialized_data*)

.scratch_x      0x0000000020040000        0x0 load address 0x00000000100079ec
                0x0000000020040000                __scratch_x_start__ = .
 *(.scratch_x.*)
                0x0000000020040000                . = ALIGN (0x4)
                0x0000000020040000                __scratch_x_end__ = .
                0x00000000100079ec                __scratch_x_source__ = LOADADDR (.scratch_x)

.scratch_y      0x0000000020041000        0x0 load address 0x00000000100079ec
                0x0000000020041000                __scratch_y_start__ = .
 *(.scratch_y.*)
                0x0000000020041000                . = ALIGN (0x4)
                0x0000000020041000                __scratch_y_end__ = .
                0x00000000100079ec                __scratch_y_source__ = LOADADDR (.scratch_y)

.bss            0x00000000200004f8      0xdc8
                0x00000000200004f8                . = ALIGN (0x4)
                0x00000000200004f8                __bss_start__ = .
 *(SORT_BY_ALIGNMENT(SORT_BY_NAME(.bss*)))
 .bss.calc_rest
                0x00000000200004f8        0x8 CMakeFiles/PicoESP.dir/PicoWebServer.cpp.obj
                0x00000000200004f8                calc_rest
 .bss.cur_chan_numb
                0x0000000020000500        0x8 CMakeFiles/PicoESP.dir/PicoWebServer.cpp.obj
                0x0000000020000500                cur_chan_numb
 .bss.default_alarm_pool_entries
                0x0000000020000508      0x100 CMakeFiles/PicoESP.dir/home/hexplex0xff/picodev/pico-sdk/src/common/pico_time/time.c.obj
 .bss.last_avail_time.7112
                0x0000000020000608        0x8 CMakeFiles/PicoESP.dir/home/hexplex0xff/picodev/pico-sdk/src/rp2_common/pico_stdio_usb/stdio_usb.c.obj
 .bss.ppm       0x0000000020000610       0x30 CMakeFiles/PicoESP.dir/PicoWebServer.cpp.obj
                0x0000000020000610                ppm
 .bss.time_called
                0x0000000020000640        0x8 CMakeFiles/PicoESP.dir/PicoWebServer.cpp.obj
                0x0000000020000640                time_called
 .bss.time_started
                0x0000000020000648        0x8 CMakeFiles/PicoESP.dir/PicoWebServer.cpp.obj
                0x0000000020000648                time_started
 .bss.time_taken
                0x0000000020000650        0x8 CMakeFiles/PicoESP.dir/PicoWebServer.cpp.obj
                0x0000000020000650                time_taken
 .bss           0x0000000020000658       0x1c /opt/gcc-arm-none-eabi-9-2020-q2-update/bin/../lib/gcc/arm-none-eabi/9.3.1/thumb/v6-m/nofp/crtbegin.o
 .bss._app_driver
                0x0000000020000674        0x4 CMakeFiles/PicoESP.dir/home/hexplex0xff/picodev/pico-sdk/lib/tinyusb/src/device/usbd.c.obj
 .bss._cdcd_itf
                0x0000000020000678      0x2d8 CMakeFiles/PicoESP.dir/home/hexplex0xff/picodev/pico-sdk/lib/tinyusb/src/class/cdc/cdc_device.c.obj
 .bss._ctrl_xfer
                0x0000000020000950       0x14 CMakeFiles/PicoESP.dir/home/hexplex0xff/picodev/pico-sdk/lib/tinyusb/src/device/usbd_control.c.obj
 .bss._ubsd_mutexdef
                0x0000000020000964        0x8 CMakeFiles/PicoESP.dir/home/hexplex0xff/picodev/pico-sdk/lib/tinyusb/src/device/usbd.c.obj
 .bss._usbd_ctrl_buf
                0x000000002000096c       0x40 CMakeFiles/PicoESP.dir/home/hexplex0xff/picodev/pico-sdk/lib/tinyusb/src/device/usbd_control.c.obj
 .bss._usbd_dev
                0x00000000200009ac       0x37 CMakeFiles/PicoESP.dir/home/hexplex0xff/picodev/pico-sdk/lib/tinyusb/src/device/usbd.c.obj
 *fill*         0x00000000200009e3        0x1 
 .bss._usbd_mutex
                0x00000000200009e4        0x4 CMakeFiles/PicoESP.dir/home/hexplex0xff/picodev/pico-sdk/lib/tinyusb/src/device/usbd.c.obj
 .bss._usbd_q   0x00000000200009e8        0x4 CMakeFiles/PicoESP.dir/home/hexplex0xff/picodev/pico-sdk/lib/tinyusb/src/device/usbd.c.obj
 .bss.alarm_callbacks
                0x00000000200009ec       0x10 CMakeFiles/PicoESP.dir/home/hexplex0xff/picodev/pico-sdk/src/rp2_common/hardware_timer/timer.c.obj
 .bss.boot2_copyout
                0x00000000200009fc      0x100 CMakeFiles/PicoESP.dir/home/hexplex0xff/picodev/pico-sdk/src/rp2_common/hardware_flash/flash.c.obj
 .bss.claimed   0x0000000020000afc        0x4 CMakeFiles/PicoESP.dir/home/hexplex0xff/picodev/pico-sdk/src/rp2_common/hardware_sync/sync.c.obj
 .bss.computed_trans_time
                0x0000000020000b00        0x4 CMakeFiles/PicoESP.dir/PicoWebServer.cpp.obj
                0x0000000020000b00                computed_trans_time
 .bss.configured_freq
                0x0000000020000b04       0x28 CMakeFiles/PicoESP.dir/home/hexplex0xff/picodev/pico-sdk/src/rp2_common/hardware_clocks/clocks.c.obj
 .bss.default_alarm_pool_entry_ids_high
                0x0000000020000b2c       0x10 CMakeFiles/PicoESP.dir/home/hexplex0xff/picodev/pico-sdk/src/common/pico_time/time.c.obj
 .bss.default_alarm_pool_heap_nodes
                0x0000000020000b3c       0x30 CMakeFiles/PicoESP.dir/home/hexplex0xff/picodev/pico-sdk/src/common/pico_time/time.c.obj
 .bss.desc_str.7016
                0x0000000020000b6c       0x28 CMakeFiles/PicoESP.dir/home/hexplex0xff/picodev/pico-sdk/src/rp2_common/pico_stdio_usb/stdio_usb_descriptors.c.obj
 .bss.drivers   0x0000000020000b94        0x4 CMakeFiles/PicoESP.dir/home/hexplex0xff/picodev/pico-sdk/src/rp2_common/pico_stdio/stdio.c.obj
 .bss.filter    0x0000000020000b98        0x4 CMakeFiles/PicoESP.dir/home/hexplex0xff/picodev/pico-sdk/src/rp2_common/pico_stdio/stdio.c.obj
 .bss.hw_endpoints
                0x0000000020000b9c      0x400 CMakeFiles/PicoESP.dir/home/hexplex0xff/picodev/pico-sdk/lib/tinyusb/src/portable/raspberrypi/rp2040/dcd_rp2040.c.obj
 .bss.lazy_vsnprintf
                0x0000000020000f9c        0x4 CMakeFiles/PicoESP.dir/home/hexplex0xff/picodev/pico-sdk/src/rp2_common/pico_printf/printf.c.obj
 .bss.load_value
                0x0000000020000fa0        0x4 CMakeFiles/PicoESP.dir/home/hexplex0xff/picodev/pico-sdk/src/rp2_common/hardware_watchdog/watchdog.c.obj
 .bss.next_buffer_ptr
                0x0000000020000fa4        0x4 CMakeFiles/PicoESP.dir/home/hexplex0xff/picodev/pico-sdk/lib/tinyusb/src/portable/raspberrypi/rp2040/dcd_rp2040.c.obj
 .bss.pools     0x0000000020000fa8       0x10 CMakeFiles/PicoESP.dir/home/hexplex0xff/picodev/pico-sdk/src/common/pico_time/time.c.obj
 .bss.ppmObj    0x0000000020000fb8        0x1 CMakeFiles/PicoESP.dir/PicoWebServer.cpp.obj
                0x0000000020000fb8                ppmObj
 *fill*         0x0000000020000fb9        0x3 
 .bss.retrieved_id
                0x0000000020000fbc        0x8 CMakeFiles/PicoESP.dir/home/hexplex0xff/picodev/pico-sdk/src/rp2_common/pico_unique_id/unique_id.c.obj
 .bss.sleep_notifier
                0x0000000020000fc4        0x4 CMakeFiles/PicoESP.dir/home/hexplex0xff/picodev/pico-sdk/src/common/pico_time/time.c.obj
 .bss.stdio_usb_mutex
                0x0000000020000fc8        0x8 CMakeFiles/PicoESP.dir/home/hexplex0xff/picodev/pico-sdk/src/rp2_common/pico_stdio_usb/stdio_usb.c.obj
 .bss.target_hi
                0x0000000020000fd0       0x10 CMakeFiles/PicoESP.dir/home/hexplex0xff/picodev/pico-sdk/src/rp2_common/hardware_timer/timer.c.obj
 .bss.usbd_serial_str
                0x0000000020000fe0       0x11 CMakeFiles/PicoESP.dir/home/hexplex0xff/picodev/pico-sdk/src/rp2_common/pico_stdio_usb/stdio_usb_descriptors.c.obj
 .bss._app_driver_count
                0x0000000020000ff1        0x1 CMakeFiles/PicoESP.dir/home/hexplex0xff/picodev/pico-sdk/lib/tinyusb/src/device/usbd.c.obj
 .bss._usbd_initialized
                0x0000000020000ff2        0x1 CMakeFiles/PicoESP.dir/home/hexplex0xff/picodev/pico-sdk/lib/tinyusb/src/device/usbd.c.obj
 .bss.boot2_copyout_valid
                0x0000000020000ff3        0x1 CMakeFiles/PicoESP.dir/home/hexplex0xff/picodev/pico-sdk/src/rp2_common/hardware_flash/flash.c.obj
 .bss.claimed   0x0000000020000ff4        0x1 CMakeFiles/PicoESP.dir/home/hexplex0xff/picodev/pico-sdk/src/rp2_common/hardware_timer/timer.c.obj
 .bss.irq_hander_chain_free_slot_head
                0x0000000020000ff5        0x1 CMakeFiles/PicoESP.dir/home/hexplex0xff/picodev/pico-sdk/src/rp2_common/hardware_irq/irq.c.obj
 .bss.itf_num   0x0000000020000ff6        0x1 CMakeFiles/PicoESP.dir/home/hexplex0xff/picodev/pico-sdk/src/rp2_common/pico_stdio_usb/reset_interface.c.obj
 .bss.timer_callbacks_pending
                0x0000000020000ff7        0x1 CMakeFiles/PicoESP.dir/home/hexplex0xff/picodev/pico-sdk/src/rp2_common/hardware_timer/timer.c.obj
 *(COMMON)
 COMMON         0x0000000020000ff8        0x4 CMakeFiles/PicoESP.dir/home/hexplex0xff/picodev/pico-sdk/src/rp2_common/hardware_uart/uart.c.obj
                0x0000000020000ff8                uart_char_to_line_feed
 COMMON         0x0000000020000ffc      0x100 CMakeFiles/PicoESP.dir/home/hexplex0xff/picodev/pico-sdk/src/rp2_common/pico_double/double_init_rom.c.obj
                0x0000000020000ffc                sd_table
 COMMON         0x00000000200010fc      0x104 CMakeFiles/PicoESP.dir/home/hexplex0xff/picodev/pico-sdk/src/rp2_common/pico_float/float_init_rom.c.obj
                0x00000000200010fc                sf_table
                0x00000000200011fc                sf_clz_func
 COMMON         0x0000000020001200       0xc0 CMakeFiles/PicoESP.dir/home/hexplex0xff/picodev/pico-sdk/lib/tinyusb/src/device/usbd.c.obj
                0x0000000020001200                _usbd_qdef_buf
                0x00000000200012c0                . = ALIGN (0x4)
                0x00000000200012c0                __bss_end__ = .

.heap           0x00000000200012c0      0x800
                0x00000000200012c0                __end__ = .
                0x00000000200012c0                end = __end__
 *(.heap*)
 .heap          0x00000000200012c0      0x800 CMakeFiles/PicoESP.dir/home/hexplex0xff/picodev/pico-sdk/src/rp2_common/pico_standard_link/crt0.S.obj
                0x0000000020001ac0                __HeapLimit = .

.stack1_dummy   0x0000000020040000        0x0
 *(.stack1*)

.stack_dummy    0x0000000020041000      0x800
 *(.stack*)
 .stack         0x0000000020041000      0x800 CMakeFiles/PicoESP.dir/home/hexplex0xff/picodev/pico-sdk/src/rp2_common/pico_standard_link/crt0.S.obj

.flash_end      0x00000000100079ec        0x0
                0x00000000100079ec                __flash_binary_end = .
                0x0000000020040000                __StackLimit = (ORIGIN (RAM) + LENGTH (RAM))
                0x0000000020041000                __StackOneTop = (ORIGIN (SCRATCH_X) + LENGTH (SCRATCH_X))
                0x0000000020042000                __StackTop = (ORIGIN (SCRATCH_Y) + LENGTH (SCRATCH_Y))
                0x0000000020041000                __StackOneBottom = (__StackOneTop - SIZEOF (.stack1_dummy))
                0x0000000020041800                __StackBottom = (__StackTop - SIZEOF (.stack_dummy))
                0x0000000020042000                PROVIDE (__stack = __StackTop)
                0x0000000000000001                ASSERT ((__StackLimit >= __HeapLimit), region RAM overflowed)
                0x0000000000000001                ASSERT (((__binary_info_header_end - __logical_binary_start) <= 0x100), Binary info must be in first 256 bytes of the binary)
LOAD CMakeFiles/PicoESP.dir/PicoWebServer.cpp.obj
LOAD CMakeFiles/PicoESP.dir/home/hexplex0xff/picodev/pico-sdk/src/rp2_common/pico_stdlib/stdlib.c.obj
LOAD CMakeFiles/PicoESP.dir/home/hexplex0xff/picodev/pico-sdk/src/rp2_common/hardware_gpio/gpio.c.obj
LOAD CMakeFiles/PicoESP.dir/home/hexplex0xff/picodev/pico-sdk/src/rp2_common/hardware_claim/claim.c.obj
LOAD CMakeFiles/PicoESP.dir/home/hexplex0xff/picodev/pico-sdk/src/rp2_common/pico_platform/platform.c.obj
LOAD CMakeFiles/PicoESP.dir/home/hexplex0xff/picodev/pico-sdk/src/rp2_common/hardware_sync/sync.c.obj
LOAD CMakeFiles/PicoESP.dir/home/hexplex0xff/picodev/pico-sdk/src/rp2_common/hardware_uart/uart.c.obj
LOAD CMakeFiles/PicoESP.dir/home/hexplex0xff/picodev/pico-sdk/src/rp2_common/hardware_divider/divider.S.obj
LOAD CMakeFiles/PicoESP.dir/home/hexplex0xff/picodev/pico-sdk/src/common/pico_time/time.c.obj
LOAD CMakeFiles/PicoESP.dir/home/hexplex0xff/picodev/pico-sdk/src/common/pico_time/timeout_helper.c.obj
LOAD CMakeFiles/PicoESP.dir/home/hexplex0xff/picodev/pico-sdk/src/rp2_common/hardware_timer/timer.c.obj
LOAD CMakeFiles/PicoESP.dir/home/hexplex0xff/picodev/pico-sdk/src/common/pico_sync/sem.c.obj
LOAD CMakeFiles/PicoESP.dir/home/hexplex0xff/picodev/pico-sdk/src/common/pico_sync/lock_core.c.obj
LOAD CMakeFiles/PicoESP.dir/home/hexplex0xff/picodev/pico-sdk/src/common/pico_sync/mutex.c.obj
LOAD CMakeFiles/PicoESP.dir/home/hexplex0xff/picodev/pico-sdk/src/common/pico_sync/critical_section.c.obj
LOAD CMakeFiles/PicoESP.dir/home/hexplex0xff/picodev/pico-sdk/src/common/pico_util/datetime.c.obj
LOAD CMakeFiles/PicoESP.dir/home/hexplex0xff/picodev/pico-sdk/src/common/pico_util/pheap.c.obj
LOAD CMakeFiles/PicoESP.dir/home/hexplex0xff/picodev/pico-sdk/src/common/pico_util/queue.c.obj
LOAD CMakeFiles/PicoESP.dir/home/hexplex0xff/picodev/pico-sdk/src/rp2_common/pico_runtime/runtime.c.obj
LOAD CMakeFiles/PicoESP.dir/home/hexplex0xff/picodev/pico-sdk/src/rp2_common/hardware_clocks/clocks.c.obj
LOAD CMakeFiles/PicoESP.dir/home/hexplex0xff/picodev/pico-sdk/src/rp2_common/hardware_irq/irq.c.obj
LOAD CMakeFiles/PicoESP.dir/home/hexplex0xff/picodev/pico-sdk/src/rp2_common/hardware_irq/irq_handler_chain.S.obj
LOAD CMakeFiles/PicoESP.dir/home/hexplex0xff/picodev/pico-sdk/src/rp2_common/hardware_pll/pll.c.obj
LOAD CMakeFiles/PicoESP.dir/home/hexplex0xff/picodev/pico-sdk/src/rp2_common/hardware_vreg/vreg.c.obj
LOAD CMakeFiles/PicoESP.dir/home/hexplex0xff/picodev/pico-sdk/src/rp2_common/hardware_watchdog/watchdog.c.obj
LOAD CMakeFiles/PicoESP.dir/home/hexplex0xff/picodev/pico-sdk/src/rp2_common/hardware_xosc/xosc.c.obj
LOAD CMakeFiles/PicoESP.dir/home/hexplex0xff/picodev/pico-sdk/src/rp2_common/pico_printf/printf.c.obj
LOAD CMakeFiles/PicoESP.dir/home/hexplex0xff/picodev/pico-sdk/src/rp2_common/pico_bit_ops/bit_ops_aeabi.S.obj
LOAD CMakeFiles/PicoESP.dir/home/hexplex0xff/picodev/pico-sdk/src/rp2_common/pico_bootrom/bootrom.c.obj
LOAD CMakeFiles/PicoESP.dir/home/hexplex0xff/picodev/pico-sdk/src/rp2_common/pico_divider/divider.S.obj
LOAD CMakeFiles/PicoESP.dir/home/hexplex0xff/picodev/pico-sdk/src/rp2_common/pico_double/double_aeabi.S.obj
LOAD CMakeFiles/PicoESP.dir/home/hexplex0xff/picodev/pico-sdk/src/rp2_common/pico_double/double_init_rom.c.obj
LOAD CMakeFiles/PicoESP.dir/home/hexplex0xff/picodev/pico-sdk/src/rp2_common/pico_double/double_math.c.obj
LOAD CMakeFiles/PicoESP.dir/home/hexplex0xff/picodev/pico-sdk/src/rp2_common/pico_double/double_v1_rom_shim.S.obj
LOAD CMakeFiles/PicoESP.dir/home/hexplex0xff/picodev/pico-sdk/src/rp2_common/pico_int64_ops/pico_int64_ops_aeabi.S.obj
LOAD CMakeFiles/PicoESP.dir/home/hexplex0xff/picodev/pico-sdk/src/rp2_common/pico_float/float_aeabi.S.obj
LOAD CMakeFiles/PicoESP.dir/home/hexplex0xff/picodev/pico-sdk/src/rp2_common/pico_float/float_init_rom.c.obj
LOAD CMakeFiles/PicoESP.dir/home/hexplex0xff/picodev/pico-sdk/src/rp2_common/pico_float/float_math.c.obj
LOAD CMakeFiles/PicoESP.dir/home/hexplex0xff/picodev/pico-sdk/src/rp2_common/pico_float/float_v1_rom_shim.S.obj
LOAD CMakeFiles/PicoESP.dir/home/hexplex0xff/picodev/pico-sdk/src/rp2_common/pico_malloc/pico_malloc.c.obj
LOAD CMakeFiles/PicoESP.dir/home/hexplex0xff/picodev/pico-sdk/src/rp2_common/pico_mem_ops/mem_ops_aeabi.S.obj
LOAD CMakeFiles/PicoESP.dir/home/hexplex0xff/picodev/pico-sdk/src/rp2_common/pico_standard_link/crt0.S.obj
LOAD CMakeFiles/PicoESP.dir/home/hexplex0xff/picodev/pico-sdk/src/rp2_common/pico_standard_link/new_delete.cpp.obj
LOAD CMakeFiles/PicoESP.dir/home/hexplex0xff/picodev/pico-sdk/src/rp2_common/pico_standard_link/binary_info.c.obj
LOAD CMakeFiles/PicoESP.dir/home/hexplex0xff/picodev/pico-sdk/src/rp2_common/pico_stdio/stdio.c.obj
LOAD CMakeFiles/PicoESP.dir/home/hexplex0xff/picodev/pico-sdk/src/rp2_common/pico_stdio_usb/reset_interface.c.obj
LOAD CMakeFiles/PicoESP.dir/home/hexplex0xff/picodev/pico-sdk/src/rp2_common/pico_stdio_usb/stdio_usb.c.obj
LOAD CMakeFiles/PicoESP.dir/home/hexplex0xff/picodev/pico-sdk/src/rp2_common/pico_stdio_usb/stdio_usb_descriptors.c.obj
LOAD CMakeFiles/PicoESP.dir/home/hexplex0xff/picodev/pico-sdk/lib/tinyusb/src/portable/raspberrypi/rp2040/dcd_rp2040.c.obj
LOAD CMakeFiles/PicoESP.dir/home/hexplex0xff/picodev/pico-sdk/lib/tinyusb/src/portable/raspberrypi/rp2040/rp2040_usb.c.obj
LOAD CMakeFiles/PicoESP.dir/home/hexplex0xff/picodev/pico-sdk/lib/tinyusb/src/device/usbd.c.obj
LOAD CMakeFiles/PicoESP.dir/home/hexplex0xff/picodev/pico-sdk/lib/tinyusb/src/device/usbd_control.c.obj
LOAD CMakeFiles/PicoESP.dir/home/hexplex0xff/picodev/pico-sdk/lib/tinyusb/src/class/audio/audio_device.c.obj
LOAD CMakeFiles/PicoESP.dir/home/hexplex0xff/picodev/pico-sdk/lib/tinyusb/src/class/cdc/cdc_device.c.obj
LOAD CMakeFiles/PicoESP.dir/home/hexplex0xff/picodev/pico-sdk/lib/tinyusb/src/class/dfu/dfu_device.c.obj
LOAD CMakeFiles/PicoESP.dir/home/hexplex0xff/picodev/pico-sdk/lib/tinyusb/src/class/dfu/dfu_rt_device.c.obj
LOAD CMakeFiles/PicoESP.dir/home/hexplex0xff/picodev/pico-sdk/lib/tinyusb/src/class/hid/hid_device.c.obj
LOAD CMakeFiles/PicoESP.dir/home/hexplex0xff/picodev/pico-sdk/lib/tinyusb/src/class/midi/midi_device.c.obj
LOAD CMakeFiles/PicoESP.dir/home/hexplex0xff/picodev/pico-sdk/lib/tinyusb/src/class/msc/msc_device.c.obj
LOAD CMakeFiles/PicoESP.dir/home/hexplex0xff/picodev/pico-sdk/lib/tinyusb/src/class/net/net_device.c.obj
LOAD CMakeFiles/PicoESP.dir/home/hexplex0xff/picodev/pico-sdk/lib/tinyusb/src/class/usbtmc/usbtmc_device.c.obj
LOAD CMakeFiles/PicoESP.dir/home/hexplex0xff/picodev/pico-sdk/lib/tinyusb/src/class/vendor/vendor_device.c.obj
LOAD CMakeFiles/PicoESP.dir/home/hexplex0xff/picodev/pico-sdk/lib/tinyusb/src/tusb.c.obj
LOAD CMakeFiles/PicoESP.dir/home/hexplex0xff/picodev/pico-sdk/lib/tinyusb/src/common/tusb_fifo.c.obj
LOAD CMakeFiles/PicoESP.dir/home/hexplex0xff/picodev/pico-sdk/src/rp2_common/pico_fix/rp2040_usb_device_enumeration/rp2040_usb_device_enumeration.c.obj
LOAD CMakeFiles/PicoESP.dir/home/hexplex0xff/picodev/pico-sdk/src/rp2_common/pico_unique_id/unique_id.c.obj
LOAD CMakeFiles/PicoESP.dir/home/hexplex0xff/picodev/pico-sdk/src/rp2_common/hardware_flash/flash.c.obj
LOAD /tmp/ccZEaD2b.o
LOAD /opt/gcc-arm-none-eabi-9-2020-q2-update/bin/../lib/gcc/arm-none-eabi/9.3.1/../../../../arm-none-eabi/lib/thumb/v6-m/nofp/libstdc++.a
LOAD /opt/gcc-arm-none-eabi-9-2020-q2-update/bin/../lib/gcc/arm-none-eabi/9.3.1/../../../../arm-none-eabi/lib/thumb/v6-m/nofp/libm.a
START GROUP
LOAD /opt/gcc-arm-none-eabi-9-2020-q2-update/bin/../lib/gcc/arm-none-eabi/9.3.1/thumb/v6-m/nofp/libgcc.a
LOAD /opt/gcc-arm-none-eabi-9-2020-q2-update/bin/../lib/gcc/arm-none-eabi/9.3.1/../../../../arm-none-eabi/lib/thumb/v6-m/nofp/libc.a
END GROUP
START GROUP
LOAD /opt/gcc-arm-none-eabi-9-2020-q2-update/bin/../lib/gcc/arm-none-eabi/9.3.1/thumb/v6-m/nofp/libgcc.a
LOAD /opt/gcc-arm-none-eabi-9-2020-q2-update/bin/../lib/gcc/arm-none-eabi/9.3.1/../../../../arm-none-eabi/lib/thumb/v6-m/nofp/libc.a
LOAD /opt/gcc-arm-none-eabi-9-2020-q2-update/bin/../lib/gcc/arm-none-eabi/9.3.1/../../../../arm-none-eabi/lib/thumb/v6-m/nofp/libnosys.a
END GROUP
LOAD /opt/gcc-arm-none-eabi-9-2020-q2-update/bin/../lib/gcc/arm-none-eabi/9.3.1/thumb/v6-m/nofp/crtend.o
LOAD /opt/gcc-arm-none-eabi-9-2020-q2-update/bin/../lib/gcc/arm-none-eabi/9.3.1/thumb/v6-m/nofp/crtn.o
OUTPUT(PicoESP.elf elf32-littlearm)
LOAD linker stubs

.ARM.attributes
                0x0000000000000000       0x28
 .ARM.attributes
                0x0000000000000000       0x1e /opt/gcc-arm-none-eabi-9-2020-q2-update/bin/../lib/gcc/arm-none-eabi/9.3.1/thumb/v6-m/nofp/crti.o
 .ARM.attributes
                0x000000000000001e       0x2c /opt/gcc-arm-none-eabi-9-2020-q2-update/bin/../lib/gcc/arm-none-eabi/9.3.1/thumb/v6-m/nofp/crtbegin.o
 .ARM.attributes
                0x000000000000004a       0x2c CMakeFiles/PicoESP.dir/PicoWebServer.cpp.obj
 .ARM.attributes
                0x0000000000000076       0x2c CMakeFiles/PicoESP.dir/home/hexplex0xff/picodev/pico-sdk/src/rp2_common/hardware_gpio/gpio.c.obj
 .ARM.attributes
                0x00000000000000a2       0x2c CMakeFiles/PicoESP.dir/home/hexplex0xff/picodev/pico-sdk/src/rp2_common/hardware_claim/claim.c.obj
 .ARM.attributes
                0x00000000000000ce       0x2c CMakeFiles/PicoESP.dir/home/hexplex0xff/picodev/pico-sdk/src/rp2_common/pico_platform/platform.c.obj
 .ARM.attributes
                0x00000000000000fa       0x2c CMakeFiles/PicoESP.dir/home/hexplex0xff/picodev/pico-sdk/src/rp2_common/hardware_sync/sync.c.obj
 .ARM.attributes
                0x0000000000000126       0x2c CMakeFiles/PicoESP.dir/home/hexplex0xff/picodev/pico-sdk/src/rp2_common/hardware_uart/uart.c.obj
 .ARM.attributes
                0x0000000000000152       0x2c CMakeFiles/PicoESP.dir/home/hexplex0xff/picodev/pico-sdk/src/common/pico_time/time.c.obj
 .ARM.attributes
                0x000000000000017e       0x2c CMakeFiles/PicoESP.dir/home/hexplex0xff/picodev/pico-sdk/src/rp2_common/hardware_timer/timer.c.obj
 .ARM.attributes
                0x00000000000001aa       0x2c CMakeFiles/PicoESP.dir/home/hexplex0xff/picodev/pico-sdk/src/common/pico_sync/lock_core.c.obj
 .ARM.attributes
                0x00000000000001d6       0x2c CMakeFiles/PicoESP.dir/home/hexplex0xff/picodev/pico-sdk/src/common/pico_sync/mutex.c.obj
 .ARM.attributes
                0x0000000000000202       0x2c CMakeFiles/PicoESP.dir/home/hexplex0xff/picodev/pico-sdk/src/common/pico_sync/critical_section.c.obj
 .ARM.attributes
                0x000000000000022e       0x2c CMakeFiles/PicoESP.dir/home/hexplex0xff/picodev/pico-sdk/src/common/pico_util/pheap.c.obj
 .ARM.attributes
                0x000000000000025a       0x2c CMakeFiles/PicoESP.dir/home/hexplex0xff/picodev/pico-sdk/src/rp2_common/pico_runtime/runtime.c.obj
 .ARM.attributes
                0x0000000000000286       0x2c CMakeFiles/PicoESP.dir/home/hexplex0xff/picodev/pico-sdk/src/rp2_common/hardware_clocks/clocks.c.obj
 .ARM.attributes
                0x00000000000002b2       0x2c CMakeFiles/PicoESP.dir/home/hexplex0xff/picodev/pico-sdk/src/rp2_common/hardware_irq/irq.c.obj
 .ARM.attributes
                0x00000000000002de       0x22 CMakeFiles/PicoESP.dir/home/hexplex0xff/picodev/pico-sdk/src/rp2_common/hardware_irq/irq_handler_chain.S.obj
 .ARM.attributes
                0x0000000000000300       0x2c CMakeFiles/PicoESP.dir/home/hexplex0xff/picodev/pico-sdk/src/rp2_common/hardware_pll/pll.c.obj
 .ARM.attributes
                0x000000000000032c       0x2c CMakeFiles/PicoESP.dir/home/hexplex0xff/picodev/pico-sdk/src/rp2_common/hardware_watchdog/watchdog.c.obj
 .ARM.attributes
                0x0000000000000358       0x2c CMakeFiles/PicoESP.dir/home/hexplex0xff/picodev/pico-sdk/src/rp2_common/hardware_xosc/xosc.c.obj
 .ARM.attributes
                0x0000000000000384       0x2c CMakeFiles/PicoESP.dir/home/hexplex0xff/picodev/pico-sdk/src/rp2_common/pico_printf/printf.c.obj
 .ARM.attributes
                0x00000000000003b0       0x22 CMakeFiles/PicoESP.dir/home/hexplex0xff/picodev/pico-sdk/src/rp2_common/pico_bit_ops/bit_ops_aeabi.S.obj
 .ARM.attributes
                0x00000000000003d2       0x2c CMakeFiles/PicoESP.dir/home/hexplex0xff/picodev/pico-sdk/src/rp2_common/pico_bootrom/bootrom.c.obj
 .ARM.attributes
                0x00000000000003fe       0x22 CMakeFiles/PicoESP.dir/home/hexplex0xff/picodev/pico-sdk/src/rp2_common/pico_divider/divider.S.obj
 .ARM.attributes
                0x0000000000000420       0x22 CMakeFiles/PicoESP.dir/home/hexplex0xff/picodev/pico-sdk/src/rp2_common/pico_double/double_aeabi.S.obj
 .ARM.attributes
                0x0000000000000442       0x2c CMakeFiles/PicoESP.dir/home/hexplex0xff/picodev/pico-sdk/src/rp2_common/pico_double/double_init_rom.c.obj
 .ARM.attributes
                0x000000000000046e       0x22 CMakeFiles/PicoESP.dir/home/hexplex0xff/picodev/pico-sdk/src/rp2_common/pico_double/double_v1_rom_shim.S.obj
 .ARM.attributes
                0x0000000000000490       0x22 CMakeFiles/PicoESP.dir/home/hexplex0xff/picodev/pico-sdk/src/rp2_common/pico_int64_ops/pico_int64_ops_aeabi.S.obj
 .ARM.attributes
                0x00000000000004b2       0x22 CMakeFiles/PicoESP.dir/home/hexplex0xff/picodev/pico-sdk/src/rp2_common/pico_float/float_aeabi.S.obj
 .ARM.attributes
                0x00000000000004d4       0x2c CMakeFiles/PicoESP.dir/home/hexplex0xff/picodev/pico-sdk/src/rp2_common/pico_float/float_init_rom.c.obj
 .ARM.attributes
                0x0000000000000500       0x22 CMakeFiles/PicoESP.dir/home/hexplex0xff/picodev/pico-sdk/src/rp2_common/pico_float/float_v1_rom_shim.S.obj
 .ARM.attributes
                0x0000000000000522       0x22 CMakeFiles/PicoESP.dir/home/hexplex0xff/picodev/pico-sdk/src/rp2_common/pico_mem_ops/mem_ops_aeabi.S.obj
 .ARM.attributes
                0x0000000000000544       0x22 CMakeFiles/PicoESP.dir/home/hexplex0xff/picodev/pico-sdk/src/rp2_common/pico_standard_link/crt0.S.obj
 .ARM.attributes
                0x0000000000000566       0x32 CMakeFiles/PicoESP.dir/home/hexplex0xff/picodev/pico-sdk/src/rp2_common/pico_standard_link/binary_info.c.obj
 .ARM.attributes
                0x0000000000000598       0x2c CMakeFiles/PicoESP.dir/home/hexplex0xff/picodev/pico-sdk/src/rp2_common/pico_stdio/stdio.c.obj
 .ARM.attributes
                0x00000000000005c4       0x2c CMakeFiles/PicoESP.dir/home/hexplex0xff/picodev/pico-sdk/src/rp2_common/pico_stdio_usb/reset_interface.c.obj
 .ARM.attributes
                0x00000000000005f0       0x2c CMakeFiles/PicoESP.dir/home/hexplex0xff/picodev/pico-sdk/src/rp2_common/pico_stdio_usb/stdio_usb.c.obj
 .ARM.attributes
                0x000000000000061c       0x2c CMakeFiles/PicoESP.dir/home/hexplex0xff/picodev/pico-sdk/src/rp2_common/pico_stdio_usb/stdio_usb_descriptors.c.obj
 .ARM.attributes
                0x0000000000000648       0x2c CMakeFiles/PicoESP.dir/home/hexplex0xff/picodev/pico-sdk/lib/tinyusb/src/portable/raspberrypi/rp2040/dcd_rp2040.c.obj